187.136.246.187 - - [20/Sep/2018:10:07:25 -0500] "GET /sureste/supervisor/search.php?dato=36160756 HTTP/1.1" 200 6339 www.mosproyectos.com.mx "https://www.mosproyectos.com.mx/sureste/supervisor/search.php?dato=36160756" "Mozilla/5.0 (Windows NT 10.0; WOW64) AppleWebKit/537.36 (KHTML, like Gecko) Chrome/68.0.3440.106 Safari/537.36" "-"
187.136.246.187 - - [20/Sep/2018:10:07:46 -0500] "GET /sureste/supervisor/search.php?dato=9995188671 HTTP/1.1" 200 6341 www.mosproyectos.com.mx "https://www.mosproyectos.com.mx/sureste/supervisor/search.php?dato=36160756" "Mozilla/5.0 (Windows NT 10.0; WOW64) AppleWebKit/537.36 (KHTML, like Gecko) Chrome/68.0.3440.106 Safari/537.36" "-"
187.136.246.187 - - [20/Sep/2018:10:07:49 -0500] "GET /sureste/supervisor/search.php?dato=9995188671 HTTP/1.1" 200 6341 www.mosproyectos.com.mx "https://www.mosproyectos.com.mx/sureste/supervisor/search.php?dato=9995188671" "Mozilla/5.0 (Windows NT 10.0; WOW64) AppleWebKit/537.36 (KHTML, like Gecko) Chrome/68.0.3440.106 Safari/537.36" "-"
187.190.163.73 - - [20/Sep/2018:10:08:31 -0500] "GET /cbajantes/search.php?dato=55184992 HTTP/1.1" 200 27949 www.mosproyectos.com.mx "https://www.mosproyectos.com.mx/cbajantes/search.php?dato=54837572" "Mozilla/5.0 (Windows NT 6.1; WOW64) AppleWebKit/537.36 (KHTML, like Gecko) Chrome/58.0.2988.0 Safari/537.36" "-"
187.190.163.73 - - [20/Sep/2018:10:08:32 -0500] "GET /os/27312_1.jpg HTTP/1.1" 200 56507 www.mosproyectos.com.mx "https://www.mosproyectos.com.mx/cbajantes/search.php?dato=55184992" "Mozilla/5.0 (Windows NT 6.1; WOW64) AppleWebKit/537.36 (KHTML, like Gecko) Chrome/58.0.2988.0 Safari/537.36" "-"
187.190.163.73 - - [20/Sep/2018:10:08:32 -0500] "GET /os/27312_2.jpg HTTP/1.1" 200 36878 www.mosproyectos.com.mx "https://www.mosproyectos.com.mx/cbajantes/search.php?dato=55184992" "Mozilla/5.0 (Windows NT 6.1; WOW64) AppleWebKit/537.36 (KHTML, like Gecko) Chrome/58.0.2988.0 Safari/537.36" "-"
187.190.163.73 - - [20/Sep/2018:10:08:32 -0500] "GET /os/27312_3.jpg HTTP/1.1" 200 56507 www.mosproyectos.com.mx "https://www.mosproyectos.com.mx/cbajantes/search.php?dato=55184992" "Mozilla/5.0 (Windows NT 6.1; WOW64) AppleWebKit/537.36 (KHTML, like Gecko) Chrome/58.0.2988.0 Safari/537.36" "-"
187.190.163.73 - - [20/Sep/2018:10:08:32 -0500] "GET /os/27312_4.jpg HTTP/1.1" 200 48369 www.mosproyectos.com.mx "https://www.mosproyectos.com.mx/cbajantes/search.php?dato=55184992" "Mozilla/5.0 (Windows NT 6.1; WOW64) AppleWebKit/537.36 (KHTML, like Gecko) Chrome/58.0.2988.0 Safari/537.36" "-"
187.190.163.73 - - [20/Sep/2018:10:08:32 -0500] "GET /os/27312_5.jpg HTTP/1.1" 200 48369 www.mosproyectos.com.mx "https://www.mosproyectos.com.mx/cbajantes/search.php?dato=55184992" "Mozilla/5.0 (Windows NT 6.1; WOW64) AppleWebKit/537.36 (KHTML, like Gecko) Chrome/58.0.2988.0 Safari/537.36" "-"
187.190.163.73 - - [20/Sep/2018:10:08:32 -0500] "GET /os/27312_6.jpg HTTP/1.1" 200 56507 www.mosproyectos.com.mx "https://www.mosproyectos.com.mx/cbajantes/search.php?dato=55184992" "Mozilla/5.0 (Windows NT 6.1; WOW64) AppleWebKit/537.36 (KHTML, like Gecko) Chrome/58.0.2988.0 Safari/537.36" "-"
187.190.163.73 - - [20/Sep/2018:10:08:32 -0500] "GET /os/27312_0.jpg HTTP/1.1" 200 3290732 www.mosproyectos.com.mx "https://www.mosproyectos.com.mx/cbajantes/search.php?dato=55184992" "Mozilla/5.0 (Windows NT 6.1; WOW64) AppleWebKit/537.36 (KHTML, like Gecko) Chrome/58.0.2988.0 Safari/537.36" "-"
187.136.246.187 - - [20/Sep/2018:10:08:35 -0500] "GET /sureste/supervisor/search.php?dato=36167101 HTTP/1.1" 200 27381 www.mosproyectos.com.mx "https://www.mosproyectos.com.mx/sureste/supervisor/search.php?dato=9995188671" "Mozilla/5.0 (Windows NT 10.0; WOW64) AppleWebKit/537.36 (KHTML, like Gecko) Chrome/68.0.3440.106 Safari/537.36" "-"
187.136.246.187 - - [20/Sep/2018:10:08:35 -0500] "GET /sureste/os/9522_0.jpg HTTP/1.1" 200 1181406 www.mosproyectos.com.mx "https://www.mosproyectos.com.mx/sureste/supervisor/search.php?dato=36167101" "Mozilla/5.0 (Windows NT 10.0; WOW64) AppleWebKit/537.36 (KHTML, like Gecko) Chrome/68.0.3440.106 Safari/537.36" "-"
187.136.246.187 - - [20/Sep/2018:10:08:36 -0500] "GET /sureste/os/9522_1.jpg HTTP/1.1" 200 155388 www.mosproyectos.com.mx "https://www.mosproyectos.com.mx/sureste/supervisor/search.php?dato=36167101" "Mozilla/5.0 (Windows NT 10.0; WOW64) AppleWebKit/537.36 (KHTML, like Gecko) Chrome/68.0.3440.106 Safari/537.36" "-"
187.136.246.187 - - [20/Sep/2018:10:08:36 -0500] "GET /sureste/os/9522_2.jpg HTTP/1.1" 200 206282 www.mosproyectos.com.mx "https://www.mosproyectos.com.mx/sureste/supervisor/search.php?dato=36167101" "Mozilla/5.0 (Windows NT 10.0; WOW64) AppleWebKit/537.36 (KHTML, like Gecko) Chrome/68.0.3440.106 Safari/537.36" "-"
187.136.246.187 - - [20/Sep/2018:10:08:36 -0500] "GET /sureste/os/9522_3.jpg HTTP/1.1" 200 136073 www.mosproyectos.com.mx "https://www.mosproyectos.com.mx/sureste/supervisor/search.php?dato=36167101" "Mozilla/5.0 (Windows NT 10.0; WOW64) AppleWebKit/537.36 (KHTML, like Gecko) Chrome/68.0.3440.106 Safari/537.36" "-"
187.136.246.187 - - [20/Sep/2018:10:08:36 -0500] "GET /sureste/os/9522_4.jpg HTTP/1.1" 200 64007 www.mosproyectos.com.mx "https://www.mosproyectos.com.mx/sureste/supervisor/search.php?dato=36167101" "Mozilla/5.0 (Windows NT 10.0; WOW64) AppleWebKit/537.36 (KHTML, like Gecko) Chrome/68.0.3440.106 Safari/537.36" "-"
187.136.246.187 - - [20/Sep/2018:10:08:36 -0500] "GET /sureste/os/9522_5.jpg HTTP/1.1" 200 151597 www.mosproyectos.com.mx "https://www.mosproyectos.com.mx/sureste/supervisor/search.php?dato=36167101" "Mozilla/5.0 (Windows NT 10.0; WOW64) AppleWebKit/537.36 (KHTML, like Gecko) Chrome/68.0.3440.106 Safari/537.36" "-"
187.136.246.187 - - [20/Sep/2018:10:08:36 -0500] "GET /sureste/os/9522_6.jpg HTTP/1.1" 200 126682 www.mosproyectos.com.mx "https://www.mosproyectos.com.mx/sureste/supervisor/search.php?dato=36167101" "Mozilla/5.0 (Windows NT 10.0; WOW64) AppleWebKit/537.36 (KHTML, like Gecko) Chrome/68.0.3440.106 Safari/537.36" "-"
187.136.246.187 - - [20/Sep/2018:10:08:36 -0500] "GET /sureste/os/9522_7.jpg HTTP/1.1" 200 114201 www.mosproyectos.com.mx "https://www.mosproyectos.com.mx/sureste/supervisor/search.php?dato=36167101" "Mozilla/5.0 (Windows NT 10.0; WOW64) AppleWebKit/537.36 (KHTML, like Gecko) Chrome/68.0.3440.106 Safari/537.36" "-"
187.136.246.187 - - [20/Sep/2018:10:08:40 -0500] "GET /sureste/os/9522_8.jpg HTTP/1.1" 200 54263 www.mosproyectos.com.mx "https://www.mosproyectos.com.mx/sureste/supervisor/search.php?dato=36167101" "Mozilla/5.0 (Windows NT 10.0; WOW64) AppleWebKit/537.36 (KHTML, like Gecko) Chrome/68.0.3440.106 Safari/537.36" "-"
187.136.246.187 - - [20/Sep/2018:10:08:52 -0500] "GET /sureste/supervisor/search.php?dato=36160756 HTTP/1.1" 200 6339 www.mosproyectos.com.mx "https://www.mosproyectos.com.mx/sureste/supervisor/search.php?dato=36167101" "Mozilla/5.0 (Windows NT 10.0; WOW64) AppleWebKit/537.36 (KHTML, like Gecko) Chrome/68.0.3440.106 Safari/537.36" "-"
187.136.246.187 - - [20/Sep/2018:10:08:55 -0500] "GET /sureste/supervisor/addROs.php HTTP/1.1" 200 12062 www.mosproyectos.com.mx "https://www.mosproyectos.com.mx/sureste/supervisor/search.php?dato=36160756" "Mozilla/5.0 (Windows NT 10.0; WOW64) AppleWebKit/537.36 (KHTML, like Gecko) Chrome/68.0.3440.106 Safari/537.36" "-"
187.136.246.187 - - [20/Sep/2018:10:10:59 -0500] "POST /sureste/supervisor/addOsRN.php HTTP/1.1" 200 206 www.mosproyectos.com.mx "https://www.mosproyectos.com.mx/sureste/supervisor/addROs.php" "Mozilla/5.0 (Windows NT 10.0; WOW64) AppleWebKit/537.36 (KHTML, like Gecko) Chrome/68.0.3440.106 Safari/537.36" "-"
187.136.246.187 - - [20/Sep/2018:10:11:03 -0500] "GET /sureste/supervisor/addOs.php HTTP/1.1" 200 582438 www.mosproyectos.com.mx "https://www.mosproyectos.com.mx/sureste/supervisor/addOsRN.php" "Mozilla/5.0 (Windows NT 10.0; WOW64) AppleWebKit/537.36 (KHTML, like Gecko) Chrome/68.0.3440.106 Safari/537.36" "-"
2806:106e:5:411e:2517:cf0f:86ad:c98c - - [20/Sep/2018:10:11:48 -0500] "POST /login.php HTTP/1.1" 302 155 www.mosproyectos.com.mx "https://www.mosproyectos.com.mx/login.html" "Mozilla/5.0 (Linux; Android 7.0; iris80 Build/NRD90M) AppleWebKit/537.36 (KHTML, like Gecko) Chrome/56.0.2924.87 Mobile Safari/537.36" "-"
2806:106e:5:411e:2517:cf0f:86ad:c98c - - [20/Sep/2018:10:11:48 -0500] "GET /tecnico/inde.php HTTP/1.1" 302 1429 www.mosproyectos.com.mx "https://www.mosproyectos.com.mx/login.html" "Mozilla/5.0 (Linux; Android 7.0; iris80 Build/NRD90M) AppleWebKit/537.36 (KHTML, like Gecko) Chrome/56.0.2924.87 Mobile Safari/537.36" "-"
2806:106e:5:411e:2517:cf0f:86ad:c98c - - [20/Sep/2018:10:11:49 -0500] "GET /tecnico/indeInicio.php HTTP/1.1" 200 12530 www.mosproyectos.com.mx "https://www.mosproyectos.com.mx/login.html" "Mozilla/5.0 (Linux; Android 7.0; iris80 Build/NRD90M) AppleWebKit/537.36 (KHTML, like Gecko) Chrome/56.0.2924.87 Mobile Safari/537.36" "-"
2806:106e:5:411e:2517:cf0f:86ad:c98c - - [20/Sep/2018:10:11:50 -0500] "GET /css/slider.css HTTP/1.1" 404 1364 www.mosproyectos.com.mx "https://www.mosproyectos.com.mx/tecnico/indeInicio.php" "Mozilla/5.0 (Linux; Android 7.0; iris80 Build/NRD90M) AppleWebKit/537.36 (KHTML, like Gecko) Chrome/56.0.2924.87 Mobile Safari/537.36" "-"
187.136.246.187 - - [20/Sep/2018:10:11:51 -0500] "GET /sureste/supervisor/search.php HTTP/1.1" 200 6338 www.mosproyectos.com.mx "https://www.mosproyectos.com.mx/sureste/supervisor/addOs.php" "Mozilla/5.0 (Windows NT 10.0; WOW64) AppleWebKit/537.36 (KHTML, like Gecko) Chrome/68.0.3440.106 Safari/537.36" "-"
187.136.246.187 - - [20/Sep/2018:10:11:53 -0500] "GET /sureste/supervisor/search.php?dato=36160756 HTTP/1.1" 200 14455 www.mosproyectos.com.mx "https://www.mosproyectos.com.mx/sureste/supervisor/search.php" "Mozilla/5.0 (Windows NT 10.0; WOW64) AppleWebKit/537.36 (KHTML, like Gecko) Chrome/68.0.3440.106 Safari/537.36" "-"
187.136.246.187 - - [20/Sep/2018:10:11:54 -0500] "GET /sureste/supervisor/search.php?dato=36160756 HTTP/1.1" 200 14962 www.mosproyectos.com.mx "https://www.mosproyectos.com.mx/sureste/supervisor/search.php?dato=36160756" "Mozilla/5.0 (Windows NT 10.0; WOW64) AppleWebKit/537.36 (KHTML, like Gecko) Chrome/68.0.3440.106 Safari/537.36" "-"
2806:106e:5:411e:2517:cf0f:86ad:c98c - - [20/Sep/2018:10:11:54 -0500] "GET /tecnico/dataosuall.php HTTP/1.1" 200 6627 www.mosproyectos.com.mx "https://www.mosproyectos.com.mx/tecnico/indeInicio.php" "Mozilla/5.0 (Linux; Android 7.0; iris80 Build/NRD90M) AppleWebKit/537.36 (KHTML, like Gecko) Chrome/56.0.2924.87 Mobile Safari/537.36" "-"
187.136.246.187 - - [20/Sep/2018:10:12:07 -0500] "GET /sureste/supervisor/search.php?dato=36167101+ HTTP/1.1" 200 27392 www.mosproyectos.com.mx "https://www.mosproyectos.com.mx/sureste/supervisor/search.php?dato=36160756" "Mozilla/5.0 (Windows NT 10.0; WOW64) AppleWebKit/537.36 (KHTML, like Gecko) Chrome/68.0.3440.106 Safari/537.36" "-"
187.136.246.187 - - [20/Sep/2018:10:12:19 -0500] "GET /sureste/supervisor/search.php?dato=36045403 HTTP/1.1" 200 6339 www.mosproyectos.com.mx "https://www.mosproyectos.com.mx/sureste/supervisor/search.php?dato=36167101+" "Mozilla/5.0 (Windows NT 10.0; WOW64) AppleWebKit/537.36 (KHTML, like Gecko) Chrome/68.0.3440.106 Safari/537.36" "-"
187.136.246.187 - - [20/Sep/2018:10:12:33 -0500] "GET /sureste/supervisor/addROs.php HTTP/1.1" 200 12062 www.mosproyectos.com.mx "https://www.mosproyectos.com.mx/sureste/supervisor/search.php?dato=36045403" "Mozilla/5.0 (Windows NT 10.0; WOW64) AppleWebKit/537.36 (KHTML, like Gecko) Chrome/68.0.3440.106 Safari/537.36" "-"
187.136.246.187 - - [20/Sep/2018:10:12:37 -0500] "GET /sureste/supervisor/search.php HTTP/1.1" 200 6338 www.mosproyectos.com.mx "https://www.mosproyectos.com.mx/sureste/supervisor/addROs.php" "Mozilla/5.0 (Windows NT 10.0; WOW64) AppleWebKit/537.36 (KHTML, like Gecko) Chrome/68.0.3440.106 Safari/537.36" "-"
187.136.246.187 - - [20/Sep/2018:10:12:43 -0500] "GET /sureste/supervisor/search.php?dato=9994811842 HTTP/1.1" 200 14959 www.mosproyectos.com.mx "https://www.mosproyectos.com.mx/sureste/supervisor/search.php" "Mozilla/5.0 (Windows NT 10.0; WOW64) AppleWebKit/537.36 (KHTML, like Gecko) Chrome/68.0.3440.106 Safari/537.36" "-"
187.190.163.73 - - [20/Sep/2018:10:12:49 -0500] "GET /cbajantes/search.php?dato=54577874 HTTP/1.1" 200 6364 www.mosproyectos.com.mx "-" "Mozilla/5.0 (Windows NT 6.1; WOW64) AppleWebKit/537.36 (KHTML, like Gecko) Chrome/58.0.2988.0 Safari/537.36" "-"
187.190.163.73 - - [20/Sep/2018:10:12:55 -0500] "GET /cbajantes/search.php?dato=54577874 HTTP/1.1" 200 6364 www.mosproyectos.com.mx "https://www.mosproyectos.com.mx/cbajantes/search.php?dato=54577874" "Mozilla/5.0 (Windows NT 6.1; WOW64) AppleWebKit/537.36 (KHTML, like Gecko) Chrome/58.0.2988.0 Safari/537.36" "-"
187.136.246.187 - - [20/Sep/2018:10:13:05 -0500] "GET /sureste/supervisor/search.php?dato=36000769 HTTP/1.1" 200 6339 www.mosproyectos.com.mx "https://www.mosproyectos.com.mx/sureste/supervisor/search.php?dato=9994811842" "Mozilla/5.0 (Windows NT 10.0; WOW64) AppleWebKit/537.36 (KHTML, like Gecko) Chrome/68.0.3440.106 Safari/537.36" "-"
187.190.163.73 - - [20/Sep/2018:10:13:13 -0500] "GET /cbajantes/search.php?dato=54577874 HTTP/1.1" 200 6364 www.mosproyectos.com.mx "https://www.mosproyectos.com.mx/cbajantes/search.php?dato=54577874" "Mozilla/5.0 (Windows NT 6.1; WOW64) AppleWebKit/537.36 (KHTML, like Gecko) Chrome/58.0.2988.0 Safari/537.36" "-"
187.190.163.73 - - [20/Sep/2018:10:13:38 -0500] "GET /cbajantes/search.php?dato= HTTP/1.1" 200 6363 www.mosproyectos.com.mx "https://www.mosproyectos.com.mx/cbajantes/search.php?dato=54577874" "Mozilla/5.0 (Windows NT 6.1; WOW64) AppleWebKit/537.36 (KHTML, like Gecko) Chrome/58.0.2988.0 Safari/537.36" "-"
187.190.163.73 - - [20/Sep/2018:10:13:47 -0500] "GET /cbajantes/search.php?dato=54577874 HTTP/1.1" 200 6364 www.mosproyectos.com.mx "https://www.mosproyectos.com.mx/cbajantes/search.php?dato=" "Mozilla/5.0 (Windows NT 6.1; WOW64) AppleWebKit/537.36 (KHTML, like Gecko) Chrome/58.0.2988.0 Safari/537.36" "-"
187.136.246.187 - - [20/Sep/2018:10:13:48 -0500] "GET /sureste/supervisor/search.php?dato=9999279284 HTTP/1.1" 200 6341 www.mosproyectos.com.mx "https://www.mosproyectos.com.mx/sureste/supervisor/search.php?dato=36000769" "Mozilla/5.0 (Windows NT 10.0; WOW64) AppleWebKit/537.36 (KHTML, like Gecko) Chrome/68.0.3440.106 Safari/537.36" "-"
187.136.246.187 - - [20/Sep/2018:10:13:51 -0500] "GET /sureste/supervisor/search.php?dato=9999279284 HTTP/1.1" 200 6341 www.mosproyectos.com.mx "https://www.mosproyectos.com.mx/sureste/supervisor/search.php?dato=9999279284" "Mozilla/5.0 (Windows NT 10.0; WOW64) AppleWebKit/537.36 (KHTML, like Gecko) Chrome/68.0.3440.106 Safari/537.36" "-"
187.190.163.73 - - [20/Sep/2018:10:14:01 -0500] "GET /cbajantes/search.php?dato= HTTP/1.1" 200 6363 www.mosproyectos.com.mx "https://www.mosproyectos.com.mx/cbajantes/search.php?dato=54577874" "Mozilla/5.0 (Windows NT 6.1; WOW64) AppleWebKit/537.36 (KHTML, like Gecko) Chrome/58.0.2988.0 Safari/537.36" "-"
2806:10be:2:69f5:295f:2a27:7dd7:a93c - - [20/Sep/2018:10:14:08 -0500] "GET /sureste/css/slider.css HTTP/1.1" 404 1364 www.mosproyectos.com.mx "https://www.mosproyectos.com.mx/sureste/tecnico/indeInicio.php" "Mozilla/5.0 (Android 5.1.1; Mobile; rv:62.0) Gecko/62.0 Firefox/62.0" "-"
2806:10be:2:69f5:295f:2a27:7dd7:a93c - - [20/Sep/2018:10:14:08 -0500] "GET /sureste/js/browser5.js HTTP/1.1" 301 261 www.mosproyectos.com.mx "https://www.mosproyectos.com.mx/sureste/tecnico/indeInicio.php" "Mozilla/5.0 (Android 5.1.1; Mobile; rv:62.0) Gecko/62.0 Firefox/62.0" "-"
187.190.163.73 - - [20/Sep/2018:10:14:16 -0500] "GET /cbajantes/search.php?dato=54577874 HTTP/1.1" 200 6364 www.mosproyectos.com.mx "https://www.mosproyectos.com.mx/cbajantes/search.php?dato=" "Mozilla/5.0 (Windows NT 6.1; WOW64) AppleWebKit/537.36 (KHTML, like Gecko) Chrome/58.0.2988.0 Safari/537.36" "-"
187.190.163.73 - - [20/Sep/2018:10:14:23 -0500] "GET /cbajantes/inde.php HTTP/1.1" 200 36616 www.mosproyectos.com.mx "https://www.mosproyectos.com.mx/cbajantes/search.php?dato=54577874" "Mozilla/5.0 (Windows NT 6.1; WOW64) AppleWebKit/537.36 (KHTML, like Gecko) Chrome/58.0.2988.0 Safari/537.36" "-"
187.190.163.73 - - [20/Sep/2018:10:14:27 -0500] "GET /cbajantes/buscar.php HTTP/1.1" 200 6770 www.mosproyectos.com.mx "https://www.mosproyectos.com.mx/cbajantes/inde.php" "Mozilla/5.0 (Windows NT 6.1; WOW64) AppleWebKit/537.36 (KHTML, like Gecko) Chrome/58.0.2988.0 Safari/537.36" "-"
187.190.163.73 - - [20/Sep/2018:10:14:30 -0500] "GET /cbajantes/search.php?dato=54577874 HTTP/1.1" 200 6364 www.mosproyectos.com.mx "https://www.mosproyectos.com.mx/cbajantes/buscar.php" "Mozilla/5.0 (Windows NT 6.1; WOW64) AppleWebKit/537.36 (KHTML, like Gecko) Chrome/58.0.2988.0 Safari/537.36" "-"
187.190.163.73 - - [20/Sep/2018:10:15:14 -0500] "GET /cbajantes/search.php?dato=54906136 HTTP/1.1" 200 27936 www.mosproyectos.com.mx "https://www.mosproyectos.com.mx/cbajantes/search.php?dato=54577874" "Mozilla/5.0 (Windows NT 6.1; WOW64) AppleWebKit/537.36 (KHTML, like Gecko) Chrome/58.0.2988.0 Safari/537.36" "-"
187.190.163.73 - - [20/Sep/2018:10:15:16 -0500] "GET /os/26464_1.JPG HTTP/1.1" 200 48338 www.mosproyectos.com.mx "https://www.mosproyectos.com.mx/cbajantes/search.php?dato=54906136" "Mozilla/5.0 (Windows NT 6.1; WOW64) AppleWebKit/537.36 (KHTML, like Gecko) Chrome/58.0.2988.0 Safari/537.36" "-"
187.190.163.73 - - [20/Sep/2018:10:15:16 -0500] "GET /os/26464_2.jpg HTTP/1.1" 200 74644 www.mosproyectos.com.mx "https://www.mosproyectos.com.mx/cbajantes/search.php?dato=54906136" "Mozilla/5.0 (Windows NT 6.1; WOW64) AppleWebKit/537.36 (KHTML, like Gecko) Chrome/58.0.2988.0 Safari/537.36" "-"
187.190.163.73 - - [20/Sep/2018:10:15:16 -0500] "GET /os/26464_3.jpg HTTP/1.1" 200 97839 www.mosproyectos.com.mx "https://www.mosproyectos.com.mx/cbajantes/search.php?dato=54906136" "Mozilla/5.0 (Windows NT 6.1; WOW64) AppleWebKit/537.36 (KHTML, like Gecko) Chrome/58.0.2988.0 Safari/537.36" "-"
187.190.163.73 - - [20/Sep/2018:10:15:16 -0500] "GET /os/26464_4.JPG HTTP/1.1" 200 29710 www.mosproyectos.com.mx "https://www.mosproyectos.com.mx/cbajantes/search.php?dato=54906136" "Mozilla/5.0 (Windows NT 6.1; WOW64) AppleWebKit/537.36 (KHTML, like Gecko) Chrome/58.0.2988.0 Safari/537.36" "-"
187.190.163.73 - - [20/Sep/2018:10:15:16 -0500] "GET /os/26464_0.jpg HTTP/1.1" 200 2820550 www.mosproyectos.com.mx "https://www.mosproyectos.com.mx/cbajantes/search.php?dato=54906136" "Mozilla/5.0 (Windows NT 6.1; WOW64) AppleWebKit/537.36 (KHTML, like Gecko) Chrome/58.0.2988.0 Safari/537.36" "-"
187.190.163.73 - - [20/Sep/2018:10:15:16 -0500] "GET /os/26464_5.JPG HTTP/1.1" 200 113902 www.mosproyectos.com.mx "https://www.mosproyectos.com.mx/cbajantes/search.php?dato=54906136" "Mozilla/5.0 (Windows NT 6.1; WOW64) AppleWebKit/537.36 (KHTML, like Gecko) Chrome/58.0.2988.0 Safari/537.36" "-"
187.136.246.187 - - [20/Sep/2018:10:15:18 -0500] "GET /sureste/supervisor/search.php?dato=35959785 HTTP/1.1" 200 14957 www.mosproyectos.com.mx "https://www.mosproyectos.com.mx/sureste/supervisor/search.php?dato=9999279284" "Mozilla/5.0 (Windows NT 10.0; WOW64) AppleWebKit/537.36 (KHTML, like Gecko) Chrome/68.0.3440.106 Safari/537.36" "-"
187.136.246.187 - - [20/Sep/2018:10:15:30 -0500] "GET /sureste/supervisor/search.php?dato=36159522 HTTP/1.1" 200 6339 www.mosproyectos.com.mx "https://www.mosproyectos.com.mx/sureste/supervisor/search.php?dato=35959785" "Mozilla/5.0 (Windows NT 10.0; WOW64) AppleWebKit/537.36 (KHTML, like Gecko) Chrome/68.0.3440.106 Safari/537.36" "-"
187.190.163.73 - - [20/Sep/2018:10:15:50 -0500] "GET /os/26464_1.JPG HTTP/1.1" 200 48338 www.mosproyectos.com.mx "https://www.mosproyectos.com.mx/cbajantes/search.php?dato=54906136" "Mozilla/5.0 (Windows NT 6.1; WOW64) AppleWebKit/537.36 (KHTML, like Gecko) Chrome/58.0.2988.0 Safari/537.36" "-"
187.190.163.73 - - [20/Sep/2018:10:15:50 -0500] "GET /os/26464_2.jpg HTTP/1.1" 200 74644 www.mosproyectos.com.mx "https://www.mosproyectos.com.mx/cbajantes/search.php?dato=54906136" "Mozilla/5.0 (Windows NT 6.1; WOW64) AppleWebKit/537.36 (KHTML, like Gecko) Chrome/58.0.2988.0 Safari/537.36" "-"
187.190.163.73 - - [20/Sep/2018:10:15:50 -0500] "GET /os/26464_3.jpg HTTP/1.1" 200 97839 www.mosproyectos.com.mx "https://www.mosproyectos.com.mx/cbajantes/search.php?dato=54906136" "Mozilla/5.0 (Windows NT 6.1; WOW64) AppleWebKit/537.36 (KHTML, like Gecko) Chrome/58.0.2988.0 Safari/537.36" "-"
187.190.163.73 - - [20/Sep/2018:10:15:50 -0500] "GET /cbajantes/search.php?dato=54577874 HTTP/1.1" 200 6364 www.mosproyectos.com.mx "https://www.mosproyectos.com.mx/cbajantes/search.php?dato=54906136" "Mozilla/5.0 (Windows NT 6.1; WOW64) AppleWebKit/537.36 (KHTML, like Gecko) Chrome/58.0.2988.0 Safari/537.36" "-"
187.190.163.73 - - [20/Sep/2018:10:15:50 -0500] "GET /os/26464_5.JPG HTTP/1.1" 200 113902 www.mosproyectos.com.mx "https://www.mosproyectos.com.mx/cbajantes/search.php?dato=54906136" "Mozilla/5.0 (Windows NT 6.1; WOW64) AppleWebKit/537.36 (KHTML, like Gecko) Chrome/58.0.2988.0 Safari/537.36" "-"
187.190.163.73 - - [20/Sep/2018:10:15:51 -0500] "GET /os/26464_4.JPG HTTP/1.1" 200 29710 www.mosproyectos.com.mx "https://www.mosproyectos.com.mx/cbajantes/search.php?dato=54906136" "Mozilla/5.0 (Windows NT 6.1; WOW64) AppleWebKit/537.36 (KHTML, like Gecko) Chrome/58.0.2988.0 Safari/537.36" "-"
187.190.163.73 - - [20/Sep/2018:10:15:51 -0500] "GET /os/26464_6.JPG HTTP/1.1" 200 48338 www.mosproyectos.com.mx "https://www.mosproyectos.com.mx/cbajantes/search.php?dato=54906136" "Mozilla/5.0 (Windows NT 6.1; WOW64) AppleWebKit/537.36 (KHTML, like Gecko) Chrome/58.0.2988.0 Safari/537.36" "-"
187.136.246.187 - - [20/Sep/2018:10:17:35 -0500] "GET /sureste/supervisor/search.php?dato=9995189465 HTTP/1.1" 200 17919 www.mosproyectos.com.mx "https://www.mosproyectos.com.mx/sureste/supervisor/search.php?dato=36159522" "Mozilla/5.0 (Windows NT 10.0; WOW64) AppleWebKit/537.36 (KHTML, like Gecko) Chrome/68.0.3440.106 Safari/537.36" "-"
187.136.246.187 - - [20/Sep/2018:10:17:35 -0500] "GET /sureste/os/8106_1.jpg HTTP/1.1" 200 1926679 www.mosproyectos.com.mx "https://www.mosproyectos.com.mx/sureste/supervisor/search.php?dato=9995189465" "Mozilla/5.0 (Windows NT 10.0; WOW64) AppleWebKit/537.36 (KHTML, like Gecko) Chrome/68.0.3440.106 Safari/537.36" "-"
187.136.246.187 - - [20/Sep/2018:10:17:35 -0500] "GET /sureste/os/8106_0.jpg HTTP/1.1" 200 1944136 www.mosproyectos.com.mx "https://www.mosproyectos.com.mx/sureste/supervisor/search.php?dato=9995189465" "Mozilla/5.0 (Windows NT 10.0; WOW64) AppleWebKit/537.36 (KHTML, like Gecko) Chrome/68.0.3440.106 Safari/537.36" "-"
187.136.246.187 - - [20/Sep/2018:10:17:58 -0500] "GET /sureste/supervisor/search.php?dato=9995181473 HTTP/1.1" 200 14959 www.mosproyectos.com.mx "https://www.mosproyectos.com.mx/sureste/supervisor/search.php?dato=9995189465" "Mozilla/5.0 (Windows NT 10.0; WOW64) AppleWebKit/537.36 (KHTML, like Gecko) Chrome/68.0.3440.106 Safari/537.36" "-"
187.190.163.73 - - [20/Sep/2018:10:18:01 -0500] "GET /os/26464_6.JPG HTTP/1.1" 200 48338 www.mosproyectos.com.mx "https://www.mosproyectos.com.mx/cbajantes/search.php?dato=54906136" "Mozilla/5.0 (Windows NT 6.1; WOW64) AppleWebKit/537.36 (KHTML, like Gecko) Chrome/58.0.2988.0 Safari/537.36" "-"
187.190.163.73 - - [20/Sep/2018:10:18:01 -0500] "GET /cbajantes/search.php?dato=54906136 HTTP/1.1" 200 27936 www.mosproyectos.com.mx "https://www.mosproyectos.com.mx/cbajantes/search.php?dato=54906136" "Mozilla/5.0 (Windows NT 6.1; WOW64) AppleWebKit/537.36 (KHTML, like Gecko) Chrome/58.0.2988.0 Safari/537.36" "-"
187.190.163.73 - - [20/Sep/2018:10:18:02 -0500] "GET /os/26464_0.jpg HTTP/1.1" 206 1 www.mosproyectos.com.mx "https://www.mosproyectos.com.mx/cbajantes/search.php?dato=54906136" "Mozilla/5.0 (Windows NT 6.1; WOW64) AppleWebKit/537.36 (KHTML, like Gecko) Chrome/58.0.2988.0 Safari/537.36" "-"
187.190.163.73 - - [20/Sep/2018:10:18:02 -0500] "GET /os/26464_3.jpg HTTP/1.1" 206 1 www.mosproyectos.com.mx "https://www.mosproyectos.com.mx/cbajantes/search.php?dato=54906136" "Mozilla/5.0 (Windows NT 6.1; WOW64) AppleWebKit/537.36 (KHTML, like Gecko) Chrome/58.0.2988.0 Safari/537.36" "-"
187.190.163.73 - - [20/Sep/2018:10:18:02 -0500] "GET /os/26464_4.JPG HTTP/1.1" 200 29710 www.mosproyectos.com.mx "https://www.mosproyectos.com.mx/cbajantes/search.php?dato=54906136" "Mozilla/5.0 (Windows NT 6.1; WOW64) AppleWebKit/537.36 (KHTML, like Gecko) Chrome/58.0.2988.0 Safari/537.36" "-"
187.190.163.73 - - [20/Sep/2018:10:18:02 -0500] "GET /os/26464_5.JPG HTTP/1.1" 200 113902 www.mosproyectos.com.mx "https://www.mosproyectos.com.mx/cbajantes/search.php?dato=54906136" "Mozilla/5.0 (Windows NT 6.1; WOW64) AppleWebKit/537.36 (KHTML, like Gecko) Chrome/58.0.2988.0 Safari/537.36" "-"
187.190.163.73 - - [20/Sep/2018:10:18:02 -0500] "GET /os/26464_3.jpg HTTP/1.1" 206 48881 www.mosproyectos.com.mx "https://www.mosproyectos.com.mx/cbajantes/search.php?dato=54906136" "Mozilla/5.0 (Windows NT 6.1; WOW64) AppleWebKit/537.36 (KHTML, like Gecko) Chrome/58.0.2988.0 Safari/537.36" "-"
187.190.163.73 - - [20/Sep/2018:10:18:02 -0500] "GET /os/26464_0.jpg HTTP/1.1" 206 2689699 www.mosproyectos.com.mx "https://www.mosproyectos.com.mx/cbajantes/search.php?dato=54906136" "Mozilla/5.0 (Windows NT 6.1; WOW64) AppleWebKit/537.36 (KHTML, like Gecko) Chrome/58.0.2988.0 Safari/537.36" "-"
187.136.246.187 - - [20/Sep/2018:10:18:11 -0500] "GET /sureste/supervisor/search.php?dato=9995188666 HTTP/1.1" 200 27405 www.mosproyectos.com.mx "https://www.mosproyectos.com.mx/sureste/supervisor/search.php?dato=9995181473" "Mozilla/5.0 (Windows NT 10.0; WOW64) AppleWebKit/537.36 (KHTML, like Gecko) Chrome/68.0.3440.106 Safari/537.36" "-"
187.136.246.187 - - [20/Sep/2018:10:18:12 -0500] "GET /sureste/os/9123_0.jpg HTTP/1.1" 304 - www.mosproyectos.com.mx "https://www.mosproyectos.com.mx/sureste/supervisor/search.php?dato=9995188666" "Mozilla/5.0 (Windows NT 10.0; WOW64) AppleWebKit/537.36 (KHTML, like Gecko) Chrome/68.0.3440.106 Safari/537.36" "-"
187.136.246.187 - - [20/Sep/2018:10:18:12 -0500] "GET /sureste/os/9123_1.jpg HTTP/1.1" 200 1621695 www.mosproyectos.com.mx "https://www.mosproyectos.com.mx/sureste/supervisor/search.php?dato=9995188666" "Mozilla/5.0 (Windows NT 10.0; WOW64) AppleWebKit/537.36 (KHTML, like Gecko) Chrome/68.0.3440.106 Safari/537.36" "-"
187.136.246.187 - - [20/Sep/2018:10:18:12 -0500] "GET /sureste/os/9123_2.jpg HTTP/1.1" 200 1362842 www.mosproyectos.com.mx "https://www.mosproyectos.com.mx/sureste/supervisor/search.php?dato=9995188666" "Mozilla/5.0 (Windows NT 10.0; WOW64) AppleWebKit/537.36 (KHTML, like Gecko) Chrome/68.0.3440.106 Safari/537.36" "-"
187.136.246.187 - - [20/Sep/2018:10:18:12 -0500] "GET /sureste/os/9123_3.jpg HTTP/1.1" 200 1512003 www.mosproyectos.com.mx "https://www.mosproyectos.com.mx/sureste/supervisor/search.php?dato=9995188666" "Mozilla/5.0 (Windows NT 10.0; WOW64) AppleWebKit/537.36 (KHTML, like Gecko) Chrome/68.0.3440.106 Safari/537.36" "-"
187.136.246.187 - - [20/Sep/2018:10:18:12 -0500] "GET /sureste/os/9123_4.jpg HTTP/1.1" 200 1331846 www.mosproyectos.com.mx "https://www.mosproyectos.com.mx/sureste/supervisor/search.php?dato=9995188666" "Mozilla/5.0 (Windows NT 10.0; WOW64) AppleWebKit/537.36 (KHTML, like Gecko) Chrome/68.0.3440.106 Safari/537.36" "-"
187.136.246.187 - - [20/Sep/2018:10:18:12 -0500] "GET /sureste/os/9123_6.jpg HTTP/1.1" 200 1364526 www.mosproyectos.com.mx "https://www.mosproyectos.com.mx/sureste/supervisor/search.php?dato=9995188666" "Mozilla/5.0 (Windows NT 10.0; WOW64) AppleWebKit/537.36 (KHTML, like Gecko) Chrome/68.0.3440.106 Safari/537.36" "-"
187.136.246.187 - - [20/Sep/2018:10:18:12 -0500] "GET /sureste/os/9123_5.jpg HTTP/1.1" 200 1621695 www.mosproyectos.com.mx "https://www.mosproyectos.com.mx/sureste/supervisor/search.php?dato=9995188666" "Mozilla/5.0 (Windows NT 10.0; WOW64) AppleWebKit/537.36 (KHTML, like Gecko) Chrome/68.0.3440.106 Safari/537.36" "-"
187.136.246.187 - - [20/Sep/2018:10:18:12 -0500] "GET /sureste/os/9123_7.jpg HTTP/1.1" 200 1469961 www.mosproyectos.com.mx "https://www.mosproyectos.com.mx/sureste/supervisor/search.php?dato=9995188666" "Mozilla/5.0 (Windows NT 10.0; WOW64) AppleWebKit/537.36 (KHTML, like Gecko) Chrome/68.0.3440.106 Safari/537.36" "-"
187.136.246.187 - - [20/Sep/2018:10:18:13 -0500] "GET /sureste/os/9123_8.jpg HTTP/1.1" 200 1323227 www.mosproyectos.com.mx "https://www.mosproyectos.com.mx/sureste/supervisor/search.php?dato=9995188666" "Mozilla/5.0 (Windows NT 10.0; WOW64) AppleWebKit/537.36 (KHTML, like Gecko) Chrome/68.0.3440.106 Safari/537.36" "-"
187.136.246.187 - - [20/Sep/2018:10:18:22 -0500] "GET /sureste/supervisor/search.php?dato=9995188667 HTTP/1.1" 200 14959 www.mosproyectos.com.mx "https://www.mosproyectos.com.mx/sureste/supervisor/search.php?dato=9995188666" "Mozilla/5.0 (Windows NT 10.0; WOW64) AppleWebKit/537.36 (KHTML, like Gecko) Chrome/68.0.3440.106 Safari/537.36" "-"
187.136.246.187 - - [20/Sep/2018:10:18:29 -0500] "GET /sureste/supervisor/search.php?dato=9999483111 HTTP/1.1" 200 14961 www.mosproyectos.com.mx "https://www.mosproyectos.com.mx/sureste/supervisor/search.php?dato=9995188667" "Mozilla/5.0 (Windows NT 10.0; WOW64) AppleWebKit/537.36 (KHTML, like Gecko) Chrome/68.0.3440.106 Safari/537.36" "-"
187.136.246.187 - - [20/Sep/2018:10:18:36 -0500] "GET /sureste/supervisor/search.php?dato=9995188633 HTTP/1.1" 200 14966 www.mosproyectos.com.mx "https://www.mosproyectos.com.mx/sureste/supervisor/search.php?dato=9999483111" "Mozilla/5.0 (Windows NT 10.0; WOW64) AppleWebKit/537.36 (KHTML, like Gecko) Chrome/68.0.3440.106 Safari/537.36" "-"
187.136.246.187 - - [20/Sep/2018:10:18:44 -0500] "GET /sureste/supervisor/search.php?dato=9999445333 HTTP/1.1" 200 14961 www.mosproyectos.com.mx "https://www.mosproyectos.com.mx/sureste/supervisor/search.php?dato=9995188633" "Mozilla/5.0 (Windows NT 10.0; WOW64) AppleWebKit/537.36 (KHTML, like Gecko) Chrome/68.0.3440.106 Safari/537.36" "-"
187.136.246.187 - - [20/Sep/2018:10:18:52 -0500] "GET /sureste/supervisor/search.php?dato=9999215501 HTTP/1.1" 200 14961 www.mosproyectos.com.mx "https://www.mosproyectos.com.mx/sureste/supervisor/search.php?dato=9999445333" "Mozilla/5.0 (Windows NT 10.0; WOW64) AppleWebKit/537.36 (KHTML, like Gecko) Chrome/68.0.3440.106 Safari/537.36" "-"
187.136.246.187 - - [20/Sep/2018:10:19:00 -0500] "GET /sureste/supervisor/search.php?dato=9999444962 HTTP/1.1" 200 14961 www.mosproyectos.com.mx "https://www.mosproyectos.com.mx/sureste/supervisor/search.php?dato=9999215501" "Mozilla/5.0 (Windows NT 10.0; WOW64) AppleWebKit/537.36 (KHTML, like Gecko) Chrome/68.0.3440.106 Safari/537.36" "-"
187.136.246.187 - - [20/Sep/2018:10:19:09 -0500] "GET /sureste/supervisor/search.php?dato=9999279296 HTTP/1.1" 200 14961 www.mosproyectos.com.mx "https://www.mosproyectos.com.mx/sureste/supervisor/search.php?dato=9999444962" "Mozilla/5.0 (Windows NT 10.0; WOW64) AppleWebKit/537.36 (KHTML, like Gecko) Chrome/68.0.3440.106 Safari/537.36" "-"
187.136.246.187 - - [20/Sep/2018:10:19:17 -0500] "GET /sureste/supervisor/search.php?dato=9995188671 HTTP/1.1" 200 14966 www.mosproyectos.com.mx "https://www.mosproyectos.com.mx/sureste/supervisor/search.php?dato=9999279296" "Mozilla/5.0 (Windows NT 10.0; WOW64) AppleWebKit/537.36 (KHTML, like Gecko) Chrome/68.0.3440.106 Safari/537.36" "-"
187.136.246.187 - - [20/Sep/2018:10:19:26 -0500] "GET /sureste/supervisor/search.php?dato=9994811842 HTTP/1.1" 200 14959 www.mosproyectos.com.mx "https://www.mosproyectos.com.mx/sureste/supervisor/search.php?dato=9995188671" "Mozilla/5.0 (Windows NT 10.0; WOW64) AppleWebKit/537.36 (KHTML, like Gecko) Chrome/68.0.3440.106 Safari/537.36" "-"
187.136.246.187 - - [20/Sep/2018:10:19:36 -0500] "GET /sureste/supervisor/search.php?dato=9999279284 HTTP/1.1" 200 6341 www.mosproyectos.com.mx "https://www.mosproyectos.com.mx/sureste/supervisor/search.php?dato=9994811842" "Mozilla/5.0 (Windows NT 10.0; WOW64) AppleWebKit/537.36 (KHTML, like Gecko) Chrome/68.0.3440.106 Safari/537.36" "-"
187.136.246.187 - - [20/Sep/2018:10:19:47 -0500] "GET /sureste/supervisor/search.php?dato=9995189465 HTTP/1.1" 200 17919 www.mosproyectos.com.mx "https://www.mosproyectos.com.mx/sureste/supervisor/search.php?dato=9999279284" "Mozilla/5.0 (Windows NT 10.0; WOW64) AppleWebKit/537.36 (KHTML, like Gecko) Chrome/68.0.3440.106 Safari/537.36" "-"
187.237.25.24 - - [20/Sep/2018:10:19:58 -0500] "POST /login.php HTTP/1.1" 302 155 www.mosproyectos.com.mx "https://www.mosproyectos.com.mx/login.html" "Mozilla/5.0 (Linux; Android 7.0; iris80 Build/NRD90M) AppleWebKit/537.36 (KHTML, like Gecko) Chrome/56.0.2924.87 Mobile Safari/537.36" "-"
187.237.25.24 - - [20/Sep/2018:10:19:59 -0500] "GET /tecnico/inde.php HTTP/1.1" 302 1429 www.mosproyectos.com.mx "https://www.mosproyectos.com.mx/login.html" "Mozilla/5.0 (Linux; Android 7.0; iris80 Build/NRD90M) AppleWebKit/537.36 (KHTML, like Gecko) Chrome/56.0.2924.87 Mobile Safari/537.36" "-"
187.237.25.24 - - [20/Sep/2018:10:19:59 -0500] "GET /tecnico/indeInicio.php HTTP/1.1" 200 12530 www.mosproyectos.com.mx "https://www.mosproyectos.com.mx/login.html" "Mozilla/5.0 (Linux; Android 7.0; iris80 Build/NRD90M) AppleWebKit/537.36 (KHTML, like Gecko) Chrome/56.0.2924.87 Mobile Safari/537.36" "-"
187.237.25.24 - - [20/Sep/2018:10:20:00 -0500] "GET /css/slider.css HTTP/1.1" 404 1364 www.mosproyectos.com.mx "https://www.mosproyectos.com.mx/tecnico/indeInicio.php" "Mozilla/5.0 (Linux; Android 7.0; iris80 Build/NRD90M) AppleWebKit/537.36 (KHTML, like Gecko) Chrome/56.0.2924.87 Mobile Safari/537.36" "-"
187.237.25.24 - - [20/Sep/2018:10:20:03 -0500] "GET /tecnico/dataosuall.php HTTP/1.1" 200 6627 www.mosproyectos.com.mx "https://www.mosproyectos.com.mx/tecnico/indeInicio.php" "Mozilla/5.0 (Linux; Android 7.0; iris80 Build/NRD90M) AppleWebKit/537.36 (KHTML, like Gecko) Chrome/56.0.2924.87 Mobile Safari/537.36" "-"
187.136.246.187 - - [20/Sep/2018:10:20:56 -0500] "GET /sureste/supervisor/search.php?dato=9999279284 HTTP/1.1" 200 6341 www.mosproyectos.com.mx "https://www.mosproyectos.com.mx/sureste/supervisor/search.php?dato=9995189465" "Mozilla/5.0 (Windows NT 10.0; WOW64) AppleWebKit/537.36 (KHTML, like Gecko) Chrome/68.0.3440.106 Safari/537.36" "-"
187.136.246.187 - - [20/Sep/2018:10:21:03 -0500] "GET /sureste/supervisor/addROs.php HTTP/1.1" 200 12062 www.mosproyectos.com.mx "https://www.mosproyectos.com.mx/sureste/supervisor/search.php?dato=9999279284" "Mozilla/5.0 (Windows NT 10.0; WOW64) AppleWebKit/537.36 (KHTML, like Gecko) Chrome/68.0.3440.106 Safari/537.36" "-"
187.190.163.73 - - [20/Sep/2018:10:21:59 -0500] "GET /os/26464_3.jpg HTTP/1.1" 206 48881 www.mosproyectos.com.mx "https://www.mosproyectos.com.mx/cbajantes/search.php?dato=54906136" "Mozilla/5.0 (Windows NT 6.1; WOW64) AppleWebKit/537.36 (KHTML, like Gecko) Chrome/58.0.2988.0 Safari/537.36" "-"
187.190.163.73 - - [20/Sep/2018:10:21:59 -0500] "GET /os/26464_0.jpg HTTP/1.1" 206 2689699 www.mosproyectos.com.mx "https://www.mosproyectos.com.mx/cbajantes/search.php?dato=54906136" "Mozilla/5.0 (Windows NT 6.1; WOW64) AppleWebKit/537.36 (KHTML, like Gecko) Chrome/58.0.2988.0 Safari/537.36" "-"
187.190.163.73 - - [20/Sep/2018:10:21:59 -0500] "GET /cbajantes/search.php?dato=52942717 HTTP/1.1" 200 27983 www.mosproyectos.com.mx "https://www.mosproyectos.com.mx/cbajantes/search.php?dato=54906136" "Mozilla/5.0 (Windows NT 6.1; WOW64) AppleWebKit/537.36 (KHTML, like Gecko) Chrome/58.0.2988.0 Safari/537.36" "-"
187.190.163.73 - - [20/Sep/2018:10:22:00 -0500] "GET /os/23265_1.jpg HTTP/1.1" 200 1401810 www.mosproyectos.com.mx "https://www.mosproyectos.com.mx/cbajantes/search.php?dato=52942717" "Mozilla/5.0 (Windows NT 6.1; WOW64) AppleWebKit/537.36 (KHTML, like Gecko) Chrome/58.0.2988.0 Safari/537.36" "-"
187.190.163.73 - - [20/Sep/2018:10:22:00 -0500] "GET /os/23265_0.jpg HTTP/1.1" 200 1470027 www.mosproyectos.com.mx "https://www.mosproyectos.com.mx/cbajantes/search.php?dato=52942717" "Mozilla/5.0 (Windows NT 6.1; WOW64) AppleWebKit/537.36 (KHTML, like Gecko) Chrome/58.0.2988.0 Safari/537.36" "-"
187.190.163.73 - - [20/Sep/2018:10:22:01 -0500] "GET /os/23265_2.jpg HTTP/1.1" 200 1261885 www.mosproyectos.com.mx "https://www.mosproyectos.com.mx/cbajantes/search.php?dato=52942717" "Mozilla/5.0 (Windows NT 6.1; WOW64) AppleWebKit/537.36 (KHTML, like Gecko) Chrome/58.0.2988.0 Safari/537.36" "-"
187.190.163.73 - - [20/Sep/2018:10:22:01 -0500] "GET /os/23265_3.jpg HTTP/1.1" 200 1206684 www.mosproyectos.com.mx "https://www.mosproyectos.com.mx/cbajantes/search.php?dato=52942717" "Mozilla/5.0 (Windows NT 6.1; WOW64) AppleWebKit/537.36 (KHTML, like Gecko) Chrome/58.0.2988.0 Safari/537.36" "-"
187.190.163.73 - - [20/Sep/2018:10:22:01 -0500] "GET /os/23265_4.jpg HTTP/1.1" 200 1131156 www.mosproyectos.com.mx "https://www.mosproyectos.com.mx/cbajantes/search.php?dato=52942717" "Mozilla/5.0 (Windows NT 6.1; WOW64) AppleWebKit/537.36 (KHTML, like Gecko) Chrome/58.0.2988.0 Safari/537.36" "-"
187.190.163.73 - - [20/Sep/2018:10:22:01 -0500] "GET /os/23265_5.jpg HTTP/1.1" 200 1420387 www.mosproyectos.com.mx "https://www.mosproyectos.com.mx/cbajantes/search.php?dato=52942717" "Mozilla/5.0 (Windows NT 6.1; WOW64) AppleWebKit/537.36 (KHTML, like Gecko) Chrome/58.0.2988.0 Safari/537.36" "-"
187.190.163.73 - - [20/Sep/2018:10:22:03 -0500] "GET /os/23265_6.jpg HTTP/1.1" 200 1232391 www.mosproyectos.com.mx "https://www.mosproyectos.com.mx/cbajantes/search.php?dato=52942717" "Mozilla/5.0 (Windows NT 6.1; WOW64) AppleWebKit/537.36 (KHTML, like Gecko) Chrome/58.0.2988.0 Safari/537.36" "-"
187.136.246.187 - - [20/Sep/2018:10:22:04 -0500] "POST /sureste/supervisor/addOsRN.php HTTP/1.1" 200 206 www.mosproyectos.com.mx "https://www.mosproyectos.com.mx/sureste/supervisor/addROs.php" "Mozilla/5.0 (Windows NT 10.0; WOW64) AppleWebKit/537.36 (KHTML, like Gecko) Chrome/68.0.3440.106 Safari/537.36" "-"
187.136.246.187 - - [20/Sep/2018:10:22:05 -0500] "GET /sureste/supervisor/addOs.php HTTP/1.1" 200 582438 www.mosproyectos.com.mx "https://www.mosproyectos.com.mx/sureste/supervisor/addOsRN.php" "Mozilla/5.0 (Windows NT 10.0; WOW64) AppleWebKit/537.36 (KHTML, like Gecko) Chrome/68.0.3440.106 Safari/537.36" "-"
187.136.246.187 - - [20/Sep/2018:10:22:17 -0500] "GET /sureste/supervisor/search.php HTTP/1.1" 200 6338 www.mosproyectos.com.mx "https://www.mosproyectos.com.mx/sureste/supervisor/addOs.php" "Mozilla/5.0 (Windows NT 10.0; WOW64) AppleWebKit/537.36 (KHTML, like Gecko) Chrome/68.0.3440.106 Safari/537.36" "-"
187.136.246.187 - - [20/Sep/2018:10:25:04 -0500] "GET /sureste/supervisor/search.php?dato=9999279284 HTTP/1.1" 200 14459 www.mosproyectos.com.mx "https://www.mosproyectos.com.mx/sureste/supervisor/search.php" "Mozilla/5.0 (Windows NT 10.0; WOW64) AppleWebKit/537.36 (KHTML, like Gecko) Chrome/68.0.3440.106 Safari/537.36" "-"
187.136.246.187 - - [20/Sep/2018:10:25:04 -0500] "GET /sureste/supervisor/search.php?dato=36000769 HTTP/1.1" 200 14962 www.mosproyectos.com.mx "https://www.mosproyectos.com.mx/sureste/supervisor/search.php?dato=9999279284" "Mozilla/5.0 (Windows NT 10.0; WOW64) AppleWebKit/537.36 (KHTML, like Gecko) Chrome/68.0.3440.106 Safari/537.36" "-"
187.136.246.187 - - [20/Sep/2018:10:25:21 -0500] "GET /sureste/supervisor/search.php?dato=9999444962 HTTP/1.1" 200 14961 www.mosproyectos.com.mx "https://www.mosproyectos.com.mx/sureste/supervisor/search.php?dato=36000769" "Mozilla/5.0 (Windows NT 10.0; WOW64) AppleWebKit/537.36 (KHTML, like Gecko) Chrome/68.0.3440.106 Safari/537.36" "-"
187.136.246.187 - - [20/Sep/2018:10:25:27 -0500] "GET /sureste/supervisor/search.php?dato=9999279296 HTTP/1.1" 200 14961 www.mosproyectos.com.mx "https://www.mosproyectos.com.mx/sureste/supervisor/search.php?dato=9999444962" "Mozilla/5.0 (Windows NT 10.0; WOW64) AppleWebKit/537.36 (KHTML, like Gecko) Chrome/68.0.3440.106 Safari/537.36" "-"
187.136.246.187 - - [20/Sep/2018:10:25:32 -0500] "GET /sureste/supervisor/search.php?dato=9995188671 HTTP/1.1" 200 5833 www.mosproyectos.com.mx "https://www.mosproyectos.com.mx/sureste/supervisor/search.php?dato=9999279296" "Mozilla/5.0 (Windows NT 10.0; WOW64) AppleWebKit/537.36 (KHTML, like Gecko) Chrome/68.0.3440.106 Safari/537.36" "-"
187.136.246.187 - - [20/Sep/2018:10:25:35 -0500] "GET /sureste/supervisor/search.php?dato=9995188671 HTTP/1.1" 200 5833 www.mosproyectos.com.mx "https://www.mosproyectos.com.mx/sureste/supervisor/search.php?dato=9999279296" "Mozilla/5.0 (Windows NT 10.0; WOW64) AppleWebKit/537.36 (KHTML, like Gecko) Chrome/68.0.3440.106 Safari/537.36" "-"
187.136.246.187 - - [20/Sep/2018:10:25:37 -0500] "GET /sureste/supervisor/search.php?dato=9995188671 HTTP/1.1" 200 14966 www.mosproyectos.com.mx "https://www.mosproyectos.com.mx/sureste/supervisor/search.php?dato=9999279296" "Mozilla/5.0 (Windows NT 10.0; WOW64) AppleWebKit/537.36 (KHTML, like Gecko) Chrome/68.0.3440.106 Safari/537.36" "-"
187.136.246.187 - - [20/Sep/2018:10:25:43 -0500] "GET /sureste/supervisor/search.php?dato=9994811842 HTTP/1.1" 200 14959 www.mosproyectos.com.mx "https://www.mosproyectos.com.mx/sureste/supervisor/search.php?dato=9995188671" "Mozilla/5.0 (Windows NT 10.0; WOW64) AppleWebKit/537.36 (KHTML, like Gecko) Chrome/68.0.3440.106 Safari/537.36" "-"
187.136.246.187 - - [20/Sep/2018:10:26:06 -0500] "GET /sureste/supervisor/search.php?dato=9995188671 HTTP/1.1" 200 14966 www.mosproyectos.com.mx "https://www.mosproyectos.com.mx/sureste/supervisor/search.php?dato=9994811842" "Mozilla/5.0 (Windows NT 10.0; WOW64) AppleWebKit/537.36 (KHTML, like Gecko) Chrome/68.0.3440.106 Safari/537.36" "-"
187.190.163.73 - - [20/Sep/2018:10:26:07 -0500] "GET /cbajantes/search.php?dato=54577874 HTTP/1.1" 200 6364 www.mosproyectos.com.mx "https://www.mosproyectos.com.mx/cbajantes/search.php?dato=52942717" "Mozilla/5.0 (Windows NT 6.1; WOW64) AppleWebKit/537.36 (KHTML, like Gecko) Chrome/58.0.2988.0 Safari/537.36" "-"
189.177.146.159 - - [20/Sep/2018:10:27:12 -0500] "GET /occidente/tecnico/dataosuall.php HTTP/1.1" 200 5854 www.mosproyectos.com.mx "https://www.mosproyectos.com.mx/occidente/tecnico/dataosuall.php" "Mozilla/5.0 (Linux; Android 4.1.2; GT-S6810M Build/JZO54K) AppleWebKit/537.36 (KHTML, like Gecko) Chrome/69.0.3497.100 Mobile Safari/537.36" "-"
189.177.146.159 - - [20/Sep/2018:10:27:30 -0500] "GET /occidente/tecnico/dataosuall.php HTTP/1.1" 200 5854 www.mosproyectos.com.mx "https://www.mosproyectos.com.mx/occidente/tecnico/dataosuall.php" "Mozilla/5.0 (Linux; Android 4.1.2; GT-S6810M Build/JZO54K) AppleWebKit/537.36 (KHTML, like Gecko) Chrome/69.0.3497.100 Mobile Safari/537.36" "-"
187.147.170.87 - - [20/Sep/2018:10:27:33 -0500] "GET /sureste/css/slider.css HTTP/1.1" 404 1364 www.mosproyectos.com.mx "https://www.mosproyectos.com.mx/sureste/" "Mozilla/5.0 (Linux; Android 7.1.1; SM-J510MN Build/NMF26X) AppleWebKit/537.36 (KHTML, like Gecko) Chrome/69.0.3497.91 Mobile Safari/537.36" "-"
189.177.146.159 - - [20/Sep/2018:10:27:34 -0500] "GET /occidente/logout.php HTTP/1.1" 302 - www.mosproyectos.com.mx "https://www.mosproyectos.com.mx/occidente/tecnico/dataosuall.php" "Mozilla/5.0 (Linux; Android 4.1.2; GT-S6810M Build/JZO54K) AppleWebKit/537.36 (KHTML, like Gecko) Chrome/69.0.3497.100 Mobile Safari/537.36" "-"
189.177.146.159 - - [20/Sep/2018:10:27:35 -0500] "GET /occidente/css/slider.css HTTP/1.1" 404 1364 www.mosproyectos.com.mx "https://www.mosproyectos.com.mx/occidente/index.html" "Mozilla/5.0 (Linux; Android 4.1.2; GT-S6810M Build/JZO54K) AppleWebKit/537.36 (KHTML, like Gecko) Chrome/69.0.3497.100 Mobile Safari/537.36" "-"
187.147.170.87 - - [20/Sep/2018:10:27:37 -0500] "POST /sureste/login.php HTTP/1.1" 302 155 www.mosproyectos.com.mx "https://www.mosproyectos.com.mx/sureste/" "Mozilla/5.0 (Linux; Android 7.1.1; SM-J510MN Build/NMF26X) AppleWebKit/537.36 (KHTML, like Gecko) Chrome/69.0.3497.91 Mobile Safari/537.36" "-"
187.147.170.87 - - [20/Sep/2018:10:27:37 -0500] "GET /sureste/tecnico/inde.php HTTP/1.1" 302 1429 www.mosproyectos.com.mx "https://www.mosproyectos.com.mx/sureste/" "Mozilla/5.0 (Linux; Android 7.1.1; SM-J510MN Build/NMF26X) AppleWebKit/537.36 (KHTML, like Gecko) Chrome/69.0.3497.91 Mobile Safari/537.36" "-"
187.147.170.87 - - [20/Sep/2018:10:27:38 -0500] "GET /sureste/tecnico/indeInicio.php HTTP/1.1" 200 10009 www.mosproyectos.com.mx "https://www.mosproyectos.com.mx/sureste/" "Mozilla/5.0 (Linux; Android 7.1.1; SM-J510MN Build/NMF26X) AppleWebKit/537.36 (KHTML, like Gecko) Chrome/69.0.3497.91 Mobile Safari/537.36" "-"
187.147.170.87 - - [20/Sep/2018:10:27:38 -0500] "GET /sureste/css/slider.css HTTP/1.1" 404 1364 www.mosproyectos.com.mx "https://www.mosproyectos.com.mx/sureste/tecnico/indeInicio.php" "Mozilla/5.0 (Linux; Android 7.1.1; SM-J510MN Build/NMF26X) AppleWebKit/537.36 (KHTML, like Gecko) Chrome/69.0.3497.91 Mobile Safari/537.36" "-"
187.147.170.87 - - [20/Sep/2018:10:27:41 -0500] "GET /sureste/tecnico/dataosuall.php HTTP/1.1" 200 83776 www.mosproyectos.com.mx "https://www.mosproyectos.com.mx/sureste/tecnico/indeInicio.php" "Mozilla/5.0 (Linux; Android 7.1.1; SM-J510MN Build/NMF26X) AppleWebKit/537.36 (KHTML, like Gecko) Chrome/69.0.3497.91 Mobile Safari/537.36" "-"
189.177.146.159 - - [20/Sep/2018:10:27:53 -0500] "POST /occidente/login.php HTTP/1.1" 302 105 www.mosproyectos.com.mx "https://www.mosproyectos.com.mx/occidente/index.html" "Mozilla/5.0 (Linux; Android 4.1.2; GT-S6810M Build/JZO54K) AppleWebKit/537.36 (KHTML, like Gecko) Chrome/69.0.3497.100 Mobile Safari/537.36" "-"
189.177.146.159 - - [20/Sep/2018:10:27:53 -0500] "GET /occidente/supervisor/inde.php HTTP/1.1" 200 13283 www.mosproyectos.com.mx "https://www.mosproyectos.com.mx/occidente/index.html" "Mozilla/5.0 (Linux; Android 4.1.2; GT-S6810M Build/JZO54K) AppleWebKit/537.36 (KHTML, like Gecko) Chrome/69.0.3497.100 Mobile Safari/537.36" "-"
187.136.246.187 - - [20/Sep/2018:10:28:00 -0500] "GET /sureste/supervisor/search.php?dato=36167101 HTTP/1.1" 200 27381 www.mosproyectos.com.mx "https://www.mosproyectos.com.mx/sureste/supervisor/search.php?dato=9995188671" "Mozilla/5.0 (Windows NT 10.0; WOW64) AppleWebKit/537.36 (KHTML, like Gecko) Chrome/68.0.3440.106 Safari/537.36" "-"
189.177.146.159 - - [20/Sep/2018:10:28:07 -0500] "GET /occidente/logout.php HTTP/1.1" 302 - www.mosproyectos.com.mx "https://www.mosproyectos.com.mx/occidente/supervisor/inde.php" "Mozilla/5.0 (Linux; Android 4.1.2; GT-S6810M Build/JZO54K) AppleWebKit/537.36 (KHTML, like Gecko) Chrome/69.0.3497.100 Mobile Safari/537.36" "-"
189.177.146.159 - - [20/Sep/2018:10:28:08 -0500] "GET /occidente/css/slider.css HTTP/1.1" 404 1364 www.mosproyectos.com.mx "https://www.mosproyectos.com.mx/occidente/index.html" "Mozilla/5.0 (Linux; Android 4.1.2; GT-S6810M Build/JZO54K) AppleWebKit/537.36 (KHTML, like Gecko) Chrome/69.0.3497.100 Mobile Safari/537.36" "-"
187.136.246.187 - - [20/Sep/2018:10:28:16 -0500] "GET /sureste/supervisor/search.php?dato=36045403 HTTP/1.1" 200 6339 www.mosproyectos.com.mx "https://www.mosproyectos.com.mx/sureste/supervisor/search.php?dato=36167101" "Mozilla/5.0 (Windows NT 10.0; WOW64) AppleWebKit/537.36 (KHTML, like Gecko) Chrome/68.0.3440.106 Safari/537.36" "-"
189.177.146.159 - - [20/Sep/2018:10:28:21 -0500] "POST /occidente/login.php HTTP/1.1" 302 73 www.mosproyectos.com.mx "https://www.mosproyectos.com.mx/occidente/index.html" "Mozilla/5.0 (Linux; Android 4.1.2; GT-S6810M Build/JZO54K) AppleWebKit/537.36 (KHTML, like Gecko) Chrome/69.0.3497.100 Mobile Safari/537.36" "-"
189.177.146.159 - - [20/Sep/2018:10:28:21 -0500] "GET /occidente/tecnico/inde.php HTTP/1.1" 302 1429 www.mosproyectos.com.mx "https://www.mosproyectos.com.mx/occidente/index.html" "Mozilla/5.0 (Linux; Android 4.1.2; GT-S6810M Build/JZO54K) AppleWebKit/537.36 (KHTML, like Gecko) Chrome/69.0.3497.100 Mobile Safari/537.36" "-"
189.177.146.159 - - [20/Sep/2018:10:28:21 -0500] "GET /occidente/tecnico/indeInicio.php HTTP/1.1" 200 6610 www.mosproyectos.com.mx "https://www.mosproyectos.com.mx/occidente/index.html" "Mozilla/5.0 (Linux; Android 4.1.2; GT-S6810M Build/JZO54K) AppleWebKit/537.36 (KHTML, like Gecko) Chrome/69.0.3497.100 Mobile Safari/537.36" "-"
189.177.146.159 - - [20/Sep/2018:10:28:22 -0500] "GET /occidente/css/slider.css HTTP/1.1" 404 1364 www.mosproyectos.com.mx "https://www.mosproyectos.com.mx/occidente/tecnico/indeInicio.php" "Mozilla/5.0 (Linux; Android 4.1.2; GT-S6810M Build/JZO54K) AppleWebKit/537.36 (KHTML, like Gecko) Chrome/69.0.3497.100 Mobile Safari/537.36" "-"
187.147.170.87 - - [20/Sep/2018:10:28:22 -0500] "POST /sureste/tecnico/dataos.php HTTP/1.1" 200 24437 www.mosproyectos.com.mx "https://www.mosproyectos.com.mx/sureste/tecnico/dataosuall.php" "Mozilla/5.0 (Linux; Android 7.1.1; SM-J510MN Build/NMF26X) AppleWebKit/537.36 (KHTML, like Gecko) Chrome/69.0.3497.91 Mobile Safari/537.36" "-"
187.147.170.87 - - [20/Sep/2018:10:28:22 -0500] "GET /sureste/css/slider.css HTTP/1.1" 404 1364 www.mosproyectos.com.mx "https://www.mosproyectos.com.mx/sureste/tecnico/dataos.php" "Mozilla/5.0 (Linux; Android 7.1.1; SM-J510MN Build/NMF26X) AppleWebKit/537.36 (KHTML, like Gecko) Chrome/69.0.3497.91 Mobile Safari/537.36" "-"
187.136.246.187 - - [20/Sep/2018:10:28:30 -0500] "GET /sureste/supervisor/search.php?dato=9994811842 HTTP/1.1" 200 14959 www.mosproyectos.com.mx "https://www.mosproyectos.com.mx/sureste/supervisor/search.php?dato=36045403" "Mozilla/5.0 (Windows NT 10.0; WOW64) AppleWebKit/537.36 (KHTML, like Gecko) Chrome/68.0.3440.106 Safari/537.36" "-"
189.177.146.159 - - [20/Sep/2018:10:28:36 -0500] "GET /occidente/tecnico/dataosuall.php HTTP/1.1" 200 8014 www.mosproyectos.com.mx "https://www.mosproyectos.com.mx/occidente/tecnico/indeInicio.php" "Mozilla/5.0 (Linux; Android 4.1.2; GT-S6810M Build/JZO54K) AppleWebKit/537.36 (KHTML, like Gecko) Chrome/69.0.3497.100 Mobile Safari/537.36" "-"
187.136.246.187 - - [20/Sep/2018:10:29:02 -0500] "GET /sureste/supervisor/search.php?dato=9999279284 HTTP/1.1" 200 14966 www.mosproyectos.com.mx "https://www.mosproyectos.com.mx/sureste/supervisor/search.php?dato=9994811842" "Mozilla/5.0 (Windows NT 10.0; WOW64) AppleWebKit/537.36 (KHTML, like Gecko) Chrome/68.0.3440.106 Safari/537.36" "-"
