189.128.35.241 - - [20/Sep/2018:09:33:57 -0500] "GET /sureste/supervisor/inde.php HTTP/1.1" 200 24012 www.mosproyectos.com.mx "https://www.mosproyectos.com.mx/sureste/supervisor/infoos.php" "Mozilla/5.0 (Windows NT 10.0; Win64; x64) AppleWebKit/537.36 (KHTML, like Gecko) Chrome/69.0.3497.100 Safari/537.36" "-"
189.128.35.241 - - [20/Sep/2018:09:34:04 -0500] "POST /sureste/supervisor/infoos.php HTTP/1.1" 200 13245 www.mosproyectos.com.mx "https://www.mosproyectos.com.mx/sureste/supervisor/inde.php" "Mozilla/5.0 (Windows NT 10.0; Win64; x64) AppleWebKit/537.36 (KHTML, like Gecko) Chrome/69.0.3497.100 Safari/537.36" "-"
189.128.35.241 - - [20/Sep/2018:09:35:15 -0500] "GET /sureste/css/slider.css HTTP/1.1" 404 1364 www.mosproyectos.com.mx "https://www.mosproyectos.com.mx/sureste/supervisor/infoos.php" "Mozilla/5.0 (Windows NT 10.0; Win64; x64) AppleWebKit/537.36 (KHTML, like Gecko) Chrome/69.0.3497.100 Safari/537.36" "-"
189.128.35.241 - - [20/Sep/2018:09:37:41 -0500] "GET /sureste/supervisor/reAdd.php HTTP/1.1" 200 2801136 www.mosproyectos.com.mx "https://www.mosproyectos.com.mx/sureste/supervisor/infoos.php" "Mozilla/5.0 (Windows NT 10.0; Win64; x64) AppleWebKit/537.36 (KHTML, like Gecko) Chrome/69.0.3497.100 Safari/537.36" "-"
189.128.35.241 - - [20/Sep/2018:09:38:29 -0500] "GET /sureste/supervisor/reAdd.php?folioP=35490229 HTTP/1.1" 200 2801136 www.mosproyectos.com.mx "https://www.mosproyectos.com.mx/sureste/supervisor/reAdd.php" "Mozilla/5.0 (Windows NT 10.0; Win64; x64) AppleWebKit/537.36 (KHTML, like Gecko) Chrome/69.0.3497.100 Safari/537.36" "-"
189.128.35.241 - - [20/Sep/2018:09:39:02 -0500] "POST /sureste/supervisor/reAddF.php HTTP/1.1" 200 11045 www.mosproyectos.com.mx "https://www.mosproyectos.com.mx/sureste/supervisor/reAdd.php?folioP=35490229" "Mozilla/5.0 (Windows NT 10.0; Win64; x64) AppleWebKit/537.36 (KHTML, like Gecko) Chrome/69.0.3497.100 Safari/537.36" "-"
189.128.35.241 - - [20/Sep/2018:09:39:11 -0500] "POST /sureste/supervisor/reAddR.php HTTP/1.1" 200 302 www.mosproyectos.com.mx "https://www.mosproyectos.com.mx/sureste/supervisor/reAddF.php" "Mozilla/5.0 (Windows NT 10.0; Win64; x64) AppleWebKit/537.36 (KHTML, like Gecko) Chrome/69.0.3497.100 Safari/537.36" "-"
189.128.35.241 - - [20/Sep/2018:09:39:12 -0500] "GET /sureste/supervisor/reAdd.php HTTP/1.1" 200 2801136 www.mosproyectos.com.mx "https://www.mosproyectos.com.mx/sureste/supervisor/reAddR.php" "Mozilla/5.0 (Windows NT 10.0; Win64; x64) AppleWebKit/537.36 (KHTML, like Gecko) Chrome/69.0.3497.100 Safari/537.36" "-"
2806:10be:3:25d7:614c:bec5:9a3b:da6a - - [20/Sep/2018:09:39:32 -0500] "GET /favicon.ico HTTP/1.1" 404 1364 www.mosproyectos.com.mx "-" "Mozilla/5.0 (Android 5.0; Mobile; rv:62.0.1) Gecko/62.0.1 Firefox/62.0.1" "-"
189.128.35.241 - - [20/Sep/2018:09:39:38 -0500] "GET /sureste/supervisor/reAdd.php?folioP=35946698 HTTP/1.1" 200 2801153 www.mosproyectos.com.mx "https://www.mosproyectos.com.mx/sureste/supervisor/reAdd.php" "Mozilla/5.0 (Windows NT 10.0; Win64; x64) AppleWebKit/537.36 (KHTML, like Gecko) Chrome/69.0.3497.100 Safari/537.36" "-"
187.136.46.170 - - [20/Sep/2018:09:39:47 -0500] "GET /sureste/tecnico/dataos.php HTTP/1.1" 200 25118 www.mosproyectos.com.mx "https://www.mosproyectos.com.mx/sureste/tecnico/upload.php" "Mozilla/5.0 (Android 5.0; Mobile; rv:62.0) Gecko/62.0 Firefox/62.0" "-"
187.136.46.170 - - [20/Sep/2018:09:39:47 -0500] "GET /sureste/css/bootstrap.css HTTP/1.1" 200 152923 www.mosproyectos.com.mx "https://www.mosproyectos.com.mx/sureste/tecnico/dataos.php" "Mozilla/5.0 (Android 5.0; Mobile; rv:62.0) Gecko/62.0 Firefox/62.0" "-"
187.136.46.170 - - [20/Sep/2018:09:39:47 -0500] "GET /sureste/css/slider.css HTTP/1.1" 404 1364 www.mosproyectos.com.mx "https://www.mosproyectos.com.mx/sureste/tecnico/dataos.php" "Mozilla/5.0 (Android 5.0; Mobile; rv:62.0) Gecko/62.0 Firefox/62.0" "-"
187.136.46.170 - - [20/Sep/2018:09:39:47 -0500] "GET /sureste/js/jquery.min.js HTTP/1.1" 200 95933 www.mosproyectos.com.mx "https://www.mosproyectos.com.mx/sureste/tecnico/dataos.php" "Mozilla/5.0 (Android 5.0; Mobile; rv:62.0) Gecko/62.0 Firefox/62.0" "-"
187.136.46.170 - - [20/Sep/2018:09:39:47 -0500] "GET /sureste/syspic/logo.png HTTP/1.1" 200 11238 www.mosproyectos.com.mx "https://www.mosproyectos.com.mx/sureste/tecnico/dataos.php" "Mozilla/5.0 (Android 5.0; Mobile; rv:62.0) Gecko/62.0 Firefox/62.0" "-"
187.136.46.170 - - [20/Sep/2018:09:39:47 -0500] "GET /sureste/syspic/close.ico HTTP/1.1" 200 192323 www.mosproyectos.com.mx "https://www.mosproyectos.com.mx/sureste/tecnico/dataos.php" "Mozilla/5.0 (Android 5.0; Mobile; rv:62.0) Gecko/62.0 Firefox/62.0" "-"
187.136.46.170 - - [20/Sep/2018:09:39:47 -0500] "GET /sureste/js/jquery-3.2.0.min.js HTTP/1.1" 200 86600 www.mosproyectos.com.mx "https://www.mosproyectos.com.mx/sureste/tecnico/dataos.php" "Mozilla/5.0 (Android 5.0; Mobile; rv:62.0) Gecko/62.0 Firefox/62.0" "-"
187.136.46.170 - - [20/Sep/2018:09:39:48 -0500] "GET /sureste/js/bootstrap.min.js HTTP/1.1" 200 37051 www.mosproyectos.com.mx "https://www.mosproyectos.com.mx/sureste/tecnico/dataos.php" "Mozilla/5.0 (Android 5.0; Mobile; rv:62.0) Gecko/62.0 Firefox/62.0" "-"
187.136.46.170 - - [20/Sep/2018:09:39:48 -0500] "GET /sureste/js/menu.js HTTP/1.1" 200 3003 www.mosproyectos.com.mx "https://www.mosproyectos.com.mx/sureste/tecnico/dataos.php" "Mozilla/5.0 (Android 5.0; Mobile; rv:62.0) Gecko/62.0 Firefox/62.0" "-"
2806:10be:3:25d7:614c:bec5:9a3b:da6a - - [20/Sep/2018:09:39:50 -0500] "GET /sureste/syspic/favicon.png HTTP/1.1" 200 32846 www.mosproyectos.com.mx "-" "Mozilla/5.0 (Android 5.0; Mobile; rv:62.0.1) Gecko/62.0.1 Firefox/62.0.1" "-"
189.128.35.241 - - [20/Sep/2018:09:40:05 -0500] "POST /sureste/supervisor/reAddF.php HTTP/1.1" 200 11062 www.mosproyectos.com.mx "https://www.mosproyectos.com.mx/sureste/supervisor/reAdd.php?folioP=35946698" "Mozilla/5.0 (Windows NT 10.0; Win64; x64) AppleWebKit/537.36 (KHTML, like Gecko) Chrome/69.0.3497.100 Safari/537.36" "-"
189.128.35.241 - - [20/Sep/2018:09:40:08 -0500] "POST /sureste/supervisor/reAddR.php HTTP/1.1" 200 302 www.mosproyectos.com.mx "https://www.mosproyectos.com.mx/sureste/supervisor/reAddF.php" "Mozilla/5.0 (Windows NT 10.0; Win64; x64) AppleWebKit/537.36 (KHTML, like Gecko) Chrome/69.0.3497.100 Safari/537.36" "-"
189.128.35.241 - - [20/Sep/2018:09:40:09 -0500] "GET /sureste/supervisor/reAdd.php HTTP/1.1" 200 2801136 www.mosproyectos.com.mx "https://www.mosproyectos.com.mx/sureste/supervisor/reAddR.php" "Mozilla/5.0 (Windows NT 10.0; Win64; x64) AppleWebKit/537.36 (KHTML, like Gecko) Chrome/69.0.3497.100 Safari/537.36" "-"
189.128.35.241 - - [20/Sep/2018:09:41:14 -0500] "GET /sureste/supervisor/search.php HTTP/1.1" 200 6342 www.mosproyectos.com.mx "https://www.mosproyectos.com.mx/sureste/supervisor/reAdd.php" "Mozilla/5.0 (Windows NT 10.0; Win64; x64) AppleWebKit/537.36 (KHTML, like Gecko) Chrome/69.0.3497.100 Safari/537.36" "-"
189.128.35.241 - - [20/Sep/2018:09:41:17 -0500] "GET /sureste/supervisor/search.php?dato=35946698 HTTP/1.1" 200 15001 www.mosproyectos.com.mx "https://www.mosproyectos.com.mx/sureste/supervisor/search.php" "Mozilla/5.0 (Windows NT 10.0; Win64; x64) AppleWebKit/537.36 (KHTML, like Gecko) Chrome/69.0.3497.100 Safari/537.36" "-"
189.128.35.241 - - [20/Sep/2018:09:41:28 -0500] "GET /sureste/supervisor/search.php?dato=35460934 HTTP/1.1" 200 14999 www.mosproyectos.com.mx "https://www.mosproyectos.com.mx/sureste/supervisor/search.php?dato=35946698" "Mozilla/5.0 (Windows NT 10.0; Win64; x64) AppleWebKit/537.36 (KHTML, like Gecko) Chrome/69.0.3497.100 Safari/537.36" "-"
189.128.35.241 - - [20/Sep/2018:09:41:37 -0500] "GET /sureste/supervisor/reAdd.php HTTP/1.1" 200 2801136 www.mosproyectos.com.mx "https://www.mosproyectos.com.mx/sureste/supervisor/search.php?dato=35460934" "Mozilla/5.0 (Windows NT 10.0; Win64; x64) AppleWebKit/537.36 (KHTML, like Gecko) Chrome/69.0.3497.100 Safari/537.36" "-"
189.128.35.241 - - [20/Sep/2018:09:42:02 -0500] "GET /sureste/supervisor/reAdd.php?folioP=35460934 HTTP/1.1" 200 2801143 www.mosproyectos.com.mx "https://www.mosproyectos.com.mx/sureste/supervisor/reAdd.php" "Mozilla/5.0 (Windows NT 10.0; Win64; x64) AppleWebKit/537.36 (KHTML, like Gecko) Chrome/69.0.3497.100 Safari/537.36" "-"
189.128.35.241 - - [20/Sep/2018:09:42:16 -0500] "POST /sureste/supervisor/reAddF.php HTTP/1.1" 200 11052 www.mosproyectos.com.mx "https://www.mosproyectos.com.mx/sureste/supervisor/reAdd.php?folioP=35460934" "Mozilla/5.0 (Windows NT 10.0; Win64; x64) AppleWebKit/537.36 (KHTML, like Gecko) Chrome/69.0.3497.100 Safari/537.36" "-"
189.128.35.241 - - [20/Sep/2018:09:42:19 -0500] "POST /sureste/supervisor/reAddR.php HTTP/1.1" 200 302 www.mosproyectos.com.mx "https://www.mosproyectos.com.mx/sureste/supervisor/reAddF.php" "Mozilla/5.0 (Windows NT 10.0; Win64; x64) AppleWebKit/537.36 (KHTML, like Gecko) Chrome/69.0.3497.100 Safari/537.36" "-"
189.128.35.241 - - [20/Sep/2018:09:42:21 -0500] "GET /sureste/supervisor/reAdd.php HTTP/1.1" 200 2801136 www.mosproyectos.com.mx "https://www.mosproyectos.com.mx/sureste/supervisor/reAddR.php" "Mozilla/5.0 (Windows NT 10.0; Win64; x64) AppleWebKit/537.36 (KHTML, like Gecko) Chrome/69.0.3497.100 Safari/537.36" "-"
189.128.35.241 - - [20/Sep/2018:09:42:40 -0500] "GET /sureste/supervisor/inde.php HTTP/1.1" 200 24012 www.mosproyectos.com.mx "https://www.mosproyectos.com.mx/sureste/supervisor/reAdd.php" "Mozilla/5.0 (Windows NT 10.0; Win64; x64) AppleWebKit/537.36 (KHTML, like Gecko) Chrome/69.0.3497.100 Safari/537.36" "-"
189.128.35.241 - - [20/Sep/2018:09:42:48 -0500] "POST /sureste/supervisor/infoos.php HTTP/1.1" 200 10000 www.mosproyectos.com.mx "https://www.mosproyectos.com.mx/sureste/supervisor/inde.php" "Mozilla/5.0 (Windows NT 10.0; Win64; x64) AppleWebKit/537.36 (KHTML, like Gecko) Chrome/69.0.3497.100 Safari/537.36" "-"
189.128.35.241 - - [20/Sep/2018:09:42:50 -0500] "GET /sureste/tecnico/dataos.php HTTP/1.1" 200 25118 www.mosproyectos.com.mx "-" "Mozilla/5.0 (Linux; Android 6.0.1; SM-G610M Build/MMB29K) AppleWebKit/537.36 (KHTML, like Gecko) Chrome/69.0.3497.100 Mobile Safari/537.36" "-"
189.128.35.241 - - [20/Sep/2018:09:42:50 -0500] "GET /sureste/css/slider.css HTTP/1.1" 404 1364 www.mosproyectos.com.mx "https://www.mosproyectos.com.mx/sureste/tecnico/dataos.php" "Mozilla/5.0 (Linux; Android 6.0.1; SM-G610M Build/MMB29K) AppleWebKit/537.36 (KHTML, like Gecko) Chrome/69.0.3497.100 Mobile Safari/537.36" "-"
189.128.35.241 - - [20/Sep/2018:09:42:52 -0500] "GET /sureste/logout.php HTTP/1.1" 302 - www.mosproyectos.com.mx "https://www.mosproyectos.com.mx/sureste/tecnico/dataos.php" "Mozilla/5.0 (Linux; Android 6.0.1; SM-G610M Build/MMB29K) AppleWebKit/537.36 (KHTML, like Gecko) Chrome/69.0.3497.100 Mobile Safari/537.36" "-"
189.128.35.241 - - [20/Sep/2018:09:42:53 -0500] "GET /sureste/css/slider.css HTTP/1.1" 404 1364 www.mosproyectos.com.mx "https://www.mosproyectos.com.mx/sureste/index.html" "Mozilla/5.0 (Linux; Android 6.0.1; SM-G610M Build/MMB29K) AppleWebKit/537.36 (KHTML, like Gecko) Chrome/69.0.3497.100 Mobile Safari/537.36" "-"
189.128.35.241 - - [20/Sep/2018:09:42:54 -0500] "POST /sureste/login.php HTTP/1.1" 302 155 www.mosproyectos.com.mx "https://www.mosproyectos.com.mx/sureste/index.html" "Mozilla/5.0 (Linux; Android 6.0.1; SM-G610M Build/MMB29K) AppleWebKit/537.36 (KHTML, like Gecko) Chrome/69.0.3497.100 Mobile Safari/537.36" "-"
189.128.35.241 - - [20/Sep/2018:09:42:54 -0500] "GET /sureste/tecnico/inde.php HTTP/1.1" 302 1429 www.mosproyectos.com.mx "https://www.mosproyectos.com.mx/sureste/index.html" "Mozilla/5.0 (Linux; Android 6.0.1; SM-G610M Build/MMB29K) AppleWebKit/537.36 (KHTML, like Gecko) Chrome/69.0.3497.100 Mobile Safari/537.36" "-"
189.128.35.241 - - [20/Sep/2018:09:42:54 -0500] "GET /sureste/tecnico/indeInicio.php HTTP/1.1" 200 15740 www.mosproyectos.com.mx "https://www.mosproyectos.com.mx/sureste/index.html" "Mozilla/5.0 (Linux; Android 6.0.1; SM-G610M Build/MMB29K) AppleWebKit/537.36 (KHTML, like Gecko) Chrome/69.0.3497.100 Mobile Safari/537.36" "-"
189.128.35.241 - - [20/Sep/2018:09:42:54 -0500] "GET /sureste/css/slider.css HTTP/1.1" 404 1364 www.mosproyectos.com.mx "https://www.mosproyectos.com.mx/sureste/tecnico/indeInicio.php" "Mozilla/5.0 (Linux; Android 6.0.1; SM-G610M Build/MMB29K) AppleWebKit/537.36 (KHTML, like Gecko) Chrome/69.0.3497.100 Mobile Safari/537.36" "-"
189.128.35.241 - - [20/Sep/2018:09:42:56 -0500] "GET /sureste/tecnico/dataosuall.php HTTP/1.1" 200 7330 www.mosproyectos.com.mx "https://www.mosproyectos.com.mx/sureste/tecnico/indeInicio.php" "Mozilla/5.0 (Linux; Android 6.0.1; SM-G610M Build/MMB29K) AppleWebKit/537.36 (KHTML, like Gecko) Chrome/69.0.3497.100 Mobile Safari/537.36" "-"
200.68.136.139 - - [20/Sep/2018:09:43:25 -0500] "POST /sureste/tecnico/upload.php HTTP/1.1" 200 890 www.mosproyectos.com.mx "https://www.mosproyectos.com.mx/sureste/tecnico/dataos.php" "Mozilla/5.0 (Linux; Android 5.1; Neffos C5 Build/LMY47D) AppleWebKit/537.36 (KHTML, like Gecko) Chrome/68.0.3440.91 Mobile Safari/537.36" "-"
200.68.136.139 - - [20/Sep/2018:09:43:28 -0500] "POST /sureste/tecnico/dataos.php HTTP/1.1" 200 40963 www.mosproyectos.com.mx "https://www.mosproyectos.com.mx/sureste/tecnico/upload.php" "Mozilla/5.0 (Linux; Android 5.1; Neffos C5 Build/LMY47D) AppleWebKit/537.36 (KHTML, like Gecko) Chrome/68.0.3440.91 Mobile Safari/537.36" "-"
200.68.136.139 - - [20/Sep/2018:09:43:28 -0500] "GET /sureste/css/slider.css HTTP/1.1" 404 1364 www.mosproyectos.com.mx "https://www.mosproyectos.com.mx/sureste/tecnico/dataos.php" "Mozilla/5.0 (Linux; Android 5.1; Neffos C5 Build/LMY47D) AppleWebKit/537.36 (KHTML, like Gecko) Chrome/68.0.3440.91 Mobile Safari/537.36" "-"
66.102.7.62 - - [20/Sep/2018:09:43:37 -0500] "GET /occidente/ HTTP/1.1" 200 4391 www.mosproyectos.com.mx "-" "Mozilla/5.0 (X11; Linux x86_64) AppleWebKit/537.36 (KHTML, like Gecko) Chrome/49.0.2623.75 Safari/537.36 Google Favicon" "-"
66.102.7.36 - - [20/Sep/2018:09:43:37 -0500] "GET /occidente/syspic/favicon.png HTTP/1.1" 200 32846 www.mosproyectos.com.mx "-" "Mozilla/5.0 (X11; Linux x86_64) AppleWebKit/537.36 (KHTML, like Gecko) Chrome/49.0.2623.75 Safari/537.36 Google Favicon" "-"
189.177.146.159 - - [20/Sep/2018:09:43:43 -0500] "GET /occidente/ HTTP/1.1" 200 4391 www.mosproyectos.com.mx "-" "Mozilla/5.0 (X11; CrOS x86_64 10718.88.2) AppleWebKit/537.36 (KHTML, like Gecko) Chrome/68.0.3440.118 Safari/537.36" "-"
189.177.146.159 - - [20/Sep/2018:09:43:43 -0500] "GET /occidente/css/slider.css HTTP/1.1" 404 1364 www.mosproyectos.com.mx "https://www.mosproyectos.com.mx/occidente/" "Mozilla/5.0 (X11; CrOS x86_64 10718.88.2) AppleWebKit/537.36 (KHTML, like Gecko) Chrome/68.0.3440.118 Safari/537.36" "-"
189.177.146.159 - - [20/Sep/2018:09:43:43 -0500] "GET /occidente/css/bootstrap.css HTTP/1.1" 200 152923 www.mosproyectos.com.mx "https://www.mosproyectos.com.mx/occidente/" "Mozilla/5.0 (X11; CrOS x86_64 10718.88.2) AppleWebKit/537.36 (KHTML, like Gecko) Chrome/68.0.3440.118 Safari/537.36" "-"
189.177.146.159 - - [20/Sep/2018:09:43:43 -0500] "GET /occidente/css/alertify.css HTTP/1.1" 300 832 www.mosproyectos.com.mx "https://www.mosproyectos.com.mx/occidente/" "Mozilla/5.0 (X11; CrOS x86_64 10718.88.2) AppleWebKit/537.36 (KHTML, like Gecko) Chrome/68.0.3440.118 Safari/537.36" "-"
189.177.146.159 - - [20/Sep/2018:09:43:43 -0500] "GET /occidente/css/alertify.default.css HTTP/1.1" 200 2552 www.mosproyectos.com.mx "https://www.mosproyectos.com.mx/occidente/" "Mozilla/5.0 (X11; CrOS x86_64 10718.88.2) AppleWebKit/537.36 (KHTML, like Gecko) Chrome/68.0.3440.118 Safari/537.36" "-"
189.177.146.159 - - [20/Sep/2018:09:43:43 -0500] "GET /occidente/js/alertify.min.js HTTP/1.1" 200 7541 www.mosproyectos.com.mx "https://www.mosproyectos.com.mx/occidente/" "Mozilla/5.0 (X11; CrOS x86_64 10718.88.2) AppleWebKit/537.36 (KHTML, like Gecko) Chrome/68.0.3440.118 Safari/537.36" "-"
189.177.146.159 - - [20/Sep/2018:09:43:43 -0500] "GET /occidente/syspic/logo.png HTTP/1.1" 200 11238 www.mosproyectos.com.mx "https://www.mosproyectos.com.mx/occidente/" "Mozilla/5.0 (X11; CrOS x86_64 10718.88.2) AppleWebKit/537.36 (KHTML, like Gecko) Chrome/68.0.3440.118 Safari/537.36" "-"
189.177.146.159 - - [20/Sep/2018:09:43:44 -0500] "GET /occidente/fonts/glyphicons-halflings-regular.woff2 HTTP/1.1" 200 18028 www.mosproyectos.com.mx "https://www.mosproyectos.com.mx/occidente/css/bootstrap.css" "Mozilla/5.0 (X11; CrOS x86_64 10718.88.2) AppleWebKit/537.36 (KHTML, like Gecko) Chrome/68.0.3440.118 Safari/537.36" "-"
189.177.146.159 - - [20/Sep/2018:09:43:49 -0500] "POST /occidente/login.php HTTP/1.1" 302 73 www.mosproyectos.com.mx "https://www.mosproyectos.com.mx/occidente/" "Mozilla/5.0 (X11; CrOS x86_64 10718.88.2) AppleWebKit/537.36 (KHTML, like Gecko) Chrome/68.0.3440.118 Safari/537.36" "-"
189.177.146.159 - - [20/Sep/2018:09:43:49 -0500] "GET /occidente/tecnico/inde.php HTTP/1.1" 302 1429 www.mosproyectos.com.mx "https://www.mosproyectos.com.mx/occidente/" "Mozilla/5.0 (X11; CrOS x86_64 10718.88.2) AppleWebKit/537.36 (KHTML, like Gecko) Chrome/68.0.3440.118 Safari/537.36" "-"
189.177.146.159 - - [20/Sep/2018:09:43:49 -0500] "GET /occidente/tecnico/indeInicio.php HTTP/1.1" 200 6609 www.mosproyectos.com.mx "https://www.mosproyectos.com.mx/occidente/" "Mozilla/5.0 (X11; CrOS x86_64 10718.88.2) AppleWebKit/537.36 (KHTML, like Gecko) Chrome/68.0.3440.118 Safari/537.36" "-"
189.177.146.159 - - [20/Sep/2018:09:43:50 -0500] "GET /occidente/css/slider.css HTTP/1.1" 404 1364 www.mosproyectos.com.mx "https://www.mosproyectos.com.mx/occidente/tecnico/indeInicio.php" "Mozilla/5.0 (X11; CrOS x86_64 10718.88.2) AppleWebKit/537.36 (KHTML, like Gecko) Chrome/68.0.3440.118 Safari/537.36" "-"
189.177.146.159 - - [20/Sep/2018:09:43:50 -0500] "GET /occidente/js/browser5.js HTTP/1.1" 301 263 www.mosproyectos.com.mx "https://www.mosproyectos.com.mx/occidente/tecnico/indeInicio.php" "Mozilla/5.0 (X11; CrOS x86_64 10718.88.2) AppleWebKit/537.36 (KHTML, like Gecko) Chrome/68.0.3440.118 Safari/537.36" "-"
189.177.146.159 - - [20/Sep/2018:09:43:50 -0500] "GET /occidente/js/jquery-3.2.0.min.js HTTP/1.1" 200 86600 www.mosproyectos.com.mx "https://www.mosproyectos.com.mx/occidente/tecnico/indeInicio.php" "Mozilla/5.0 (X11; CrOS x86_64 10718.88.2) AppleWebKit/537.36 (KHTML, like Gecko) Chrome/68.0.3440.118 Safari/537.36" "-"
189.177.146.159 - - [20/Sep/2018:09:43:50 -0500] "GET /occidente/js/bootstrap.min.js HTTP/1.1" 200 37051 www.mosproyectos.com.mx "https://www.mosproyectos.com.mx/occidente/tecnico/indeInicio.php" "Mozilla/5.0 (X11; CrOS x86_64 10718.88.2) AppleWebKit/537.36 (KHTML, like Gecko) Chrome/68.0.3440.118 Safari/537.36" "-"
189.177.146.159 - - [20/Sep/2018:09:43:50 -0500] "GET /occidente/js/menu.js HTTP/1.1" 200 3003 www.mosproyectos.com.mx "https://www.mosproyectos.com.mx/occidente/tecnico/indeInicio.php" "Mozilla/5.0 (X11; CrOS x86_64 10718.88.2) AppleWebKit/537.36 (KHTML, like Gecko) Chrome/68.0.3440.118 Safari/537.36" "-"
189.177.146.159 - - [20/Sep/2018:09:43:50 -0500] "GET /occidente/syspic/close.ico HTTP/1.1" 200 192323 www.mosproyectos.com.mx "https://www.mosproyectos.com.mx/occidente/tecnico/indeInicio.php" "Mozilla/5.0 (X11; CrOS x86_64 10718.88.2) AppleWebKit/537.36 (KHTML, like Gecko) Chrome/68.0.3440.118 Safari/537.36" "-"
189.177.146.159 - - [20/Sep/2018:09:43:50 -0500] "GET /occidente/js/browser.js HTTP/1.1" 200 1419 www.mosproyectos.com.mx "https://www.mosproyectos.com.mx/occidente/tecnico/indeInicio.php" "Mozilla/5.0 (X11; CrOS x86_64 10718.88.2) AppleWebKit/537.36 (KHTML, like Gecko) Chrome/68.0.3440.118 Safari/537.36" "-"
187.136.246.187 - - [20/Sep/2018:09:43:52 -0500] "GET /sureste/logout.php HTTP/1.1" 302 - www.mosproyectos.com.mx "https://www.mosproyectos.com.mx/sureste/tecnico/dataos.php" "Mozilla/5.0 (Windows NT 10.0; WOW64) AppleWebKit/537.36 (KHTML, like Gecko) Chrome/68.0.3440.106 Safari/537.36" "-"
187.136.246.187 - - [20/Sep/2018:09:43:52 -0500] "GET /sureste/css/slider.css HTTP/1.1" 404 1364 www.mosproyectos.com.mx "https://www.mosproyectos.com.mx/sureste/index.html" "Mozilla/5.0 (Windows NT 10.0; WOW64) AppleWebKit/537.36 (KHTML, like Gecko) Chrome/68.0.3440.106 Safari/537.36" "-"
187.136.246.187 - - [20/Sep/2018:09:43:54 -0500] "POST /sureste/login.php HTTP/1.1" 302 155 www.mosproyectos.com.mx "https://www.mosproyectos.com.mx/sureste/index.html" "Mozilla/5.0 (Windows NT 10.0; WOW64) AppleWebKit/537.36 (KHTML, like Gecko) Chrome/68.0.3440.106 Safari/537.36" "-"
189.177.146.159 - - [20/Sep/2018:09:43:54 -0500] "GET /occidente/tecnico/dataosuall.php HTTP/1.1" 200 8013 www.mosproyectos.com.mx "https://www.mosproyectos.com.mx/occidente/tecnico/indeInicio.php" "Mozilla/5.0 (X11; CrOS x86_64 10718.88.2) AppleWebKit/537.36 (KHTML, like Gecko) Chrome/68.0.3440.118 Safari/537.36" "-"
187.136.246.187 - - [20/Sep/2018:09:43:54 -0500] "GET /sureste/supervisor/inde.php HTTP/1.1" 200 15060 www.mosproyectos.com.mx "https://www.mosproyectos.com.mx/sureste/index.html" "Mozilla/5.0 (Windows NT 10.0; WOW64) AppleWebKit/537.36 (KHTML, like Gecko) Chrome/68.0.3440.106 Safari/537.36" "-"
187.136.246.187 - - [20/Sep/2018:09:43:57 -0500] "GET /sureste/supervisor/search.php HTTP/1.1" 200 6337 www.mosproyectos.com.mx "https://www.mosproyectos.com.mx/sureste/supervisor/inde.php" "Mozilla/5.0 (Windows NT 10.0; WOW64) AppleWebKit/537.36 (KHTML, like Gecko) Chrome/68.0.3440.106 Safari/537.36" "-"
200.68.136.139 - - [20/Sep/2018:09:43:58 -0500] "POST /sureste/tecnico/regDetalles.php HTTP/1.1" 200 184 www.mosproyectos.com.mx "https://www.mosproyectos.com.mx/sureste/tecnico/dataos.php" "Mozilla/5.0 (Linux; Android 5.1; Neffos C5 Build/LMY47D) AppleWebKit/537.36 (KHTML, like Gecko) Chrome/68.0.3440.91 Mobile Safari/537.36" "-"
200.68.136.139 - - [20/Sep/2018:09:43:59 -0500] "GET /sureste/tecnico/dataosuall.php HTTP/1.1" 200 5853 www.mosproyectos.com.mx "https://www.mosproyectos.com.mx/sureste/tecnico/regDetalles.php" "Mozilla/5.0 (Linux; Android 5.1; Neffos C5 Build/LMY47D) AppleWebKit/537.36 (KHTML, like Gecko) Chrome/68.0.3440.91 Mobile Safari/537.36" "-"
189.128.35.241 - - [20/Sep/2018:09:44:00 -0500] "GET /sureste/css/slider.css HTTP/1.1" 404 1364 www.mosproyectos.com.mx "https://www.mosproyectos.com.mx/sureste/supervisor/infoos.php" "Mozilla/5.0 (Windows NT 10.0; Win64; x64) AppleWebKit/537.36 (KHTML, like Gecko) Chrome/69.0.3497.100 Safari/537.36" "-"
200.68.136.139 - - [20/Sep/2018:09:44:12 -0500] "GET /sureste/logout.php HTTP/1.1" 302 - www.mosproyectos.com.mx "https://www.mosproyectos.com.mx/sureste/tecnico/dataosuall.php" "Mozilla/5.0 (Linux; Android 5.1; Neffos C5 Build/LMY47D) AppleWebKit/537.36 (KHTML, like Gecko) Chrome/68.0.3440.91 Mobile Safari/537.36" "-"
200.68.136.139 - - [20/Sep/2018:09:44:14 -0500] "GET /sureste/css/slider.css HTTP/1.1" 404 1364 www.mosproyectos.com.mx "https://www.mosproyectos.com.mx/sureste/index.html" "Mozilla/5.0 (Linux; Android 5.1; Neffos C5 Build/LMY47D) AppleWebKit/537.36 (KHTML, like Gecko) Chrome/68.0.3440.91 Mobile Safari/537.36" "-"
187.136.246.187 - - [20/Sep/2018:09:44:21 -0500] "GET /sureste/supervisor/search.php?dato=9994061919 HTTP/1.1" 200 27400 www.mosproyectos.com.mx "https://www.mosproyectos.com.mx/sureste/supervisor/search.php" "Mozilla/5.0 (Windows NT 10.0; WOW64) AppleWebKit/537.36 (KHTML, like Gecko) Chrome/68.0.3440.106 Safari/537.36" "-"
187.136.246.187 - - [20/Sep/2018:09:44:21 -0500] "GET /sureste/os/9188_1.jpg HTTP/1.1" 304 - www.mosproyectos.com.mx "https://www.mosproyectos.com.mx/sureste/supervisor/search.php?dato=9994061919" "Mozilla/5.0 (Windows NT 10.0; WOW64) AppleWebKit/537.36 (KHTML, like Gecko) Chrome/68.0.3440.106 Safari/537.36" "-"
187.136.246.187 - - [20/Sep/2018:09:44:21 -0500] "GET /sureste/os/9188_0.jpg HTTP/1.1" 304 - www.mosproyectos.com.mx "https://www.mosproyectos.com.mx/sureste/supervisor/search.php?dato=9994061919" "Mozilla/5.0 (Windows NT 10.0; WOW64) AppleWebKit/537.36 (KHTML, like Gecko) Chrome/68.0.3440.106 Safari/537.36" "-"
187.136.246.187 - - [20/Sep/2018:09:44:21 -0500] "GET /sureste/os/9188_2.jpg HTTP/1.1" 304 - www.mosproyectos.com.mx "https://www.mosproyectos.com.mx/sureste/supervisor/search.php?dato=9994061919" "Mozilla/5.0 (Windows NT 10.0; WOW64) AppleWebKit/537.36 (KHTML, like Gecko) Chrome/68.0.3440.106 Safari/537.36" "-"
187.136.246.187 - - [20/Sep/2018:09:44:21 -0500] "GET /sureste/os/9188_3.jpg HTTP/1.1" 304 - www.mosproyectos.com.mx "https://www.mosproyectos.com.mx/sureste/supervisor/search.php?dato=9994061919" "Mozilla/5.0 (Windows NT 10.0; WOW64) AppleWebKit/537.36 (KHTML, like Gecko) Chrome/68.0.3440.106 Safari/537.36" "-"
187.136.246.187 - - [20/Sep/2018:09:44:21 -0500] "GET /sureste/os/9188_4.jpg HTTP/1.1" 304 - www.mosproyectos.com.mx "https://www.mosproyectos.com.mx/sureste/supervisor/search.php?dato=9994061919" "Mozilla/5.0 (Windows NT 10.0; WOW64) AppleWebKit/537.36 (KHTML, like Gecko) Chrome/68.0.3440.106 Safari/537.36" "-"
187.136.246.187 - - [20/Sep/2018:09:44:21 -0500] "GET /sureste/os/9188_5.jpg HTTP/1.1" 304 - www.mosproyectos.com.mx "https://www.mosproyectos.com.mx/sureste/supervisor/search.php?dato=9994061919" "Mozilla/5.0 (Windows NT 10.0; WOW64) AppleWebKit/537.36 (KHTML, like Gecko) Chrome/68.0.3440.106 Safari/537.36" "-"
187.136.246.187 - - [20/Sep/2018:09:44:21 -0500] "GET /sureste/os/9188_6.jpg HTTP/1.1" 304 - www.mosproyectos.com.mx "https://www.mosproyectos.com.mx/sureste/supervisor/search.php?dato=9994061919" "Mozilla/5.0 (Windows NT 10.0; WOW64) AppleWebKit/537.36 (KHTML, like Gecko) Chrome/68.0.3440.106 Safari/537.36" "-"
187.136.246.187 - - [20/Sep/2018:09:44:21 -0500] "GET /sureste/os/9188_7.jpg HTTP/1.1" 304 - www.mosproyectos.com.mx "https://www.mosproyectos.com.mx/sureste/supervisor/search.php?dato=9994061919" "Mozilla/5.0 (Windows NT 10.0; WOW64) AppleWebKit/537.36 (KHTML, like Gecko) Chrome/68.0.3440.106 Safari/537.36" "-"
187.136.246.187 - - [20/Sep/2018:09:44:21 -0500] "GET /sureste/os/9188_8.jpg HTTP/1.1" 304 - www.mosproyectos.com.mx "https://www.mosproyectos.com.mx/sureste/supervisor/search.php?dato=9994061919" "Mozilla/5.0 (Windows NT 10.0; WOW64) AppleWebKit/537.36 (KHTML, like Gecko) Chrome/68.0.3440.106 Safari/537.36" "-"
189.177.146.159 - - [20/Sep/2018:09:44:29 -0500] "GET /occidente/logout.php HTTP/1.1" 302 - www.mosproyectos.com.mx "https://www.mosproyectos.com.mx/occidente/tecnico/dataosuall.php" "Mozilla/5.0 (X11; CrOS x86_64 10718.88.2) AppleWebKit/537.36 (KHTML, like Gecko) Chrome/68.0.3440.118 Safari/537.36" "-"
189.177.146.159 - - [20/Sep/2018:09:44:29 -0500] "GET /occidente/index.html HTTP/1.1" 200 4391 www.mosproyectos.com.mx "https://www.mosproyectos.com.mx/occidente/tecnico/dataosuall.php" "Mozilla/5.0 (X11; CrOS x86_64 10718.88.2) AppleWebKit/537.36 (KHTML, like Gecko) Chrome/68.0.3440.118 Safari/537.36" "-"
189.177.146.159 - - [20/Sep/2018:09:44:29 -0500] "GET /occidente/css/slider.css HTTP/1.1" 404 1364 www.mosproyectos.com.mx "https://www.mosproyectos.com.mx/occidente/index.html" "Mozilla/5.0 (X11; CrOS x86_64 10718.88.2) AppleWebKit/537.36 (KHTML, like Gecko) Chrome/68.0.3440.118 Safari/537.36" "-"
189.177.146.159 - - [20/Sep/2018:09:44:35 -0500] "POST /occidente/login.php HTTP/1.1" 302 105 www.mosproyectos.com.mx "https://www.mosproyectos.com.mx/occidente/index.html" "Mozilla/5.0 (X11; CrOS x86_64 10718.88.2) AppleWebKit/537.36 (KHTML, like Gecko) Chrome/68.0.3440.118 Safari/537.36" "-"
189.177.146.159 - - [20/Sep/2018:09:44:35 -0500] "GET /occidente/supervisor/inde.php HTTP/1.1" 200 13282 www.mosproyectos.com.mx "https://www.mosproyectos.com.mx/occidente/index.html" "Mozilla/5.0 (X11; CrOS x86_64 10718.88.2) AppleWebKit/537.36 (KHTML, like Gecko) Chrome/68.0.3440.118 Safari/537.36" "-"
189.177.146.159 - - [20/Sep/2018:09:44:36 -0500] "GET /occidente/js/browser2.js HTTP/1.1" 301 263 www.mosproyectos.com.mx "https://www.mosproyectos.com.mx/occidente/supervisor/inde.php" "Mozilla/5.0 (X11; CrOS x86_64 10718.88.2) AppleWebKit/537.36 (KHTML, like Gecko) Chrome/68.0.3440.118 Safari/537.36" "-"
189.177.146.159 - - [20/Sep/2018:09:44:36 -0500] "GET /occidente/js/exporting.js HTTP/1.1" 200 8254 www.mosproyectos.com.mx "https://www.mosproyectos.com.mx/occidente/supervisor/inde.php" "Mozilla/5.0 (X11; CrOS x86_64 10718.88.2) AppleWebKit/537.36 (KHTML, like Gecko) Chrome/68.0.3440.118 Safari/537.36" "-"
189.177.146.159 - - [20/Sep/2018:09:44:36 -0500] "GET /occidente/js/highcharts.js HTTP/1.1" 200 170532 www.mosproyectos.com.mx "https://www.mosproyectos.com.mx/occidente/supervisor/inde.php" "Mozilla/5.0 (X11; CrOS x86_64 10718.88.2) AppleWebKit/537.36 (KHTML, like Gecko) Chrome/68.0.3440.118 Safari/537.36" "-"
189.177.146.159 - - [20/Sep/2018:09:44:41 -0500] "GET /occidente/supervisor/search.php HTTP/1.1" 200 6338 www.mosproyectos.com.mx "https://www.mosproyectos.com.mx/occidente/supervisor/inde.php" "Mozilla/5.0 (X11; CrOS x86_64 10718.88.2) AppleWebKit/537.36 (KHTML, like Gecko) Chrome/68.0.3440.118 Safari/537.36" "-"
200.68.136.139 - - [20/Sep/2018:09:44:46 -0500] "POST /sureste/login.php HTTP/1.1" 302 155 www.mosproyectos.com.mx "https://www.mosproyectos.com.mx/sureste/index.html" "Mozilla/5.0 (Linux; Android 5.1; Neffos C5 Build/LMY47D) AppleWebKit/537.36 (KHTML, like Gecko) Chrome/68.0.3440.91 Mobile Safari/537.36" "-"
200.68.136.139 - - [20/Sep/2018:09:44:46 -0500] "GET /sureste/tecnico/inde.php HTTP/1.1" 302 1429 www.mosproyectos.com.mx "https://www.mosproyectos.com.mx/sureste/index.html" "Mozilla/5.0 (Linux; Android 5.1; Neffos C5 Build/LMY47D) AppleWebKit/537.36 (KHTML, like Gecko) Chrome/68.0.3440.91 Mobile Safari/537.36" "-"
200.68.136.139 - - [20/Sep/2018:09:44:46 -0500] "GET /sureste/tecnico/indeInicio.php HTTP/1.1" 200 15727 www.mosproyectos.com.mx "https://www.mosproyectos.com.mx/sureste/index.html" "Mozilla/5.0 (Linux; Android 5.1; Neffos C5 Build/LMY47D) AppleWebKit/537.36 (KHTML, like Gecko) Chrome/68.0.3440.91 Mobile Safari/537.36" "-"
200.68.136.139 - - [20/Sep/2018:09:44:47 -0500] "GET /sureste/css/slider.css HTTP/1.1" 404 1364 www.mosproyectos.com.mx "https://www.mosproyectos.com.mx/sureste/tecnico/indeInicio.php" "Mozilla/5.0 (Linux; Android 5.1; Neffos C5 Build/LMY47D) AppleWebKit/537.36 (KHTML, like Gecko) Chrome/68.0.3440.91 Mobile Safari/537.36" "-"
200.68.136.139 - - [20/Sep/2018:09:44:49 -0500] "GET /sureste/tecnico/dataosuall.php HTTP/1.1" 200 6598 www.mosproyectos.com.mx "https://www.mosproyectos.com.mx/sureste/tecnico/indeInicio.php" "Mozilla/5.0 (Linux; Android 5.1; Neffos C5 Build/LMY47D) AppleWebKit/537.36 (KHTML, like Gecko) Chrome/68.0.3440.91 Mobile Safari/537.36" "-"
189.177.146.159 - - [20/Sep/2018:09:44:54 -0500] "GET /occidente/supervisor/search.php?dato=52829729 HTTP/1.1" 200 24716 www.mosproyectos.com.mx "https://www.mosproyectos.com.mx/occidente/supervisor/search.php" "Mozilla/5.0 (X11; CrOS x86_64 10718.88.2) AppleWebKit/537.36 (KHTML, like Gecko) Chrome/68.0.3440.118 Safari/537.36" "-"
189.177.146.159 - - [20/Sep/2018:09:44:55 -0500] "GET /occidente/os/640_0.jpg HTTP/1.1" 200 214503 www.mosproyectos.com.mx "https://www.mosproyectos.com.mx/occidente/supervisor/search.php?dato=52829729" "Mozilla/5.0 (X11; CrOS x86_64 10718.88.2) AppleWebKit/537.36 (KHTML, like Gecko) Chrome/68.0.3440.118 Safari/537.36" "-"
189.177.146.159 - - [20/Sep/2018:09:44:55 -0500] "GET /occidente/os/640_1.jpeg HTTP/1.1" 200 19330 www.mosproyectos.com.mx "https://www.mosproyectos.com.mx/occidente/supervisor/search.php?dato=52829729" "Mozilla/5.0 (X11; CrOS x86_64 10718.88.2) AppleWebKit/537.36 (KHTML, like Gecko) Chrome/68.0.3440.118 Safari/537.36" "-"
189.177.146.159 - - [20/Sep/2018:09:44:55 -0500] "GET /occidente/os/640_2.jpeg HTTP/1.1" 200 66870 www.mosproyectos.com.mx "https://www.mosproyectos.com.mx/occidente/supervisor/search.php?dato=52829729" "Mozilla/5.0 (X11; CrOS x86_64 10718.88.2) AppleWebKit/537.36 (KHTML, like Gecko) Chrome/68.0.3440.118 Safari/537.36" "-"
189.177.146.159 - - [20/Sep/2018:09:44:55 -0500] "GET /occidente/os/640_3.jpeg HTTP/1.1" 200 88980 www.mosproyectos.com.mx "https://www.mosproyectos.com.mx/occidente/supervisor/search.php?dato=52829729" "Mozilla/5.0 (X11; CrOS x86_64 10718.88.2) AppleWebKit/537.36 (KHTML, like Gecko) Chrome/68.0.3440.118 Safari/537.36" "-"
189.177.146.159 - - [20/Sep/2018:09:44:55 -0500] "GET /occidente/os/640_4.jpeg HTTP/1.1" 200 49114 www.mosproyectos.com.mx "https://www.mosproyectos.com.mx/occidente/supervisor/search.php?dato=52829729" "Mozilla/5.0 (X11; CrOS x86_64 10718.88.2) AppleWebKit/537.36 (KHTML, like Gecko) Chrome/68.0.3440.118 Safari/537.36" "-"
189.177.146.159 - - [20/Sep/2018:09:44:55 -0500] "GET /occidente/os/640_5.jpeg HTTP/1.1" 200 17105 www.mosproyectos.com.mx "https://www.mosproyectos.com.mx/occidente/supervisor/search.php?dato=52829729" "Mozilla/5.0 (X11; CrOS x86_64 10718.88.2) AppleWebKit/537.36 (KHTML, like Gecko) Chrome/68.0.3440.118 Safari/537.36" "-"
189.177.146.159 - - [20/Sep/2018:09:44:55 -0500] "GET /occidente/os/640_6.jpeg HTTP/1.1" 200 11261 www.mosproyectos.com.mx "https://www.mosproyectos.com.mx/occidente/supervisor/search.php?dato=52829729" "Mozilla/5.0 (X11; CrOS x86_64 10718.88.2) AppleWebKit/537.36 (KHTML, like Gecko) Chrome/68.0.3440.118 Safari/537.36" "-"
189.177.146.159 - - [20/Sep/2018:09:44:55 -0500] "GET /occidente/syspic/pdf_icon.png HTTP/1.1" 200 31290 www.mosproyectos.com.mx "https://www.mosproyectos.com.mx/occidente/supervisor/search.php?dato=52829729" "Mozilla/5.0 (X11; CrOS x86_64 10718.88.2) AppleWebKit/537.36 (KHTML, like Gecko) Chrome/68.0.3440.118 Safari/537.36" "-"
189.128.35.241 - - [20/Sep/2018:09:45:40 -0500] "GET /sureste/supervisor/reAdd.php HTTP/1.1" 200 2801136 www.mosproyectos.com.mx "https://www.mosproyectos.com.mx/sureste/supervisor/infoos.php" "Mozilla/5.0 (Windows NT 10.0; Win64; x64) AppleWebKit/537.36 (KHTML, like Gecko) Chrome/69.0.3497.100 Safari/537.36" "-"
189.177.146.159 - - [20/Sep/2018:09:45:44 -0500] "GET /occidente/supervisor/search.php?dato=52822037 HTTP/1.1" 200 24691 www.mosproyectos.com.mx "https://www.mosproyectos.com.mx/occidente/supervisor/search.php?dato=52829729" "Mozilla/5.0 (X11; CrOS x86_64 10718.88.2) AppleWebKit/537.36 (KHTML, like Gecko) Chrome/68.0.3440.118 Safari/537.36" "-"
189.177.146.159 - - [20/Sep/2018:09:45:45 -0500] "GET /occidente/os/618_0.jpg HTTP/1.1" 200 1425422 www.mosproyectos.com.mx "https://www.mosproyectos.com.mx/occidente/supervisor/search.php?dato=52822037" "Mozilla/5.0 (X11; CrOS x86_64 10718.88.2) AppleWebKit/537.36 (KHTML, like Gecko) Chrome/68.0.3440.118 Safari/537.36" "-"
189.177.146.159 - - [20/Sep/2018:09:45:45 -0500] "GET /occidente/os/618_1.jpg HTTP/1.1" 200 1506974 www.mosproyectos.com.mx "https://www.mosproyectos.com.mx/occidente/supervisor/search.php?dato=52822037" "Mozilla/5.0 (X11; CrOS x86_64 10718.88.2) AppleWebKit/537.36 (KHTML, like Gecko) Chrome/68.0.3440.118 Safari/537.36" "-"
189.177.146.159 - - [20/Sep/2018:09:45:45 -0500] "GET /occidente/os/618_2.jpg HTTP/1.1" 200 1213857 www.mosproyectos.com.mx "https://www.mosproyectos.com.mx/occidente/supervisor/search.php?dato=52822037" "Mozilla/5.0 (X11; CrOS x86_64 10718.88.2) AppleWebKit/537.36 (KHTML, like Gecko) Chrome/68.0.3440.118 Safari/537.36" "-"
189.177.146.159 - - [20/Sep/2018:09:45:45 -0500] "GET /occidente/os/618_4.jpg HTTP/1.1" 200 1509215 www.mosproyectos.com.mx "https://www.mosproyectos.com.mx/occidente/supervisor/search.php?dato=52822037" "Mozilla/5.0 (X11; CrOS x86_64 10718.88.2) AppleWebKit/537.36 (KHTML, like Gecko) Chrome/68.0.3440.118 Safari/537.36" "-"
189.177.146.159 - - [20/Sep/2018:09:45:45 -0500] "GET /occidente/os/618_5.jpg HTTP/1.1" 200 1335239 www.mosproyectos.com.mx "https://www.mosproyectos.com.mx/occidente/supervisor/search.php?dato=52822037" "Mozilla/5.0 (X11; CrOS x86_64 10718.88.2) AppleWebKit/537.36 (KHTML, like Gecko) Chrome/68.0.3440.118 Safari/537.36" "-"
189.177.146.159 - - [20/Sep/2018:09:45:45 -0500] "GET /occidente/os/618_3.jpg HTTP/1.1" 200 1626221 www.mosproyectos.com.mx "https://www.mosproyectos.com.mx/occidente/supervisor/search.php?dato=52822037" "Mozilla/5.0 (X11; CrOS x86_64 10718.88.2) AppleWebKit/537.36 (KHTML, like Gecko) Chrome/68.0.3440.118 Safari/537.36" "-"
189.177.146.159 - - [20/Sep/2018:09:45:45 -0500] "GET /occidente/os/618_6.jpg HTTP/1.1" 200 1685412 www.mosproyectos.com.mx "https://www.mosproyectos.com.mx/occidente/supervisor/search.php?dato=52822037" "Mozilla/5.0 (X11; CrOS x86_64 10718.88.2) AppleWebKit/537.36 (KHTML, like Gecko) Chrome/68.0.3440.118 Safari/537.36" "-"
189.128.35.241 - - [20/Sep/2018:09:45:58 -0500] "GET /sureste/supervisor/reAdd.php?folioP=35226178 HTTP/1.1" 200 2801147 www.mosproyectos.com.mx "https://www.mosproyectos.com.mx/sureste/supervisor/reAdd.php" "Mozilla/5.0 (Windows NT 10.0; Win64; x64) AppleWebKit/537.36 (KHTML, like Gecko) Chrome/69.0.3497.100 Safari/537.36" "-"
189.128.35.241 - - [20/Sep/2018:09:46:22 -0500] "POST /sureste/supervisor/reAddF.php HTTP/1.1" 200 11055 www.mosproyectos.com.mx "https://www.mosproyectos.com.mx/sureste/supervisor/reAdd.php?folioP=35226178" "Mozilla/5.0 (Windows NT 10.0; Win64; x64) AppleWebKit/537.36 (KHTML, like Gecko) Chrome/69.0.3497.100 Safari/537.36" "-"
189.128.35.241 - - [20/Sep/2018:09:46:26 -0500] "POST /sureste/supervisor/reAddR.php HTTP/1.1" 200 302 www.mosproyectos.com.mx "https://www.mosproyectos.com.mx/sureste/supervisor/reAddF.php" "Mozilla/5.0 (Windows NT 10.0; Win64; x64) AppleWebKit/537.36 (KHTML, like Gecko) Chrome/69.0.3497.100 Safari/537.36" "-"
189.128.35.241 - - [20/Sep/2018:09:46:28 -0500] "GET /sureste/supervisor/reAdd.php HTTP/1.1" 200 2801136 www.mosproyectos.com.mx "https://www.mosproyectos.com.mx/sureste/supervisor/reAddR.php" "Mozilla/5.0 (Windows NT 10.0; Win64; x64) AppleWebKit/537.36 (KHTML, like Gecko) Chrome/69.0.3497.100 Safari/537.36" "-"
189.128.35.241 - - [20/Sep/2018:09:46:51 -0500] "GET /sureste/supervisor/search.php HTTP/1.1" 200 6342 www.mosproyectos.com.mx "https://www.mosproyectos.com.mx/sureste/supervisor/reAdd.php" "Mozilla/5.0 (Windows NT 10.0; Win64; x64) AppleWebKit/537.36 (KHTML, like Gecko) Chrome/69.0.3497.100 Safari/537.36" "-"
189.128.35.241 - - [20/Sep/2018:09:46:53 -0500] "GET /sureste/supervisor/search.php?dato=36144526 HTTP/1.1" 200 6343 www.mosproyectos.com.mx "https://www.mosproyectos.com.mx/sureste/supervisor/search.php" "Mozilla/5.0 (Windows NT 10.0; Win64; x64) AppleWebKit/537.36 (KHTML, like Gecko) Chrome/69.0.3497.100 Safari/537.36" "-"
189.128.35.241 - - [20/Sep/2018:09:47:08 -0500] "GET /sureste/supervisor/search.php?dato=36167665 HTTP/1.1" 200 6343 www.mosproyectos.com.mx "https://www.mosproyectos.com.mx/sureste/supervisor/search.php?dato=36144526" "Mozilla/5.0 (Windows NT 10.0; Win64; x64) AppleWebKit/537.36 (KHTML, like Gecko) Chrome/69.0.3497.100 Safari/537.36" "-"
189.128.35.241 - - [20/Sep/2018:09:47:11 -0500] "GET /sureste/supervisor/search.php?dato=036167665 HTTP/1.1" 200 6344 www.mosproyectos.com.mx "https://www.mosproyectos.com.mx/sureste/supervisor/search.php?dato=36167665" "Mozilla/5.0 (Windows NT 10.0; Win64; x64) AppleWebKit/537.36 (KHTML, like Gecko) Chrome/69.0.3497.100 Safari/537.36" "-"
189.128.35.241 - - [20/Sep/2018:09:47:14 -0500] "GET /sureste/logout.php HTTP/1.1" 302 - www.mosproyectos.com.mx "https://www.mosproyectos.com.mx/sureste/supervisor/search.php?dato=036167665" "Mozilla/5.0 (Windows NT 10.0; Win64; x64) AppleWebKit/537.36 (KHTML, like Gecko) Chrome/69.0.3497.100 Safari/537.36" "-"
189.128.35.241 - - [20/Sep/2018:09:47:14 -0500] "GET /sureste/css/slider.css HTTP/1.1" 404 1364 www.mosproyectos.com.mx "https://www.mosproyectos.com.mx/sureste/index.html" "Mozilla/5.0 (Windows NT 10.0; Win64; x64) AppleWebKit/537.36 (KHTML, like Gecko) Chrome/69.0.3497.100 Safari/537.36" "-"
187.136.246.187 - - [20/Sep/2018:09:48:14 -0500] "GET /sureste/supervisor/search.php?dato=9991314555 HTTP/1.1" 200 14965 www.mosproyectos.com.mx "https://www.mosproyectos.com.mx/sureste/supervisor/search.php?dato=9994061919" "Mozilla/5.0 (Windows NT 10.0; WOW64) AppleWebKit/537.36 (KHTML, like Gecko) Chrome/68.0.3440.106 Safari/537.36" "-"
187.136.246.187 - - [20/Sep/2018:09:48:23 -0500] "GET /sureste/supervisor/search.php?dato=9999864489 HTTP/1.1" 200 14955 www.mosproyectos.com.mx "https://www.mosproyectos.com.mx/sureste/supervisor/search.php?dato=9991314555" "Mozilla/5.0 (Windows NT 10.0; WOW64) AppleWebKit/537.36 (KHTML, like Gecko) Chrome/68.0.3440.106 Safari/537.36" "-"
187.136.246.187 - - [20/Sep/2018:09:48:32 -0500] "GET /sureste/supervisor/search.php?dato=9999400859 HTTP/1.1" 200 14926 www.mosproyectos.com.mx "https://www.mosproyectos.com.mx/sureste/supervisor/search.php?dato=9999864489" "Mozilla/5.0 (Windows NT 10.0; WOW64) AppleWebKit/537.36 (KHTML, like Gecko) Chrome/68.0.3440.106 Safari/537.36" "-"
187.136.246.187 - - [20/Sep/2018:09:48:50 -0500] "GET /sureste/supervisor/search.php?dato=9999400859 HTTP/1.1" 200 14926 www.mosproyectos.com.mx "https://www.mosproyectos.com.mx/sureste/supervisor/search.php?dato=9999400859" "Mozilla/5.0 (Windows NT 10.0; WOW64) AppleWebKit/537.36 (KHTML, like Gecko) Chrome/68.0.3440.106 Safari/537.36" "-"
187.136.246.187 - - [20/Sep/2018:09:48:58 -0500] "GET /sureste/supervisor/addOs.php HTTP/1.1" 200 583549 www.mosproyectos.com.mx "https://www.mosproyectos.com.mx/sureste/supervisor/search.php?dato=9999400859" "Mozilla/5.0 (Windows NT 10.0; WOW64) AppleWebKit/537.36 (KHTML, like Gecko) Chrome/68.0.3440.106 Safari/537.36" "-"
187.136.246.187 - - [20/Sep/2018:09:49:08 -0500] "GET /sureste/supervisor/addOs.php?folioP=35959868 HTTP/1.1" 200 584444 www.mosproyectos.com.mx "https://www.mosproyectos.com.mx/sureste/supervisor/addOs.php" "Mozilla/5.0 (Windows NT 10.0; WOW64) AppleWebKit/537.36 (KHTML, like Gecko) Chrome/68.0.3440.106 Safari/537.36" "-"
187.136.246.187 - - [20/Sep/2018:09:49:12 -0500] "POST /sureste/supervisor/addOsF.php HTTP/1.1" 200 10629 www.mosproyectos.com.mx "https://www.mosproyectos.com.mx/sureste/supervisor/addOs.php?folioP=35959868" "Mozilla/5.0 (Windows NT 10.0; WOW64) AppleWebKit/537.36 (KHTML, like Gecko) Chrome/68.0.3440.106 Safari/537.36" "-"
187.136.246.187 - - [20/Sep/2018:09:49:21 -0500] "POST /sureste/supervisor/addOsAsig.php HTTP/1.1" 200 143 www.mosproyectos.com.mx "https://www.mosproyectos.com.mx/sureste/supervisor/addOsF.php" "Mozilla/5.0 (Windows NT 10.0; WOW64) AppleWebKit/537.36 (KHTML, like Gecko) Chrome/68.0.3440.106 Safari/537.36" "-"
187.136.246.187 - - [20/Sep/2018:09:49:23 -0500] "GET /sureste/supervisor/addOs.php HTTP/1.1" 200 582437 www.mosproyectos.com.mx "https://www.mosproyectos.com.mx/sureste/supervisor/addOsAsig.php" "Mozilla/5.0 (Windows NT 10.0; WOW64) AppleWebKit/537.36 (KHTML, like Gecko) Chrome/68.0.3440.106 Safari/537.36" "-"
187.136.246.187 - - [20/Sep/2018:09:49:32 -0500] "GET /sureste/supervisor/search.php HTTP/1.1" 200 6337 www.mosproyectos.com.mx "https://www.mosproyectos.com.mx/sureste/supervisor/addOs.php" "Mozilla/5.0 (Windows NT 10.0; WOW64) AppleWebKit/537.36 (KHTML, like Gecko) Chrome/68.0.3440.106 Safari/537.36" "-"
187.136.246.187 - - [20/Sep/2018:09:49:39 -0500] "GET /sureste/supervisor/search.php?dato=9999400859 HTTP/1.1" 200 14960 www.mosproyectos.com.mx "https://www.mosproyectos.com.mx/sureste/supervisor/search.php" "Mozilla/5.0 (Windows NT 10.0; WOW64) AppleWebKit/537.36 (KHTML, like Gecko) Chrome/68.0.3440.106 Safari/537.36" "-"
187.136.246.187 - - [20/Sep/2018:09:49:49 -0500] "GET /sureste/supervisor/search.php?dato=9999432912 HTTP/1.1" 200 14968 www.mosproyectos.com.mx "https://www.mosproyectos.com.mx/sureste/supervisor/search.php?dato=9999400859" "Mozilla/5.0 (Windows NT 10.0; WOW64) AppleWebKit/537.36 (KHTML, like Gecko) Chrome/68.0.3440.106 Safari/537.36" "-"
187.190.163.73 - - [20/Sep/2018:09:50:11 -0500] "GET / HTTP/1.1" 200 31269 www.mosproyectos.com.mx "-" "Mozilla/5.0 (Windows NT 6.1; WOW64) AppleWebKit/537.36 (KHTML, like Gecko) Chrome/58.0.2988.0 Safari/537.36" "-"
187.136.246.187 - - [20/Sep/2018:09:50:11 -0500] "GET /sureste/supervisor/reAdd.php HTTP/1.1" 200 1664736 www.mosproyectos.com.mx "https://www.mosproyectos.com.mx/sureste/supervisor/search.php?dato=9999432912" "Mozilla/5.0 (Windows NT 10.0; WOW64) AppleWebKit/537.36 (KHTML, like Gecko) Chrome/68.0.3440.106 Safari/537.36" "-"
187.190.163.73 - - [20/Sep/2018:09:50:20 -0500] "GET /images/fav.png HTTP/1.1" 302 230 mosproyectos.com.mx "-" "Mozilla/5.0 (Windows NT 6.1; WOW64) AppleWebKit/537.36 (KHTML, like Gecko) Chrome/58.0.2988.0 Safari/537.36" "-"
187.190.163.73 - - [20/Sep/2018:09:50:20 -0500] "GET /login.html HTTP/1.1" 302 226 mosproyectos.com.mx "-" "Mozilla/5.0 (Windows NT 6.1; WOW64) AppleWebKit/537.36 (KHTML, like Gecko) Chrome/58.0.2988.0 Safari/537.36" "-"
187.136.246.187 - - [20/Sep/2018:09:50:25 -0500] "GET /sureste/supervisor/reAdd.php?folioP=35992326 HTTP/1.1" 200 1665726 www.mosproyectos.com.mx "https://www.mosproyectos.com.mx/sureste/supervisor/reAdd.php" "Mozilla/5.0 (Windows NT 10.0; WOW64) AppleWebKit/537.36 (KHTML, like Gecko) Chrome/68.0.3440.106 Safari/537.36" "-"
187.136.246.187 - - [20/Sep/2018:09:50:38 -0500] "POST /sureste/supervisor/reAddF.php HTTP/1.1" 200 10433 www.mosproyectos.com.mx "https://www.mosproyectos.com.mx/sureste/supervisor/reAdd.php?folioP=35992326" "Mozilla/5.0 (Windows NT 10.0; WOW64) AppleWebKit/537.36 (KHTML, like Gecko) Chrome/68.0.3440.106 Safari/537.36" "-"
187.190.163.73 - - [20/Sep/2018:09:50:42 -0500] "POST /login.php HTTP/1.1" 302 155 www.mosproyectos.com.mx "https://www.mosproyectos.com.mx/login.html" "Mozilla/5.0 (Windows NT 6.1; WOW64) AppleWebKit/537.36 (KHTML, like Gecko) Chrome/58.0.2988.0 Safari/537.36" "-"
187.190.163.73 - - [20/Sep/2018:09:50:42 -0500] "GET /bajantesG/inde.php HTTP/1.1" 200 10531 www.mosproyectos.com.mx "https://www.mosproyectos.com.mx/login.html" "Mozilla/5.0 (Windows NT 6.1; WOW64) AppleWebKit/537.36 (KHTML, like Gecko) Chrome/58.0.2988.0 Safari/537.36" "-"
187.190.163.73 - - [20/Sep/2018:09:50:44 -0500] "GET /favicon.ico HTTP/1.1" 404 1364 www.mosproyectos.com.mx "https://www.mosproyectos.com.mx/bajantesG/inde.php" "Mozilla/5.0 (Windows NT 6.1; WOW64) AppleWebKit/537.36 (KHTML, like Gecko) Chrome/58.0.2988.0 Safari/537.36" "-"
187.136.246.187 - - [20/Sep/2018:09:50:44 -0500] "POST /sureste/supervisor/reAddR.php HTTP/1.1" 200 304 www.mosproyectos.com.mx "https://www.mosproyectos.com.mx/sureste/supervisor/reAddF.php" "Mozilla/5.0 (Windows NT 10.0; WOW64) AppleWebKit/537.36 (KHTML, like Gecko) Chrome/68.0.3440.106 Safari/537.36" "-"
187.136.246.187 - - [20/Sep/2018:09:50:45 -0500] "GET /sureste/supervisor/reAdd.php HTTP/1.1" 200 1664736 www.mosproyectos.com.mx "https://www.mosproyectos.com.mx/sureste/supervisor/reAddR.php" "Mozilla/5.0 (Windows NT 10.0; WOW64) AppleWebKit/537.36 (KHTML, like Gecko) Chrome/68.0.3440.106 Safari/537.36" "-"
187.190.163.73 - - [20/Sep/2018:09:51:17 -0500] "GET /bajantesG/bajantes.php HTTP/1.1" 200 8437 www.mosproyectos.com.mx "https://www.mosproyectos.com.mx/bajantesG/inde.php" "Mozilla/5.0 (Windows NT 6.1; WOW64) AppleWebKit/537.36 (KHTML, like Gecko) Chrome/58.0.2988.0 Safari/537.36" "-"
187.136.246.187 - - [20/Sep/2018:09:51:21 -0500] "GET /sureste/supervisor/inde.php HTTP/1.1" 200 15062 www.mosproyectos.com.mx "https://www.mosproyectos.com.mx/sureste/supervisor/reAdd.php" "Mozilla/5.0 (Windows NT 10.0; WOW64) AppleWebKit/537.36 (KHTML, like Gecko) Chrome/68.0.3440.106 Safari/537.36" "-"
187.190.163.73 - - [20/Sep/2018:09:51:26 -0500] "GET /cbajantes/inde.php HTTP/1.1" 200 36615 www.mosproyectos.com.mx "https://www.mosproyectos.com.mx/bajantesG/bajantes.php" "Mozilla/5.0 (Windows NT 6.1; WOW64) AppleWebKit/537.36 (KHTML, like Gecko) Chrome/58.0.2988.0 Safari/537.36" "-"
187.136.246.187 - - [20/Sep/2018:09:51:39 -0500] "GET /sureste/supervisor/search.php HTTP/1.1" 200 6337 www.mosproyectos.com.mx "https://www.mosproyectos.com.mx/sureste/supervisor/inde.php" "Mozilla/5.0 (Windows NT 10.0; WOW64) AppleWebKit/537.36 (KHTML, like Gecko) Chrome/68.0.3440.106 Safari/537.36" "-"
187.136.246.187 - - [20/Sep/2018:09:52:13 -0500] "GET /sureste/supervisor/search.php?dato=036160423 HTTP/1.1" 200 6339 www.mosproyectos.com.mx "https://www.mosproyectos.com.mx/sureste/supervisor/search.php" "Mozilla/5.0 (Windows NT 10.0; WOW64) AppleWebKit/537.36 (KHTML, like Gecko) Chrome/68.0.3440.106 Safari/537.36" "-"
187.136.246.187 - - [20/Sep/2018:09:52:18 -0500] "GET /sureste/supervisor/search.php?dato=36160423 HTTP/1.1" 200 14958 www.mosproyectos.com.mx "https://www.mosproyectos.com.mx/sureste/supervisor/search.php?dato=036160423" "Mozilla/5.0 (Windows NT 10.0; WOW64) AppleWebKit/537.36 (KHTML, like Gecko) Chrome/68.0.3440.106 Safari/537.36" "-"
187.136.246.187 - - [20/Sep/2018:09:52:28 -0500] "GET /sureste/supervisor/search.php?dato=9999432912 HTTP/1.1" 200 14965 www.mosproyectos.com.mx "https://www.mosproyectos.com.mx/sureste/supervisor/search.php?dato=36160423" "Mozilla/5.0 (Windows NT 10.0; WOW64) AppleWebKit/537.36 (KHTML, like Gecko) Chrome/68.0.3440.106 Safari/537.36" "-"
187.136.246.187 - - [20/Sep/2018:09:52:38 -0500] "GET /sureste/supervisor/search.php?dato=9999438492 HTTP/1.1" 200 14966 www.mosproyectos.com.mx "https://www.mosproyectos.com.mx/sureste/supervisor/search.php?dato=9999432912" "Mozilla/5.0 (Windows NT 10.0; WOW64) AppleWebKit/537.36 (KHTML, like Gecko) Chrome/68.0.3440.106 Safari/537.36" "-"
187.136.246.187 - - [20/Sep/2018:09:52:50 -0500] "GET /sureste/supervisor/reAdd.php HTTP/1.1" 200 1664736 www.mosproyectos.com.mx "https://www.mosproyectos.com.mx/sureste/supervisor/search.php?dato=9999438492" "Mozilla/5.0 (Windows NT 10.0; WOW64) AppleWebKit/537.36 (KHTML, like Gecko) Chrome/68.0.3440.106 Safari/537.36" "-"
189.128.35.241 - - [20/Sep/2018:09:53:02 -0500] "POST /sureste/login.php HTTP/1.1" 302 155 www.mosproyectos.com.mx "https://www.mosproyectos.com.mx/sureste/index.html" "Mozilla/5.0 (Windows NT 10.0; Win64; x64) AppleWebKit/537.36 (KHTML, like Gecko) Chrome/69.0.3497.100 Safari/537.36" "-"
