189.128.35.241 - - [20/Sep/2018:07:08:47 -0500] "GET /sureste/os/8850_7.jpg HTTP/1.1" 200 4712010 www.mosproyectos.com.mx "https://www.mosproyectos.com.mx/sureste/supervisor/search.php?dato=36027133" "Mozilla/5.0 (Windows NT 6.3; Win64; x64) AppleWebKit/537.36 (KHTML, like Gecko) Chrome/69.0.3497.100 Safari/537.36" "-"
189.128.35.241 - - [20/Sep/2018:07:08:47 -0500] "GET /sureste/os/8850_4.jpg HTTP/1.1" 200 5192394 www.mosproyectos.com.mx "https://www.mosproyectos.com.mx/sureste/supervisor/search.php?dato=36027133" "Mozilla/5.0 (Windows NT 6.3; Win64; x64) AppleWebKit/537.36 (KHTML, like Gecko) Chrome/69.0.3497.100 Safari/537.36" "-"
189.128.35.241 - - [20/Sep/2018:07:08:47 -0500] "GET /sureste/os/8850_6.jpg HTTP/1.1" 200 5315978 www.mosproyectos.com.mx "https://www.mosproyectos.com.mx/sureste/supervisor/search.php?dato=36027133" "Mozilla/5.0 (Windows NT 6.3; Win64; x64) AppleWebKit/537.36 (KHTML, like Gecko) Chrome/69.0.3497.100 Safari/537.36" "-"
189.128.35.241 - - [20/Sep/2018:07:09:39 -0500] "GET /sureste/supervisor/search.php?dato=35997682 HTTP/1.1" 200 26048 www.mosproyectos.com.mx "https://www.mosproyectos.com.mx/sureste/supervisor/search.php?dato=36027133" "Mozilla/5.0 (Windows NT 6.3; Win64; x64) AppleWebKit/537.36 (KHTML, like Gecko) Chrome/69.0.3497.100 Safari/537.36" "-"
189.128.35.241 - - [20/Sep/2018:07:09:39 -0500] "GET /sureste/os/8613_2.jpg HTTP/1.1" 200 765109 www.mosproyectos.com.mx "https://www.mosproyectos.com.mx/sureste/supervisor/search.php?dato=35997682" "Mozilla/5.0 (Windows NT 6.3; Win64; x64) AppleWebKit/537.36 (KHTML, like Gecko) Chrome/69.0.3497.100 Safari/537.36" "-"
189.128.35.241 - - [20/Sep/2018:07:09:39 -0500] "GET /sureste/os/8613_3.jpg HTTP/1.1" 200 653103 www.mosproyectos.com.mx "https://www.mosproyectos.com.mx/sureste/supervisor/search.php?dato=35997682" "Mozilla/5.0 (Windows NT 6.3; Win64; x64) AppleWebKit/537.36 (KHTML, like Gecko) Chrome/69.0.3497.100 Safari/537.36" "-"
189.128.35.241 - - [20/Sep/2018:07:09:39 -0500] "GET /sureste/os/8613_1.jpg HTTP/1.1" 200 803730 www.mosproyectos.com.mx "https://www.mosproyectos.com.mx/sureste/supervisor/search.php?dato=35997682" "Mozilla/5.0 (Windows NT 6.3; Win64; x64) AppleWebKit/537.36 (KHTML, like Gecko) Chrome/69.0.3497.100 Safari/537.36" "-"
189.128.35.241 - - [20/Sep/2018:07:09:39 -0500] "GET /sureste/os/8613_5.jpg HTTP/1.1" 200 799450 www.mosproyectos.com.mx "https://www.mosproyectos.com.mx/sureste/supervisor/search.php?dato=35997682" "Mozilla/5.0 (Windows NT 6.3; Win64; x64) AppleWebKit/537.36 (KHTML, like Gecko) Chrome/69.0.3497.100 Safari/537.36" "-"
189.128.35.241 - - [20/Sep/2018:07:09:39 -0500] "GET /sureste/os/8613_4.jpg HTTP/1.1" 200 624926 www.mosproyectos.com.mx "https://www.mosproyectos.com.mx/sureste/supervisor/search.php?dato=35997682" "Mozilla/5.0 (Windows NT 6.3; Win64; x64) AppleWebKit/537.36 (KHTML, like Gecko) Chrome/69.0.3497.100 Safari/537.36" "-"
189.128.35.241 - - [20/Sep/2018:07:09:39 -0500] "GET /sureste/os/8613_6.jpg HTTP/1.1" 200 653653 www.mosproyectos.com.mx "https://www.mosproyectos.com.mx/sureste/supervisor/search.php?dato=35997682" "Mozilla/5.0 (Windows NT 6.3; Win64; x64) AppleWebKit/537.36 (KHTML, like Gecko) Chrome/69.0.3497.100 Safari/537.36" "-"
189.128.35.241 - - [20/Sep/2018:07:09:39 -0500] "GET /sureste/os/8613_7.jpg HTTP/1.1" 200 639150 www.mosproyectos.com.mx "https://www.mosproyectos.com.mx/sureste/supervisor/search.php?dato=35997682" "Mozilla/5.0 (Windows NT 6.3; Win64; x64) AppleWebKit/537.36 (KHTML, like Gecko) Chrome/69.0.3497.100 Safari/537.36" "-"
189.128.35.241 - - [20/Sep/2018:07:09:39 -0500] "GET /sureste/os/8613_8.jpg HTTP/1.1" 200 784578 www.mosproyectos.com.mx "https://www.mosproyectos.com.mx/sureste/supervisor/search.php?dato=35997682" "Mozilla/5.0 (Windows NT 6.3; Win64; x64) AppleWebKit/537.36 (KHTML, like Gecko) Chrome/69.0.3497.100 Safari/537.36" "-"
189.128.35.241 - - [20/Sep/2018:07:09:44 -0500] "GET /sureste/supervisor/search.php?dato=36015362 HTTP/1.1" 200 26053 www.mosproyectos.com.mx "https://www.mosproyectos.com.mx/sureste/supervisor/search.php?dato=35997682" "Mozilla/5.0 (Windows NT 6.3; Win64; x64) AppleWebKit/537.36 (KHTML, like Gecko) Chrome/69.0.3497.100 Safari/537.36" "-"
189.128.35.241 - - [20/Sep/2018:07:09:44 -0500] "GET /sureste/os/8750_2.jpg HTTP/1.1" 200 612755 www.mosproyectos.com.mx "https://www.mosproyectos.com.mx/sureste/supervisor/search.php?dato=36015362" "Mozilla/5.0 (Windows NT 6.3; Win64; x64) AppleWebKit/537.36 (KHTML, like Gecko) Chrome/69.0.3497.100 Safari/537.36" "-"
189.128.35.241 - - [20/Sep/2018:07:09:44 -0500] "GET /sureste/os/8750_4.jpg HTTP/1.1" 200 619482 www.mosproyectos.com.mx "https://www.mosproyectos.com.mx/sureste/supervisor/search.php?dato=36015362" "Mozilla/5.0 (Windows NT 6.3; Win64; x64) AppleWebKit/537.36 (KHTML, like Gecko) Chrome/69.0.3497.100 Safari/537.36" "-"
189.128.35.241 - - [20/Sep/2018:07:09:44 -0500] "GET /sureste/os/8750_1.jpg HTTP/1.1" 200 969013 www.mosproyectos.com.mx "https://www.mosproyectos.com.mx/sureste/supervisor/search.php?dato=36015362" "Mozilla/5.0 (Windows NT 6.3; Win64; x64) AppleWebKit/537.36 (KHTML, like Gecko) Chrome/69.0.3497.100 Safari/537.36" "-"
189.128.35.241 - - [20/Sep/2018:07:09:44 -0500] "GET /sureste/os/8750_3.jpg HTTP/1.1" 200 615786 www.mosproyectos.com.mx "https://www.mosproyectos.com.mx/sureste/supervisor/search.php?dato=36015362" "Mozilla/5.0 (Windows NT 6.3; Win64; x64) AppleWebKit/537.36 (KHTML, like Gecko) Chrome/69.0.3497.100 Safari/537.36" "-"
189.128.35.241 - - [20/Sep/2018:07:09:45 -0500] "GET /sureste/os/8750_5.jpg HTTP/1.1" 200 699893 www.mosproyectos.com.mx "https://www.mosproyectos.com.mx/sureste/supervisor/search.php?dato=36015362" "Mozilla/5.0 (Windows NT 6.3; Win64; x64) AppleWebKit/537.36 (KHTML, like Gecko) Chrome/69.0.3497.100 Safari/537.36" "-"
189.128.35.241 - - [20/Sep/2018:07:09:45 -0500] "GET /sureste/os/8750_6.jpg HTTP/1.1" 200 617641 www.mosproyectos.com.mx "https://www.mosproyectos.com.mx/sureste/supervisor/search.php?dato=36015362" "Mozilla/5.0 (Windows NT 6.3; Win64; x64) AppleWebKit/537.36 (KHTML, like Gecko) Chrome/69.0.3497.100 Safari/537.36" "-"
189.128.35.241 - - [20/Sep/2018:07:09:45 -0500] "GET /sureste/os/8750_7.jpg HTTP/1.1" 200 618430 www.mosproyectos.com.mx "https://www.mosproyectos.com.mx/sureste/supervisor/search.php?dato=36015362" "Mozilla/5.0 (Windows NT 6.3; Win64; x64) AppleWebKit/537.36 (KHTML, like Gecko) Chrome/69.0.3497.100 Safari/537.36" "-"
189.128.35.241 - - [20/Sep/2018:07:09:45 -0500] "GET /sureste/os/8750_8.jpg HTTP/1.1" 200 724112 www.mosproyectos.com.mx "https://www.mosproyectos.com.mx/sureste/supervisor/search.php?dato=36015362" "Mozilla/5.0 (Windows NT 6.3; Win64; x64) AppleWebKit/537.36 (KHTML, like Gecko) Chrome/69.0.3497.100 Safari/537.36" "-"
189.128.35.241 - - [20/Sep/2018:07:09:49 -0500] "GET /sureste/supervisor/search.php?dato=36008149 HTTP/1.1" 200 26055 www.mosproyectos.com.mx "https://www.mosproyectos.com.mx/sureste/supervisor/search.php?dato=36015362" "Mozilla/5.0 (Windows NT 6.3; Win64; x64) AppleWebKit/537.36 (KHTML, like Gecko) Chrome/69.0.3497.100 Safari/537.36" "-"
189.128.35.241 - - [20/Sep/2018:07:09:49 -0500] "GET /sureste/os/8759_1.jpg HTTP/1.1" 200 800763 www.mosproyectos.com.mx "https://www.mosproyectos.com.mx/sureste/supervisor/search.php?dato=36008149" "Mozilla/5.0 (Windows NT 6.3; Win64; x64) AppleWebKit/537.36 (KHTML, like Gecko) Chrome/69.0.3497.100 Safari/537.36" "-"
189.128.35.241 - - [20/Sep/2018:07:09:49 -0500] "GET /sureste/os/8759_2.jpg HTTP/1.1" 200 677886 www.mosproyectos.com.mx "https://www.mosproyectos.com.mx/sureste/supervisor/search.php?dato=36008149" "Mozilla/5.0 (Windows NT 6.3; Win64; x64) AppleWebKit/537.36 (KHTML, like Gecko) Chrome/69.0.3497.100 Safari/537.36" "-"
189.128.35.241 - - [20/Sep/2018:07:09:49 -0500] "GET /sureste/os/8759_3.jpg HTTP/1.1" 200 693091 www.mosproyectos.com.mx "https://www.mosproyectos.com.mx/sureste/supervisor/search.php?dato=36008149" "Mozilla/5.0 (Windows NT 6.3; Win64; x64) AppleWebKit/537.36 (KHTML, like Gecko) Chrome/69.0.3497.100 Safari/537.36" "-"
189.128.35.241 - - [20/Sep/2018:07:09:49 -0500] "GET /sureste/os/8759_4.jpg HTTP/1.1" 200 619369 www.mosproyectos.com.mx "https://www.mosproyectos.com.mx/sureste/supervisor/search.php?dato=36008149" "Mozilla/5.0 (Windows NT 6.3; Win64; x64) AppleWebKit/537.36 (KHTML, like Gecko) Chrome/69.0.3497.100 Safari/537.36" "-"
189.128.35.241 - - [20/Sep/2018:07:09:49 -0500] "GET /sureste/os/8759_6.jpg HTTP/1.1" 200 695311 www.mosproyectos.com.mx "https://www.mosproyectos.com.mx/sureste/supervisor/search.php?dato=36008149" "Mozilla/5.0 (Windows NT 6.3; Win64; x64) AppleWebKit/537.36 (KHTML, like Gecko) Chrome/69.0.3497.100 Safari/537.36" "-"
189.128.35.241 - - [20/Sep/2018:07:09:49 -0500] "GET /sureste/os/8759_5.jpg HTTP/1.1" 200 792009 www.mosproyectos.com.mx "https://www.mosproyectos.com.mx/sureste/supervisor/search.php?dato=36008149" "Mozilla/5.0 (Windows NT 6.3; Win64; x64) AppleWebKit/537.36 (KHTML, like Gecko) Chrome/69.0.3497.100 Safari/537.36" "-"
189.128.35.241 - - [20/Sep/2018:07:09:49 -0500] "GET /sureste/os/8759_7.jpg HTTP/1.1" 200 744070 www.mosproyectos.com.mx "https://www.mosproyectos.com.mx/sureste/supervisor/search.php?dato=36008149" "Mozilla/5.0 (Windows NT 6.3; Win64; x64) AppleWebKit/537.36 (KHTML, like Gecko) Chrome/69.0.3497.100 Safari/537.36" "-"
189.128.35.241 - - [20/Sep/2018:07:09:49 -0500] "GET /sureste/os/8759_8.jpg HTTP/1.1" 200 721988 www.mosproyectos.com.mx "https://www.mosproyectos.com.mx/sureste/supervisor/search.php?dato=36008149" "Mozilla/5.0 (Windows NT 6.3; Win64; x64) AppleWebKit/537.36 (KHTML, like Gecko) Chrome/69.0.3497.100 Safari/537.36" "-"
189.128.35.241 - - [20/Sep/2018:07:09:54 -0500] "GET /sureste/supervisor/search.php?dato=36009720 HTTP/1.1" 200 26046 www.mosproyectos.com.mx "https://www.mosproyectos.com.mx/sureste/supervisor/search.php?dato=36008149" "Mozilla/5.0 (Windows NT 6.3; Win64; x64) AppleWebKit/537.36 (KHTML, like Gecko) Chrome/69.0.3497.100 Safari/537.36" "-"
189.128.35.241 - - [20/Sep/2018:07:09:54 -0500] "GET /sureste/os/8859_2.jpg HTTP/1.1" 200 977660 www.mosproyectos.com.mx "https://www.mosproyectos.com.mx/sureste/supervisor/search.php?dato=36009720" "Mozilla/5.0 (Windows NT 6.3; Win64; x64) AppleWebKit/537.36 (KHTML, like Gecko) Chrome/69.0.3497.100 Safari/537.36" "-"
189.128.35.241 - - [20/Sep/2018:07:09:54 -0500] "GET /sureste/os/8859_3.jpg HTTP/1.1" 200 802360 www.mosproyectos.com.mx "https://www.mosproyectos.com.mx/sureste/supervisor/search.php?dato=36009720" "Mozilla/5.0 (Windows NT 6.3; Win64; x64) AppleWebKit/537.36 (KHTML, like Gecko) Chrome/69.0.3497.100 Safari/537.36" "-"
189.128.35.241 - - [20/Sep/2018:07:09:54 -0500] "GET /sureste/os/8859_1.jpg HTTP/1.1" 200 969013 www.mosproyectos.com.mx "https://www.mosproyectos.com.mx/sureste/supervisor/search.php?dato=36009720" "Mozilla/5.0 (Windows NT 6.3; Win64; x64) AppleWebKit/537.36 (KHTML, like Gecko) Chrome/69.0.3497.100 Safari/537.36" "-"
189.128.35.241 - - [20/Sep/2018:07:09:54 -0500] "GET /sureste/os/8859_4.jpg HTTP/1.1" 200 977660 www.mosproyectos.com.mx "https://www.mosproyectos.com.mx/sureste/supervisor/search.php?dato=36009720" "Mozilla/5.0 (Windows NT 6.3; Win64; x64) AppleWebKit/537.36 (KHTML, like Gecko) Chrome/69.0.3497.100 Safari/537.36" "-"
189.128.35.241 - - [20/Sep/2018:07:09:55 -0500] "GET /sureste/os/8859_5.jpg HTTP/1.1" 200 662645 www.mosproyectos.com.mx "https://www.mosproyectos.com.mx/sureste/supervisor/search.php?dato=36009720" "Mozilla/5.0 (Windows NT 6.3; Win64; x64) AppleWebKit/537.36 (KHTML, like Gecko) Chrome/69.0.3497.100 Safari/537.36" "-"
189.128.35.241 - - [20/Sep/2018:07:09:55 -0500] "GET /sureste/os/8859_7.jpg HTTP/1.1" 200 737806 www.mosproyectos.com.mx "https://www.mosproyectos.com.mx/sureste/supervisor/search.php?dato=36009720" "Mozilla/5.0 (Windows NT 6.3; Win64; x64) AppleWebKit/537.36 (KHTML, like Gecko) Chrome/69.0.3497.100 Safari/537.36" "-"
189.128.35.241 - - [20/Sep/2018:07:09:55 -0500] "GET /sureste/os/8859_6.jpg HTTP/1.1" 200 787614 www.mosproyectos.com.mx "https://www.mosproyectos.com.mx/sureste/supervisor/search.php?dato=36009720" "Mozilla/5.0 (Windows NT 6.3; Win64; x64) AppleWebKit/537.36 (KHTML, like Gecko) Chrome/69.0.3497.100 Safari/537.36" "-"
189.128.35.241 - - [20/Sep/2018:07:09:55 -0500] "GET /sureste/os/8859_8.jpg HTTP/1.1" 200 1025656 www.mosproyectos.com.mx "https://www.mosproyectos.com.mx/sureste/supervisor/search.php?dato=36009720" "Mozilla/5.0 (Windows NT 6.3; Win64; x64) AppleWebKit/537.36 (KHTML, like Gecko) Chrome/69.0.3497.100 Safari/537.36" "-"
189.128.35.241 - - [20/Sep/2018:08:08:35 -0500] "GET /sureste/css/slider.css HTTP/1.1" 404 1364 www.mosproyectos.com.mx "https://www.mosproyectos.com.mx/sureste/index.html" "Mozilla/5.0 (Windows NT 10.0; Win64; x64) AppleWebKit/537.36 (KHTML, like Gecko) Chrome/69.0.3497.100 Safari/537.36" "-"
2806:10be:4:6985:ed43:44eb:b2e5:5634 - - [20/Sep/2018:08:17:26 -0500] "GET /sureste/css/slider.css HTTP/1.1" 404 1364 www.mosproyectos.com.mx "https://www.mosproyectos.com.mx/sureste/index.html" "Mozilla/5.0 (Linux; Android 6.0.1; SAMSUNG SM-G532M Build/MMB29T) AppleWebKit/537.36 (KHTML, like Gecko) SamsungBrowser/7.4 Chrome/59.0.3071.125 Mobile Safari/537.36" "-"
2806:10be:4:6985:ed43:44eb:b2e5:5634 - - [20/Sep/2018:08:17:27 -0500] "GET /sureste/syspic/favicon.png HTTP/1.1" 200 32846 www.mosproyectos.com.mx "https://www.mosproyectos.com.mx/sureste/index.html" "Mozilla/5.0 (Linux; Android 6.0.1; SAMSUNG SM-G532M Build/MMB29T) AppleWebKit/537.36 (KHTML, like Gecko) SamsungBrowser/7.4 Chrome/59.0.3071.125 Mobile Safari/537.36" "-"
2806:10be:4:6985:ed43:44eb:b2e5:5634 - - [20/Sep/2018:08:17:28 -0500] "POST /sureste/login.php HTTP/1.1" 302 155 www.mosproyectos.com.mx "https://www.mosproyectos.com.mx/sureste/index.html" "Mozilla/5.0 (Linux; Android 6.0.1; SAMSUNG SM-G532M Build/MMB29T) AppleWebKit/537.36 (KHTML, like Gecko) SamsungBrowser/7.4 Chrome/59.0.3071.125 Mobile Safari/537.36" "-"
2806:10be:4:6985:ed43:44eb:b2e5:5634 - - [20/Sep/2018:08:17:29 -0500] "GET /sureste/tecnico/inde.php HTTP/1.1" 302 1429 www.mosproyectos.com.mx "https://www.mosproyectos.com.mx/sureste/index.html" "Mozilla/5.0 (Linux; Android 6.0.1; SAMSUNG SM-G532M Build/MMB29T) AppleWebKit/537.36 (KHTML, like Gecko) SamsungBrowser/7.4 Chrome/59.0.3071.125 Mobile Safari/537.36" "-"
2806:10be:4:6985:ed43:44eb:b2e5:5634 - - [20/Sep/2018:08:17:29 -0500] "GET /sureste/tecnico/indeInicio.php HTTP/1.1" 200 10601 www.mosproyectos.com.mx "https://www.mosproyectos.com.mx/sureste/index.html" "Mozilla/5.0 (Linux; Android 6.0.1; SAMSUNG SM-G532M Build/MMB29T) AppleWebKit/537.36 (KHTML, like Gecko) SamsungBrowser/7.4 Chrome/59.0.3071.125 Mobile Safari/537.36" "-"
2806:10be:4:6985:ed43:44eb:b2e5:5634 - - [20/Sep/2018:08:17:29 -0500] "GET /sureste/css/slider.css HTTP/1.1" 404 1364 www.mosproyectos.com.mx "https://www.mosproyectos.com.mx/sureste/tecnico/indeInicio.php" "Mozilla/5.0 (Linux; Android 6.0.1; SAMSUNG SM-G532M Build/MMB29T) AppleWebKit/537.36 (KHTML, like Gecko) SamsungBrowser/7.4 Chrome/59.0.3071.125 Mobile Safari/537.36" "-"
2806:10be:4:6985:ed43:44eb:b2e5:5634 - - [20/Sep/2018:08:17:36 -0500] "GET /sureste/tecnico/dataosuall.php HTTP/1.1" 200 6610 www.mosproyectos.com.mx "https://www.mosproyectos.com.mx/sureste/tecnico/indeInicio.php" "Mozilla/5.0 (Linux; Android 6.0.1; SAMSUNG SM-G532M Build/MMB29T) AppleWebKit/537.36 (KHTML, like Gecko) SamsungBrowser/7.4 Chrome/59.0.3071.125 Mobile Safari/537.36" "-"
189.189.106.85 - - [20/Sep/2018:08:18:25 -0500] "GET /login.html HTTP/1.1" 304 - www.mosproyectos.com.mx "https://www.google.com/" "Mozilla/5.0 (Linux; Android 4.4.2; 4027A Build/KOT49H) AppleWebKit/537.36 (KHTML, like Gecko) Chrome/40.0.2214.109 Mobile Safari/537.36" "-"
189.189.106.85 - - [20/Sep/2018:08:18:28 -0500] "GET /fonts/glyphicons-halflings-regular.woff2 HTTP/1.1" 304 - www.mosproyectos.com.mx "https://www.google.com/" "Mozilla/5.0 (Linux; Android 4.4.2; 4027A Build/KOT49H) AppleWebKit/537.36 (KHTML, like Gecko) Chrome/40.0.2214.109 Mobile Safari/537.36" "-"
189.189.106.85 - - [20/Sep/2018:08:18:34 -0500] "POST /login.php HTTP/1.1" 302 155 www.mosproyectos.com.mx "https://www.mosproyectos.com.mx/login.html" "Mozilla/5.0 (Linux; Android 4.4.2; 4027A Build/KOT49H) AppleWebKit/537.36 (KHTML, like Gecko) Chrome/40.0.2214.109 Mobile Safari/537.36" "-"
189.189.106.85 - - [20/Sep/2018:08:18:35 -0500] "GET /tecnico/inde.php HTTP/1.1" 302 1429 www.mosproyectos.com.mx "https://www.mosproyectos.com.mx/login.html" "Mozilla/5.0 (Linux; Android 4.4.2; 4027A Build/KOT49H) AppleWebKit/537.36 (KHTML, like Gecko) Chrome/40.0.2214.109 Mobile Safari/537.36" "-"
189.189.106.85 - - [20/Sep/2018:08:18:35 -0500] "GET /tecnico/indeInicio.php HTTP/1.1" 200 9859 www.mosproyectos.com.mx "https://www.mosproyectos.com.mx/login.html" "Mozilla/5.0 (Linux; Android 4.4.2; 4027A Build/KOT49H) AppleWebKit/537.36 (KHTML, like Gecko) Chrome/40.0.2214.109 Mobile Safari/537.36" "-"
189.189.106.85 - - [20/Sep/2018:08:18:37 -0500] "GET /css/slider.css HTTP/1.1" 404 1364 www.mosproyectos.com.mx "https://www.mosproyectos.com.mx/tecnico/indeInicio.php" "Mozilla/5.0 (Linux; Android 4.4.2; 4027A Build/KOT49H) AppleWebKit/537.36 (KHTML, like Gecko) Chrome/40.0.2214.109 Mobile Safari/537.36" "-"
189.189.106.85 - - [20/Sep/2018:08:18:37 -0500] "GET /js/browser5.js HTTP/1.1" 301 253 www.mosproyectos.com.mx "https://www.mosproyectos.com.mx/tecnico/indeInicio.php" "Mozilla/5.0 (Linux; Android 4.4.2; 4027A Build/KOT49H) AppleWebKit/537.36 (KHTML, like Gecko) Chrome/40.0.2214.109 Mobile Safari/537.36" "-"
2806:10be:4:6985:ed43:44eb:b2e5:5634 - - [20/Sep/2018:08:18:40 -0500] "GET /sureste/css/slider.css HTTP/1.1" 404 1364 www.mosproyectos.com.mx "https://www.mosproyectos.com.mx/sureste/index.html" "Mozilla/5.0 (Linux; Android 6.0.1; SAMSUNG SM-G532M Build/MMB29T) AppleWebKit/537.36 (KHTML, like Gecko) SamsungBrowser/7.4 Chrome/59.0.3071.125 Mobile Safari/537.36" "-"
2806:10be:4:6985:ed43:44eb:b2e5:5634 - - [20/Sep/2018:08:18:42 -0500] "POST /sureste/login.php HTTP/1.1" 302 155 www.mosproyectos.com.mx "https://www.mosproyectos.com.mx/sureste/index.html" "Mozilla/5.0 (Linux; Android 6.0.1; SAMSUNG SM-G532M Build/MMB29T) AppleWebKit/537.36 (KHTML, like Gecko) SamsungBrowser/7.4 Chrome/59.0.3071.125 Mobile Safari/537.36" "-"
2806:10be:4:6985:ed43:44eb:b2e5:5634 - - [20/Sep/2018:08:18:42 -0500] "GET /sureste/tecnico/inde.php HTTP/1.1" 302 1429 www.mosproyectos.com.mx "https://www.mosproyectos.com.mx/sureste/index.html" "Mozilla/5.0 (Linux; Android 6.0.1; SAMSUNG SM-G532M Build/MMB29T) AppleWebKit/537.36 (KHTML, like Gecko) SamsungBrowser/7.4 Chrome/59.0.3071.125 Mobile Safari/537.36" "-"
2806:10be:4:6985:ed43:44eb:b2e5:5634 - - [20/Sep/2018:08:18:43 -0500] "GET /sureste/tecnico/indeInicio.php HTTP/1.1" 200 10601 www.mosproyectos.com.mx "https://www.mosproyectos.com.mx/sureste/index.html" "Mozilla/5.0 (Linux; Android 6.0.1; SAMSUNG SM-G532M Build/MMB29T) AppleWebKit/537.36 (KHTML, like Gecko) SamsungBrowser/7.4 Chrome/59.0.3071.125 Mobile Safari/537.36" "-"
2806:10be:4:6985:ed43:44eb:b2e5:5634 - - [20/Sep/2018:08:18:43 -0500] "GET /sureste/css/slider.css HTTP/1.1" 404 1364 www.mosproyectos.com.mx "https://www.mosproyectos.com.mx/sureste/tecnico/indeInicio.php" "Mozilla/5.0 (Linux; Android 6.0.1; SAMSUNG SM-G532M Build/MMB29T) AppleWebKit/537.36 (KHTML, like Gecko) SamsungBrowser/7.4 Chrome/59.0.3071.125 Mobile Safari/537.36" "-"
2806:10be:4:6985:ed43:44eb:b2e5:5634 - - [20/Sep/2018:08:18:46 -0500] "GET /sureste/tecnico/dataosuall.php HTTP/1.1" 200 6610 www.mosproyectos.com.mx "https://www.mosproyectos.com.mx/sureste/tecnico/indeInicio.php" "Mozilla/5.0 (Linux; Android 6.0.1; SAMSUNG SM-G532M Build/MMB29T) AppleWebKit/537.36 (KHTML, like Gecko) SamsungBrowser/7.4 Chrome/59.0.3071.125 Mobile Safari/537.36" "-"
189.128.35.241 - - [20/Sep/2018:08:18:47 -0500] "POST /sureste/login.php HTTP/1.1" 302 155 www.mosproyectos.com.mx "https://www.mosproyectos.com.mx/sureste/index.html" "Mozilla/5.0 (Windows NT 10.0; Win64; x64) AppleWebKit/537.36 (KHTML, like Gecko) Chrome/69.0.3497.100 Safari/537.36" "-"
189.128.35.241 - - [20/Sep/2018:08:18:47 -0500] "POST /sureste/login.php HTTP/1.1" 302 155 www.mosproyectos.com.mx "https://www.mosproyectos.com.mx/sureste/index.html" "Mozilla/5.0 (Windows NT 10.0; Win64; x64) AppleWebKit/537.36 (KHTML, like Gecko) Chrome/69.0.3497.100 Safari/537.36" "-"
189.128.35.241 - - [20/Sep/2018:08:18:47 -0500] "GET /sureste/supervisor/inde.php HTTP/1.1" 200 24012 www.mosproyectos.com.mx "https://www.mosproyectos.com.mx/sureste/index.html" "Mozilla/5.0 (Windows NT 10.0; Win64; x64) AppleWebKit/537.36 (KHTML, like Gecko) Chrome/69.0.3497.100 Safari/537.36" "-"
189.189.106.85 - - [20/Sep/2018:08:18:48 -0500] "GET /tecnico/dataosuall.php HTTP/1.1" 200 12315 www.mosproyectos.com.mx "https://www.mosproyectos.com.mx/tecnico/indeInicio.php" "Mozilla/5.0 (Linux; Android 4.4.2; 4027A Build/KOT49H) AppleWebKit/537.36 (KHTML, like Gecko) Chrome/40.0.2214.109 Mobile Safari/537.36" "-"
189.251.126.66 - - [20/Sep/2018:08:18:49 -0500] "POST /login.php HTTP/1.1" 302 155 www.mosproyectos.com.mx "https://www.mosproyectos.com.mx/login.html" "Mozilla/5.0 (Linux; Android 4.1.2; GT-S6810L Build/JZO54K) AppleWebKit/537.36 (KHTML, like Gecko) Chrome/69.0.3497.100 Mobile Safari/537.36" "-"
189.251.126.66 - - [20/Sep/2018:08:18:53 -0500] "GET /tecnico/inde.php HTTP/1.1" 302 1429 www.mosproyectos.com.mx "https://www.mosproyectos.com.mx/login.html" "Mozilla/5.0 (Linux; Android 4.1.2; GT-S6810L Build/JZO54K) AppleWebKit/537.36 (KHTML, like Gecko) Chrome/69.0.3497.100 Mobile Safari/537.36" "-"
189.251.126.66 - - [20/Sep/2018:08:18:53 -0500] "GET /tecnico/indeInicio.php HTTP/1.1" 200 9865 www.mosproyectos.com.mx "https://www.mosproyectos.com.mx/login.html" "Mozilla/5.0 (Linux; Android 4.1.2; GT-S6810L Build/JZO54K) AppleWebKit/537.36 (KHTML, like Gecko) Chrome/69.0.3497.100 Mobile Safari/537.36" "-"
189.251.126.66 - - [20/Sep/2018:08:18:55 -0500] "GET /css/slider.css HTTP/1.1" 404 1364 www.mosproyectos.com.mx "https://www.mosproyectos.com.mx/tecnico/indeInicio.php" "Mozilla/5.0 (Linux; Android 4.1.2; GT-S6810L Build/JZO54K) AppleWebKit/537.36 (KHTML, like Gecko) Chrome/69.0.3497.100 Mobile Safari/537.36" "-"
189.128.35.241 - - [20/Sep/2018:08:18:59 -0500] "GET /sureste/supervisor/addOs.php HTTP/1.1" 200 751925 www.mosproyectos.com.mx "https://www.mosproyectos.com.mx/sureste/supervisor/inde.php" "Mozilla/5.0 (Windows NT 10.0; Win64; x64) AppleWebKit/537.36 (KHTML, like Gecko) Chrome/69.0.3497.100 Safari/537.36" "-"
2806:10be:4:6985:ed43:44eb:b2e5:5634 - - [20/Sep/2018:08:19:02 -0500] "POST /sureste/tecnico/dataos.php HTTP/1.1" 200 24436 www.mosproyectos.com.mx "https://www.mosproyectos.com.mx/sureste/tecnico/dataosuall.php" "Mozilla/5.0 (Linux; Android 6.0.1; SAMSUNG SM-G532M Build/MMB29T) AppleWebKit/537.36 (KHTML, like Gecko) SamsungBrowser/7.4 Chrome/59.0.3071.125 Mobile Safari/537.36" "-"
2806:10be:4:6985:ed43:44eb:b2e5:5634 - - [20/Sep/2018:08:19:02 -0500] "GET /sureste/css/slider.css HTTP/1.1" 404 1364 www.mosproyectos.com.mx "https://www.mosproyectos.com.mx/sureste/tecnico/dataos.php" "Mozilla/5.0 (Linux; Android 6.0.1; SAMSUNG SM-G532M Build/MMB29T) AppleWebKit/537.36 (KHTML, like Gecko) SamsungBrowser/7.4 Chrome/59.0.3071.125 Mobile Safari/537.36" "-"
189.128.35.241 - - [20/Sep/2018:08:19:03 -0500] "GET /sureste/supervisor/addOs.php?folioP=36165475 HTTP/1.1" 200 751925 www.mosproyectos.com.mx "https://www.mosproyectos.com.mx/sureste/supervisor/addOs.php" "Mozilla/5.0 (Windows NT 10.0; Win64; x64) AppleWebKit/537.36 (KHTML, like Gecko) Chrome/69.0.3497.100 Safari/537.36" "-"
189.128.35.241 - - [20/Sep/2018:08:19:08 -0500] "GET /sureste/logout.php HTTP/1.1" 302 - www.mosproyectos.com.mx "https://www.mosproyectos.com.mx/sureste/supervisor/addOs.php?folioP=36165475" "Mozilla/5.0 (Windows NT 10.0; Win64; x64) AppleWebKit/537.36 (KHTML, like Gecko) Chrome/69.0.3497.100 Safari/537.36" "-"
189.128.35.241 - - [20/Sep/2018:08:19:08 -0500] "GET /sureste/css/slider.css HTTP/1.1" 404 1364 www.mosproyectos.com.mx "https://www.mosproyectos.com.mx/sureste/index.html" "Mozilla/5.0 (Windows NT 10.0; Win64; x64) AppleWebKit/537.36 (KHTML, like Gecko) Chrome/69.0.3497.100 Safari/537.36" "-"
189.251.126.66 - - [20/Sep/2018:08:19:31 -0500] "GET /tecnico/dataosuall.php HTTP/1.1" 200 19432 www.mosproyectos.com.mx "https://www.mosproyectos.com.mx/tecnico/indeInicio.php" "Mozilla/5.0 (Linux; Android 4.1.2; GT-S6810L Build/JZO54K) AppleWebKit/537.36 (KHTML, like Gecko) Chrome/69.0.3497.100 Mobile Safari/537.36" "-"
185.234.218.58 - - [20/Sep/2018:08:20:29 -0500] "GET /wp-login.php HTTP/1.1" 302 228 mosproyectos.com.mx "http://mosproyectos.com.mx/wp-login.php" "Mozilla/4.0 (compatible; MSIE 9.0; Windows NT 6.1; 125LA; .NET CLR 2.0.50727; .NET CLR 3.0.04506.648; .NET CLR 3.5.21022)" "-"
189.251.126.66 - - [20/Sep/2018:08:20:39 -0500] "POST /tecnico/dataos.php HTTP/1.1" 200 27936 www.mosproyectos.com.mx "https://www.mosproyectos.com.mx/tecnico/dataosuall.php" "Mozilla/5.0 (Linux; Android 4.1.2; GT-S6810L Build/JZO54K) AppleWebKit/537.36 (KHTML, like Gecko) Chrome/69.0.3497.100 Mobile Safari/537.36" "-"
185.234.218.58 - - [20/Sep/2018:08:20:41 -0500] "GET /wp-login.php HTTP/1.1" 302 228 mosproyectos.com.mx "http://mosproyectos.com.mx/wp-login.php" "Mozilla/4.0 (compatible; MSIE 9.0; Windows NT 6.1; 125LA; .NET CLR 2.0.50727; .NET CLR 3.0.04506.648; .NET CLR 3.5.21022)" "-"
189.251.126.66 - - [20/Sep/2018:08:20:43 -0500] "GET /css/slider.css HTTP/1.1" 404 1364 www.mosproyectos.com.mx "https://www.mosproyectos.com.mx/tecnico/dataos.php" "Mozilla/5.0 (Linux; Android 4.1.2; GT-S6810L Build/JZO54K) AppleWebKit/537.36 (KHTML, like Gecko) Chrome/69.0.3497.100 Mobile Safari/537.36" "-"
2806:10be:4:6985:ed43:44eb:b2e5:5634 - - [20/Sep/2018:08:24:24 -0500] "POST /sureste/tecnico/upload.php HTTP/1.1" 200 972 www.mosproyectos.com.mx "https://www.mosproyectos.com.mx/sureste/tecnico/dataos.php" "Mozilla/5.0 (Linux; Android 6.0.1; SAMSUNG SM-G532M Build/MMB29T) AppleWebKit/537.36 (KHTML, like Gecko) SamsungBrowser/7.4 Chrome/59.0.3071.125 Mobile Safari/537.36" "-"
187.190.163.73 - - [20/Sep/2018:08:24:58 -0500] "GET /favicon.ico HTTP/1.1" 404 1364 www.mosproyectos.com.mx "-" "Mozilla/5.0 (Windows NT 6.2; WOW64) AppleWebKit/537.36 (KHTML, like Gecko) Chrome/68.0.3440.106 Safari/537.36 OPR/55.0.2994.61" "-"
189.251.126.66 - - [20/Sep/2018:08:25:23 -0500] "POST /tecnico/upload.php HTTP/1.1" 200 318 www.mosproyectos.com.mx "https://www.mosproyectos.com.mx/tecnico/dataos.php" "Mozilla/5.0 (Linux; Android 4.1.2; GT-S6810L Build/JZO54K) AppleWebKit/537.36 (KHTML, like Gecko) Chrome/69.0.3497.100 Mobile Safari/537.36" "-"
189.251.126.66 - - [20/Sep/2018:08:25:33 -0500] "POST /tecnico/dataos.php HTTP/1.1" 200 28250 www.mosproyectos.com.mx "https://www.mosproyectos.com.mx/tecnico/upload.php" "Mozilla/5.0 (Linux; Android 4.1.2; GT-S6810L Build/JZO54K) AppleWebKit/537.36 (KHTML, like Gecko) Chrome/69.0.3497.100 Mobile Safari/537.36" "-"
189.251.126.66 - - [20/Sep/2018:08:25:34 -0500] "GET /css/slider.css HTTP/1.1" 404 1364 www.mosproyectos.com.mx "https://www.mosproyectos.com.mx/tecnico/dataos.php" "Mozilla/5.0 (Linux; Android 4.1.2; GT-S6810L Build/JZO54K) AppleWebKit/537.36 (KHTML, like Gecko) Chrome/69.0.3497.100 Mobile Safari/537.36" "-"
187.190.163.73 - - [20/Sep/2018:08:26:48 -0500] "GET /os/28202_0.jpg HTTP/1.1" 200 3802747 www.mosproyectos.com.mx "-" "Mozilla/5.0 (Windows NT 6.2; WOW64) AppleWebKit/537.36 (KHTML, like Gecko) Chrome/68.0.3440.106 Safari/537.36 OPR/55.0.2994.61" "-"
2806:10be:4:6985:ed43:44eb:b2e5:5634 - - [20/Sep/2018:08:26:52 -0500] "GET /favicon.ico HTTP/1.1" 404 1364 www.mosproyectos.com.mx "https://www.mosproyectos.com.mx/sureste/tecnico/upload.php" "Mozilla/5.0 (Linux; Android 6.0.1; SAMSUNG SM-G532M Build/MMB29T) AppleWebKit/537.36 (KHTML, like Gecko) SamsungBrowser/7.4 Chrome/59.0.3071.125 Mobile Safari/537.36" "-"
2806:10be:4:6985:ed43:44eb:b2e5:5634 - - [20/Sep/2018:08:26:52 -0500] "POST /sureste/tecnico/dataos.php HTTP/1.1" 200 41599 www.mosproyectos.com.mx "https://www.mosproyectos.com.mx/sureste/tecnico/upload.php" "Mozilla/5.0 (Linux; Android 6.0.1; SAMSUNG SM-G532M Build/MMB29T) AppleWebKit/537.36 (KHTML, like Gecko) SamsungBrowser/7.4 Chrome/59.0.3071.125 Mobile Safari/537.36" "-"
2806:10be:4:6985:ed43:44eb:b2e5:5634 - - [20/Sep/2018:08:26:52 -0500] "GET /sureste/css/slider.css HTTP/1.1" 404 1364 www.mosproyectos.com.mx "https://www.mosproyectos.com.mx/sureste/tecnico/dataos.php" "Mozilla/5.0 (Linux; Android 6.0.1; SAMSUNG SM-G532M Build/MMB29T) AppleWebKit/537.36 (KHTML, like Gecko) SamsungBrowser/7.4 Chrome/59.0.3071.125 Mobile Safari/537.36" "-"
187.190.163.73 - - [20/Sep/2018:08:26:54 -0500] "GET /favicon.ico HTTP/1.1" 404 1364 www.mosproyectos.com.mx "https://www.mosproyectos.com.mx/os/28202_0.jpg" "Mozilla/5.0 (Windows NT 6.2; WOW64) AppleWebKit/537.36 (KHTML, like Gecko) Chrome/68.0.3440.106 Safari/537.36 OPR/55.0.2994.61" "-"
189.251.126.66 - - [20/Sep/2018:08:27:14 -0500] "POST /tecnico/upload.php HTTP/1.1" 200 318 www.mosproyectos.com.mx "https://www.mosproyectos.com.mx/tecnico/dataos.php" "Mozilla/5.0 (Linux; Android 4.1.2; GT-S6810L Build/JZO54K) AppleWebKit/537.36 (KHTML, like Gecko) Chrome/69.0.3497.100 Mobile Safari/537.36" "-"
189.251.126.66 - - [20/Sep/2018:08:27:35 -0500] "POST /tecnico/dataos.php HTTP/1.1" 200 28564 www.mosproyectos.com.mx "https://www.mosproyectos.com.mx/tecnico/upload.php" "Mozilla/5.0 (Linux; Android 4.1.2; GT-S6810L Build/JZO54K) AppleWebKit/537.36 (KHTML, like Gecko) Chrome/69.0.3497.100 Mobile Safari/537.36" "-"
189.251.126.66 - - [20/Sep/2018:08:27:37 -0500] "GET /css/slider.css HTTP/1.1" 404 1364 www.mosproyectos.com.mx "https://www.mosproyectos.com.mx/tecnico/dataos.php" "Mozilla/5.0 (Linux; Android 4.1.2; GT-S6810L Build/JZO54K) AppleWebKit/537.36 (KHTML, like Gecko) Chrome/69.0.3497.100 Mobile Safari/537.36" "-"
2806:10be:4:6985:ed43:44eb:b2e5:5634 - - [20/Sep/2018:08:27:50 -0500] "POST /sureste/tecnico/regDetalles.php HTTP/1.1" 200 184 www.mosproyectos.com.mx "https://www.mosproyectos.com.mx/sureste/tecnico/dataos.php" "Mozilla/5.0 (Linux; Android 6.0.1; SAMSUNG SM-G532M Build/MMB29T) AppleWebKit/537.36 (KHTML, like Gecko) SamsungBrowser/7.4 Chrome/59.0.3071.125 Mobile Safari/537.36" "-"
2806:10be:4:6985:ed43:44eb:b2e5:5634 - - [20/Sep/2018:08:28:03 -0500] "GET /sureste/tecnico/dataosuall.php HTTP/1.1" 200 5901 www.mosproyectos.com.mx "https://www.mosproyectos.com.mx/sureste/tecnico/regDetalles.php" "Mozilla/5.0 (Linux; Android 6.0.1; SAMSUNG SM-G532M Build/MMB29T) AppleWebKit/537.36 (KHTML, like Gecko) SamsungBrowser/7.4 Chrome/59.0.3071.125 Mobile Safari/537.36" "-"
189.251.126.66 - - [20/Sep/2018:08:29:04 -0500] "POST /tecnico/upload.php HTTP/1.1" 200 318 www.mosproyectos.com.mx "https://www.mosproyectos.com.mx/tecnico/dataos.php" "Mozilla/5.0 (Linux; Android 4.1.2; GT-S6810L Build/JZO54K) AppleWebKit/537.36 (KHTML, like Gecko) Chrome/69.0.3497.100 Mobile Safari/537.36" "-"
189.251.126.66 - - [20/Sep/2018:08:29:16 -0500] "POST /tecnico/dataos.php HTTP/1.1" 200 28878 www.mosproyectos.com.mx "https://www.mosproyectos.com.mx/tecnico/upload.php" "Mozilla/5.0 (Linux; Android 4.1.2; GT-S6810L Build/JZO54K) AppleWebKit/537.36 (KHTML, like Gecko) Chrome/69.0.3497.100 Mobile Safari/537.36" "-"
189.251.126.66 - - [20/Sep/2018:08:29:17 -0500] "GET /css/slider.css HTTP/1.1" 404 1364 www.mosproyectos.com.mx "https://www.mosproyectos.com.mx/tecnico/dataos.php" "Mozilla/5.0 (Linux; Android 4.1.2; GT-S6810L Build/JZO54K) AppleWebKit/537.36 (KHTML, like Gecko) Chrome/69.0.3497.100 Mobile Safari/537.36" "-"
189.251.126.66 - - [20/Sep/2018:08:29:43 -0500] "POST /tecnico/upload.php HTTP/1.1" 200 318 www.mosproyectos.com.mx "https://www.mosproyectos.com.mx/tecnico/dataos.php" "Mozilla/5.0 (Linux; Android 4.1.2; GT-S6810L Build/JZO54K) AppleWebKit/537.36 (KHTML, like Gecko) Chrome/69.0.3497.100 Mobile Safari/537.36" "-"
189.251.126.66 - - [20/Sep/2018:08:29:49 -0500] "POST /tecnico/dataos.php HTTP/1.1" 200 40411 www.mosproyectos.com.mx "https://www.mosproyectos.com.mx/tecnico/upload.php" "Mozilla/5.0 (Linux; Android 4.1.2; GT-S6810L Build/JZO54K) AppleWebKit/537.36 (KHTML, like Gecko) Chrome/69.0.3497.100 Mobile Safari/537.36" "-"
189.251.126.66 - - [20/Sep/2018:08:29:58 -0500] "GET /css/slider.css HTTP/1.1" 404 1364 www.mosproyectos.com.mx "https://www.mosproyectos.com.mx/tecnico/dataos.php" "Mozilla/5.0 (Linux; Android 4.1.2; GT-S6810L Build/JZO54K) AppleWebKit/537.36 (KHTML, like Gecko) Chrome/69.0.3497.100 Mobile Safari/537.36" "-"
201.175.135.55 - - [20/Sep/2018:08:31:32 -0500] "GET /tecnico/dataosuall.php HTTP/1.1" 200 4642 www.mosproyectos.com.mx "https://www.mosproyectos.com.mx/tecnico/dataos.php" "Mozilla/5.0 (Android 5.0.2; Mobile; rv:62.0) Gecko/62.0 Firefox/62.0" "-"
201.175.135.55 - - [20/Sep/2018:08:31:33 -0500] "GET /css/bootstrap.css HTTP/1.1" 304 - www.mosproyectos.com.mx "https://www.mosproyectos.com.mx/tecnico/dataosuall.php" "Mozilla/5.0 (Android 5.0.2; Mobile; rv:62.0) Gecko/62.0 Firefox/62.0" "-"
201.175.135.55 - - [20/Sep/2018:08:31:33 -0500] "GET /js/jquery-3.2.0.min.js HTTP/1.1" 304 - www.mosproyectos.com.mx "https://www.mosproyectos.com.mx/tecnico/dataosuall.php" "Mozilla/5.0 (Android 5.0.2; Mobile; rv:62.0) Gecko/62.0 Firefox/62.0" "-"
201.175.135.55 - - [20/Sep/2018:08:31:33 -0500] "GET /js/bootstrap.min.js HTTP/1.1" 304 - www.mosproyectos.com.mx "https://www.mosproyectos.com.mx/tecnico/dataosuall.php" "Mozilla/5.0 (Android 5.0.2; Mobile; rv:62.0) Gecko/62.0 Firefox/62.0" "-"
201.175.135.55 - - [20/Sep/2018:08:31:33 -0500] "GET /js/menu.js HTTP/1.1" 304 - www.mosproyectos.com.mx "https://www.mosproyectos.com.mx/tecnico/dataosuall.php" "Mozilla/5.0 (Android 5.0.2; Mobile; rv:62.0) Gecko/62.0 Firefox/62.0" "-"
201.175.135.55 - - [20/Sep/2018:08:31:33 -0500] "GET /syspic/logo.png HTTP/1.1" 304 - www.mosproyectos.com.mx "https://www.mosproyectos.com.mx/tecnico/dataosuall.php" "Mozilla/5.0 (Android 5.0.2; Mobile; rv:62.0) Gecko/62.0 Firefox/62.0" "-"
201.175.135.55 - - [20/Sep/2018:08:31:33 -0500] "GET /logout.php HTTP/1.1" 302 - www.mosproyectos.com.mx "https://www.mosproyectos.com.mx/tecnico/dataosuall.php" "Mozilla/5.0 (Android 5.0.2; Mobile; rv:62.0) Gecko/62.0 Firefox/62.0" "-"
201.175.135.55 - - [20/Sep/2018:08:31:33 -0500] "GET /js/menu.js HTTP/1.1" 304 - www.mosproyectos.com.mx "https://www.mosproyectos.com.mx/tecnico/dataosuall.php" "Mozilla/5.0 (Android 5.0.2; Mobile; rv:62.0) Gecko/62.0 Firefox/62.0" "-"
201.175.135.55 - - [20/Sep/2018:08:31:34 -0500] "GET /login.html HTTP/1.1" 304 - www.mosproyectos.com.mx "https://www.mosproyectos.com.mx/tecnico/dataosuall.php" "Mozilla/5.0 (Android 5.0.2; Mobile; rv:62.0) Gecko/62.0 Firefox/62.0" "-"
201.175.135.55 - - [20/Sep/2018:08:31:34 -0500] "GET /fonts/glyphicons-halflings-regular.woff2 HTTP/1.1" 304 - www.mosproyectos.com.mx "https://www.mosproyectos.com.mx/css/bootstrap.css" "Mozilla/5.0 (Android 5.0.2; Mobile; rv:62.0) Gecko/62.0 Firefox/62.0" "-"
201.175.135.55 - - [20/Sep/2018:08:31:36 -0500] "POST /login.php HTTP/1.1" 302 155 www.mosproyectos.com.mx "https://www.mosproyectos.com.mx/login.html" "Mozilla/5.0 (Android 5.0.2; Mobile; rv:62.0) Gecko/62.0 Firefox/62.0" "-"
201.175.135.55 - - [20/Sep/2018:08:31:37 -0500] "GET /tecnico/inde.php HTTP/1.1" 302 1429 www.mosproyectos.com.mx "https://www.mosproyectos.com.mx/login.html" "Mozilla/5.0 (Android 5.0.2; Mobile; rv:62.0) Gecko/62.0 Firefox/62.0" "-"
201.175.135.55 - - [20/Sep/2018:08:31:37 -0500] "GET /tecnico/indeInicio.php HTTP/1.1" 200 8744 www.mosproyectos.com.mx "https://www.mosproyectos.com.mx/login.html" "Mozilla/5.0 (Android 5.0.2; Mobile; rv:62.0) Gecko/62.0 Firefox/62.0" "-"
201.175.135.55 - - [20/Sep/2018:08:31:38 -0500] "GET /css/slider.css HTTP/1.1" 404 1364 www.mosproyectos.com.mx "https://www.mosproyectos.com.mx/tecnico/indeInicio.php" "Mozilla/5.0 (Android 5.0.2; Mobile; rv:62.0) Gecko/62.0 Firefox/62.0" "-"
201.175.135.55 - - [20/Sep/2018:08:31:38 -0500] "GET /js/browser.js HTTP/1.1" 304 - www.mosproyectos.com.mx "https://www.mosproyectos.com.mx/tecnico/indeInicio.php" "Mozilla/5.0 (Android 5.0.2; Mobile; rv:62.0) Gecko/62.0 Firefox/62.0" "-"
201.175.135.55 - - [20/Sep/2018:08:31:39 -0500] "GET /syspic/close.ico HTTP/1.1" 304 - www.mosproyectos.com.mx "https://www.mosproyectos.com.mx/tecnico/indeInicio.php" "Mozilla/5.0 (Android 5.0.2; Mobile; rv:62.0) Gecko/62.0 Firefox/62.0" "-"
201.175.135.55 - - [20/Sep/2018:08:31:45 -0500] "GET /tecnico/dataosuall.php HTTP/1.1" 200 10956 www.mosproyectos.com.mx "https://www.mosproyectos.com.mx/tecnico/indeInicio.php" "Mozilla/5.0 (Android 5.0.2; Mobile; rv:62.0) Gecko/62.0 Firefox/62.0" "-"
201.175.135.55 - - [20/Sep/2018:08:32:04 -0500] "POST /tecnico/dataos.php HTTP/1.1" 200 24262 www.mosproyectos.com.mx "https://www.mosproyectos.com.mx/tecnico/dataosuall.php" "Mozilla/5.0 (Android 5.0.2; Mobile; rv:62.0) Gecko/62.0 Firefox/62.0" "-"
189.251.126.66 - - [20/Sep/2018:08:32:04 -0500] "POST /tecnico/regDetalles.php HTTP/1.1" 200 184 www.mosproyectos.com.mx "https://www.mosproyectos.com.mx/tecnico/dataos.php" "Mozilla/5.0 (Linux; Android 4.1.2; GT-S6810L Build/JZO54K) AppleWebKit/537.36 (KHTML, like Gecko) Chrome/69.0.3497.100 Mobile Safari/537.36" "-"
201.175.135.55 - - [20/Sep/2018:08:32:07 -0500] "GET /css/slider.css HTTP/1.1" 404 1364 www.mosproyectos.com.mx "https://www.mosproyectos.com.mx/tecnico/dataos.php" "Mozilla/5.0 (Android 5.0.2; Mobile; rv:62.0) Gecko/62.0 Firefox/62.0" "-"
201.175.135.55 - - [20/Sep/2018:08:32:07 -0500] "GET /js/jquery.min.js HTTP/1.1" 304 - www.mosproyectos.com.mx "https://www.mosproyectos.com.mx/tecnico/dataos.php" "Mozilla/5.0 (Android 5.0.2; Mobile; rv:62.0) Gecko/62.0 Firefox/62.0" "-"
189.251.126.66 - - [20/Sep/2018:08:32:07 -0500] "GET /tecnico/dataosuall.php HTTP/1.1" 200 18720 www.mosproyectos.com.mx "https://www.mosproyectos.com.mx/tecnico/regDetalles.php" "Mozilla/5.0 (Linux; Android 4.1.2; GT-S6810L Build/JZO54K) AppleWebKit/537.36 (KHTML, like Gecko) Chrome/69.0.3497.100 Mobile Safari/537.36" "-"
201.175.135.55 - - [20/Sep/2018:08:32:52 -0500] "GET /tecnico/pendientes_pago.php HTTP/1.1" 200 6556 www.mosproyectos.com.mx "https://www.mosproyectos.com.mx/tecnico/dataosuall.php" "Mozilla/5.0 (Android 5.0.2; Mobile; rv:62.0) Gecko/62.0 Firefox/62.0" "-"
201.175.135.55 - - [20/Sep/2018:08:32:54 -0500] "GET /css/slider.css HTTP/1.1" 404 1364 www.mosproyectos.com.mx "https://www.mosproyectos.com.mx/tecnico/pendientes_pago.php" "Mozilla/5.0 (Android 5.0.2; Mobile; rv:62.0) Gecko/62.0 Firefox/62.0" "-"
201.175.135.55 - - [20/Sep/2018:08:33:02 -0500] "GET /tecnico/pendientes_pago.php?month=9&year=2018 HTTP/1.1" 200 6560 www.mosproyectos.com.mx "https://www.mosproyectos.com.mx/tecnico/pendientes_pago.php" "Mozilla/5.0 (Android 5.0.2; Mobile; rv:62.0) Gecko/62.0 Firefox/62.0" "-"
201.175.135.55 - - [20/Sep/2018:08:33:03 -0500] "GET /css/slider.css HTTP/1.1" 404 1364 www.mosproyectos.com.mx "https://www.mosproyectos.com.mx/tecnico/pendientes_pago.php?month=9&year=2018" "Mozilla/5.0 (Android 5.0.2; Mobile; rv:62.0) Gecko/62.0 Firefox/62.0" "-"
189.251.126.66 - - [20/Sep/2018:08:33:29 -0500] "POST /tecnico/dataos.php HTTP/1.1" 200 27936 www.mosproyectos.com.mx "https://www.mosproyectos.com.mx/tecnico/dataosuall.php" "Mozilla/5.0 (Linux; Android 4.1.2; GT-S6810L Build/JZO54K) AppleWebKit/537.36 (KHTML, like Gecko) Chrome/69.0.3497.100 Mobile Safari/537.36" "-"
189.251.126.66 - - [20/Sep/2018:08:33:31 -0500] "GET /css/slider.css HTTP/1.1" 404 1364 www.mosproyectos.com.mx "https://www.mosproyectos.com.mx/tecnico/dataos.php" "Mozilla/5.0 (Linux; Android 4.1.2; GT-S6810L Build/JZO54K) AppleWebKit/537.36 (KHTML, like Gecko) Chrome/69.0.3497.100 Mobile Safari/537.36" "-"
189.251.126.66 - - [20/Sep/2018:08:36:48 -0500] "POST /tecnico/upload.php HTTP/1.1" 200 318 www.mosproyectos.com.mx "https://www.mosproyectos.com.mx/tecnico/dataos.php" "Mozilla/5.0 (Linux; Android 4.1.2; GT-S6810L Build/JZO54K) AppleWebKit/537.36 (KHTML, like Gecko) Chrome/69.0.3497.100 Mobile Safari/537.36" "-"
189.251.126.66 - - [20/Sep/2018:08:37:23 -0500] "POST /tecnico/dataos.php HTTP/1.1" 200 28250 www.mosproyectos.com.mx "https://www.mosproyectos.com.mx/tecnico/upload.php" "Mozilla/5.0 (Linux; Android 4.1.2; GT-S6810L Build/JZO54K) AppleWebKit/537.36 (KHTML, like Gecko) Chrome/69.0.3497.100 Mobile Safari/537.36" "-"
189.251.126.66 - - [20/Sep/2018:08:37:24 -0500] "GET /css/slider.css HTTP/1.1" 404 1364 www.mosproyectos.com.mx "https://www.mosproyectos.com.mx/tecnico/dataos.php" "Mozilla/5.0 (Linux; Android 4.1.2; GT-S6810L Build/JZO54K) AppleWebKit/537.36 (KHTML, like Gecko) Chrome/69.0.3497.100 Mobile Safari/537.36" "-"
189.251.126.66 - - [20/Sep/2018:08:37:54 -0500] "POST /tecnico/upload.php HTTP/1.1" 200 318 www.mosproyectos.com.mx "https://www.mosproyectos.com.mx/tecnico/dataos.php" "Mozilla/5.0 (Linux; Android 4.1.2; GT-S6810L Build/JZO54K) AppleWebKit/537.36 (KHTML, like Gecko) Chrome/69.0.3497.100 Mobile Safari/537.36" "-"
189.251.126.66 - - [20/Sep/2018:08:38:00 -0500] "POST /tecnico/dataos.php HTTP/1.1" 200 28564 www.mosproyectos.com.mx "https://www.mosproyectos.com.mx/tecnico/upload.php" "Mozilla/5.0 (Linux; Android 4.1.2; GT-S6810L Build/JZO54K) AppleWebKit/537.36 (KHTML, like Gecko) Chrome/69.0.3497.100 Mobile Safari/537.36" "-"
189.251.126.66 - - [20/Sep/2018:08:38:00 -0500] "GET /css/slider.css HTTP/1.1" 404 1364 www.mosproyectos.com.mx "https://www.mosproyectos.com.mx/tecnico/dataos.php" "Mozilla/5.0 (Linux; Android 4.1.2; GT-S6810L Build/JZO54K) AppleWebKit/537.36 (KHTML, like Gecko) Chrome/69.0.3497.100 Mobile Safari/537.36" "-"
189.251.126.66 - - [20/Sep/2018:08:38:39 -0500] "POST /tecnico/upload.php HTTP/1.1" 200 318 www.mosproyectos.com.mx "https://www.mosproyectos.com.mx/tecnico/dataos.php" "Mozilla/5.0 (Linux; Android 4.1.2; GT-S6810L Build/JZO54K) AppleWebKit/537.36 (KHTML, like Gecko) Chrome/69.0.3497.100 Mobile Safari/537.36" "-"
189.251.126.66 - - [20/Sep/2018:08:38:46 -0500] "POST /tecnico/dataos.php HTTP/1.1" 200 28878 www.mosproyectos.com.mx "https://www.mosproyectos.com.mx/tecnico/upload.php" "Mozilla/5.0 (Linux; Android 4.1.2; GT-S6810L Build/JZO54K) AppleWebKit/537.36 (KHTML, like Gecko) Chrome/69.0.3497.100 Mobile Safari/537.36" "-"
189.251.126.66 - - [20/Sep/2018:08:38:46 -0500] "GET /css/slider.css HTTP/1.1" 404 1364 www.mosproyectos.com.mx "https://www.mosproyectos.com.mx/tecnico/dataos.php" "Mozilla/5.0 (Linux; Android 4.1.2; GT-S6810L Build/JZO54K) AppleWebKit/537.36 (KHTML, like Gecko) Chrome/69.0.3497.100 Mobile Safari/537.36" "-"
189.251.126.66 - - [20/Sep/2018:08:39:05 -0500] "POST /tecnico/upload.php HTTP/1.1" 200 318 www.mosproyectos.com.mx "https://www.mosproyectos.com.mx/tecnico/dataos.php" "Mozilla/5.0 (Linux; Android 4.1.2; GT-S6810L Build/JZO54K) AppleWebKit/537.36 (KHTML, like Gecko) Chrome/69.0.3497.100 Mobile Safari/537.36" "-"
189.251.126.66 - - [20/Sep/2018:08:39:12 -0500] "POST /tecnico/dataos.php HTTP/1.1" 200 40411 www.mosproyectos.com.mx "https://www.mosproyectos.com.mx/tecnico/upload.php" "Mozilla/5.0 (Linux; Android 4.1.2; GT-S6810L Build/JZO54K) AppleWebKit/537.36 (KHTML, like Gecko) Chrome/69.0.3497.100 Mobile Safari/537.36" "-"
189.251.126.66 - - [20/Sep/2018:08:39:13 -0500] "GET /css/slider.css HTTP/1.1" 404 1364 www.mosproyectos.com.mx "https://www.mosproyectos.com.mx/tecnico/dataos.php" "Mozilla/5.0 (Linux; Android 4.1.2; GT-S6810L Build/JZO54K) AppleWebKit/537.36 (KHTML, like Gecko) Chrome/69.0.3497.100 Mobile Safari/537.36" "-"
189.251.126.66 - - [20/Sep/2018:08:41:30 -0500] "POST /tecnico/regDetalles.php HTTP/1.1" 200 184 www.mosproyectos.com.mx "https://www.mosproyectos.com.mx/tecnico/dataos.php" "Mozilla/5.0 (Linux; Android 4.1.2; GT-S6810L Build/JZO54K) AppleWebKit/537.36 (KHTML, like Gecko) Chrome/69.0.3497.100 Mobile Safari/537.36" "-"
189.251.126.66 - - [20/Sep/2018:08:41:32 -0500] "GET /tecnico/dataosuall.php HTTP/1.1" 200 18008 www.mosproyectos.com.mx "https://www.mosproyectos.com.mx/tecnico/regDetalles.php" "Mozilla/5.0 (Linux; Android 4.1.2; GT-S6810L Build/JZO54K) AppleWebKit/537.36 (KHTML, like Gecko) Chrome/69.0.3497.100 Mobile Safari/537.36" "-"
189.251.126.66 - - [20/Sep/2018:08:41:35 -0500] "GET /logout.php HTTP/1.1" 302 - www.mosproyectos.com.mx "https://www.mosproyectos.com.mx/tecnico/dataosuall.php" "Mozilla/5.0 (Linux; Android 4.1.2; GT-S6810L Build/JZO54K) AppleWebKit/537.36 (KHTML, like Gecko) Chrome/69.0.3497.100 Mobile Safari/537.36" "-"
187.190.163.73 - - [20/Sep/2018:08:44:21 -0500] "GET / HTTP/1.1" 200 31269 www.mosproyectos.com.mx "-" "Mozilla/5.0 (Windows NT 6.2; WOW64) AppleWebKit/537.36 (KHTML, like Gecko) Chrome/68.0.3440.106 Safari/537.36 OPR/55.0.2994.61" "-"
187.190.163.73 - - [20/Sep/2018:08:44:21 -0500] "GET /MOS%20Proyectos_files/all.css HTTP/1.1" 200 578214 www.mosproyectos.com.mx "https://www.mosproyectos.com.mx/" "Mozilla/5.0 (Windows NT 6.2; WOW64) AppleWebKit/537.36 (KHTML, like Gecko) Chrome/68.0.3440.106 Safari/537.36 OPR/55.0.2994.61" "-"
187.190.163.73 - - [20/Sep/2018:08:44:22 -0500] "GET /MOS%20Proyectos_files/main.css HTTP/1.1" 200 4163 www.mosproyectos.com.mx "https://www.mosproyectos.com.mx/" "Mozilla/5.0 (Windows NT 6.2; WOW64) AppleWebKit/537.36 (KHTML, like Gecko) Chrome/68.0.3440.106 Safari/537.36 OPR/55.0.2994.61" "-"
187.190.163.73 - - [20/Sep/2018:08:44:22 -0500] "GET /MOS%20Proyectos_files/bar.css HTTP/1.1" 200 1867 www.mosproyectos.com.mx "https://www.mosproyectos.com.mx/" "Mozilla/5.0 (Windows NT 6.2; WOW64) AppleWebKit/537.36 (KHTML, like Gecko) Chrome/68.0.3440.106 Safari/537.36 OPR/55.0.2994.61" "-"
187.190.163.73 - - [20/Sep/2018:08:44:22 -0500] "GET /MOS%20Proyectos_files/uno.css HTTP/1.1" 200 3592 www.mosproyectos.com.mx "https://www.mosproyectos.com.mx/" "Mozilla/5.0 (Windows NT 6.2; WOW64) AppleWebKit/537.36 (KHTML, like Gecko) Chrome/68.0.3440.106 Safari/537.36 OPR/55.0.2994.61" "-"
187.190.163.73 - - [20/Sep/2018:08:44:22 -0500] "GET /MOS%20Proyectos_files/dos.css HTTP/1.1" 200 2236 www.mosproyectos.com.mx "https://www.mosproyectos.com.mx/" "Mozilla/5.0 (Windows NT 6.2; WOW64) AppleWebKit/537.36 (KHTML, like Gecko) Chrome/68.0.3440.106 Safari/537.36 OPR/55.0.2994.61" "-"
187.190.163.73 - - [20/Sep/2018:08:44:22 -0500] "GET /css/font-awesome.min.css HTTP/1.1" 200 31000 www.mosproyectos.com.mx "https://www.mosproyectos.com.mx/" "Mozilla/5.0 (Windows NT 6.2; WOW64) AppleWebKit/537.36 (KHTML, like Gecko) Chrome/68.0.3440.106 Safari/537.36 OPR/55.0.2994.61" "-"
187.190.163.73 - - [20/Sep/2018:08:44:22 -0500] "GET /MOS%20Proyectos_files/mos.jpg HTTP/1.1" 200 510233 www.mosproyectos.com.mx "https://www.mosproyectos.com.mx/" "Mozilla/5.0 (Windows NT 6.2; WOW64) AppleWebKit/537.36 (KHTML, like Gecko) Chrome/68.0.3440.106 Safari/537.36 OPR/55.0.2994.61" "-"
187.190.163.73 - - [20/Sep/2018:08:44:22 -0500] "GET /MOS%20Proyectos_files/mos3.jpg HTTP/1.1" 200 447249 www.mosproyectos.com.mx "https://www.mosproyectos.com.mx/" "Mozilla/5.0 (Windows NT 6.2; WOW64) AppleWebKit/537.36 (KHTML, like Gecko) Chrome/68.0.3440.106 Safari/537.36 OPR/55.0.2994.61" "-"
187.190.163.73 - - [20/Sep/2018:08:44:23 -0500] "GET /MOS%20Proyectos_files/microsoft.png HTTP/1.1" 200 13376 www.mosproyectos.com.mx "https://www.mosproyectos.com.mx/" "Mozilla/5.0 (Windows NT 6.2; WOW64) AppleWebKit/537.36 (KHTML, like Gecko) Chrome/68.0.3440.106 Safari/537.36 OPR/55.0.2994.61" "-"
187.190.163.73 - - [20/Sep/2018:08:44:23 -0500] "GET /MOS%20Proyectos_files/portadachoco.jpg HTTP/1.1" 200 501754 www.mosproyectos.com.mx "https://www.mosproyectos.com.mx/" "Mozilla/5.0 (Windows NT 6.2; WOW64) AppleWebKit/537.36 (KHTML, like Gecko) Chrome/68.0.3440.106 Safari/537.36 OPR/55.0.2994.61" "-"
187.190.163.73 - - [20/Sep/2018:08:44:23 -0500] "GET /MOS%20Proyectos_files/panduit.png HTTP/1.1" 200 73194 www.mosproyectos.com.mx "https://www.mosproyectos.com.mx/" "Mozilla/5.0 (Windows NT 6.2; WOW64) AppleWebKit/537.36 (KHTML, like Gecko) Chrome/68.0.3440.106 Safari/537.36 OPR/55.0.2994.61" "-"
187.190.163.73 - - [20/Sep/2018:08:44:23 -0500] "GET /MOS%20Proyectos_files/hp.jpg HTTP/1.1" 200 45277 www.mosproyectos.com.mx "https://www.mosproyectos.com.mx/" "Mozilla/5.0 (Windows NT 6.2; WOW64) AppleWebKit/537.36 (KHTML, like Gecko) Chrome/68.0.3440.106 Safari/537.36 OPR/55.0.2994.61" "-"
187.190.163.73 - - [20/Sep/2018:08:44:23 -0500] "GET /MOS%20Proyectos_files/cisco.jpg HTTP/1.1" 200 25649 www.mosproyectos.com.mx "https://www.mosproyectos.com.mx/" "Mozilla/5.0 (Windows NT 6.2; WOW64) AppleWebKit/537.36 (KHTML, like Gecko) Chrome/68.0.3440.106 Safari/537.36 OPR/55.0.2994.61" "-"
187.190.163.73 - - [20/Sep/2018:08:44:23 -0500] "GET /MOS%20Proyectos_files/hellermanntyton.jpg HTTP/1.1" 200 36819 www.mosproyectos.com.mx "https://www.mosproyectos.com.mx/" "Mozilla/5.0 (Windows NT 6.2; WOW64) AppleWebKit/537.36 (KHTML, like Gecko) Chrome/68.0.3440.106 Safari/537.36 OPR/55.0.2994.61" "-"
187.190.163.73 - - [20/Sep/2018:08:44:24 -0500] "GET /MOS%20Proyectos_files/telmex.jpg HTTP/1.1" 200 17324 www.mosproyectos.com.mx "https://www.mosproyectos.com.mx/" "Mozilla/5.0 (Windows NT 6.2; WOW64) AppleWebKit/537.36 (KHTML, like Gecko) Chrome/68.0.3440.106 Safari/537.36 OPR/55.0.2994.61" "-"
187.190.163.73 - - [20/Sep/2018:08:44:24 -0500] "GET /MOS%20Proyectos_files/serv1.jpg HTTP/1.1" 200 90892 www.mosproyectos.com.mx "https://www.mosproyectos.com.mx/" "Mozilla/5.0 (Windows NT 6.2; WOW64) AppleWebKit/537.36 (KHTML, like Gecko) Chrome/68.0.3440.106 Safari/537.36 OPR/55.0.2994.61" "-"
187.190.163.73 - - [20/Sep/2018:08:44:24 -0500] "GET /MOS%20Proyectos_files/serv2.jpg HTTP/1.1" 200 80414 www.mosproyectos.com.mx "https://www.mosproyectos.com.mx/" "Mozilla/5.0 (Windows NT 6.2; WOW64) AppleWebKit/537.36 (KHTML, like Gecko) Chrome/68.0.3440.106 Safari/537.36 OPR/55.0.2994.61" "-"
