189.128.35.241 - - [20/Sep/2018:09:53:02 -0500] "GET /sureste/supervisor/inde.php HTTP/1.1" 200 24012 www.mosproyectos.com.mx "https://www.mosproyectos.com.mx/sureste/index.html" "Mozilla/5.0 (Windows NT 10.0; Win64; x64) AppleWebKit/537.36 (KHTML, like Gecko) Chrome/69.0.3497.100 Safari/537.36" "-"
189.128.35.241 - - [20/Sep/2018:09:53:06 -0500] "GET /sureste/supervisor/search.php HTTP/1.1" 200 6342 www.mosproyectos.com.mx "https://www.mosproyectos.com.mx/sureste/supervisor/inde.php" "Mozilla/5.0 (Windows NT 10.0; Win64; x64) AppleWebKit/537.36 (KHTML, like Gecko) Chrome/69.0.3497.100 Safari/537.36" "-"
189.128.35.241 - - [20/Sep/2018:09:53:16 -0500] "GET /sureste/supervisor/search.php?dato=36166382 HTTP/1.1" 200 6343 www.mosproyectos.com.mx "https://www.mosproyectos.com.mx/sureste/supervisor/search.php" "Mozilla/5.0 (Windows NT 10.0; Win64; x64) AppleWebKit/537.36 (KHTML, like Gecko) Chrome/69.0.3497.100 Safari/537.36" "-"
189.128.35.241 - - [20/Sep/2018:09:53:19 -0500] "GET /sureste/supervisor/search.php?dato=036166382 HTTP/1.1" 200 6344 www.mosproyectos.com.mx "https://www.mosproyectos.com.mx/sureste/supervisor/search.php?dato=36166382" "Mozilla/5.0 (Windows NT 10.0; Win64; x64) AppleWebKit/537.36 (KHTML, like Gecko) Chrome/69.0.3497.100 Safari/537.36" "-"
187.136.246.187 - - [20/Sep/2018:09:53:22 -0500] "GET /sureste/supervisor/reAdd.php?folioP=35992564 HTTP/1.1" 200 1665724 www.mosproyectos.com.mx "https://www.mosproyectos.com.mx/sureste/supervisor/reAdd.php" "Mozilla/5.0 (Windows NT 10.0; WOW64) AppleWebKit/537.36 (KHTML, like Gecko) Chrome/68.0.3440.106 Safari/537.36" "-"
189.128.35.241 - - [20/Sep/2018:09:53:23 -0500] "GET /sureste/supervisor/addOs.php HTTP/1.1" 200 751925 www.mosproyectos.com.mx "https://www.mosproyectos.com.mx/sureste/supervisor/search.php?dato=036166382" "Mozilla/5.0 (Windows NT 10.0; Win64; x64) AppleWebKit/537.36 (KHTML, like Gecko) Chrome/69.0.3497.100 Safari/537.36" "-"
187.136.246.187 - - [20/Sep/2018:09:53:27 -0500] "GET /sureste/supervisor/reAdd.php?folioP=35992564 HTTP/1.1" 200 1665724 www.mosproyectos.com.mx "https://www.mosproyectos.com.mx/sureste/supervisor/reAdd.php" "Mozilla/5.0 (Windows NT 10.0; WOW64) AppleWebKit/537.36 (KHTML, like Gecko) Chrome/68.0.3440.106 Safari/537.36" "-"
187.190.163.73 - - [20/Sep/2018:09:53:28 -0500] "GET /cbajantes/buscar.php HTTP/1.1" 200 6769 www.mosproyectos.com.mx "https://www.mosproyectos.com.mx/cbajantes/inde.php" "Mozilla/5.0 (Windows NT 6.1; WOW64) AppleWebKit/537.36 (KHTML, like Gecko) Chrome/58.0.2988.0 Safari/537.36" "-"
189.128.35.241 - - [20/Sep/2018:09:53:32 -0500] "GET /sureste/supervisor/addOs.php?folioP=36144291 HTTP/1.1" 200 751925 www.mosproyectos.com.mx "https://www.mosproyectos.com.mx/sureste/supervisor/addOs.php" "Mozilla/5.0 (Windows NT 10.0; Win64; x64) AppleWebKit/537.36 (KHTML, like Gecko) Chrome/69.0.3497.100 Safari/537.36" "-"
189.128.35.241 - - [20/Sep/2018:09:53:37 -0500] "GET /sureste/supervisor/addOs.php?folioP=36144291 HTTP/1.1" 200 751925 www.mosproyectos.com.mx "https://www.mosproyectos.com.mx/sureste/supervisor/addOs.php?folioP=36144291" "Mozilla/5.0 (Windows NT 10.0; Win64; x64) AppleWebKit/537.36 (KHTML, like Gecko) Chrome/69.0.3497.100 Safari/537.36" "-"
187.136.246.187 - - [20/Sep/2018:09:53:40 -0500] "POST /sureste/supervisor/reAddF.php HTTP/1.1" 200 10431 www.mosproyectos.com.mx "https://www.mosproyectos.com.mx/sureste/supervisor/reAdd.php?folioP=35992564" "Mozilla/5.0 (Windows NT 10.0; WOW64) AppleWebKit/537.36 (KHTML, like Gecko) Chrome/68.0.3440.106 Safari/537.36" "-"
189.128.35.241 - - [20/Sep/2018:09:53:46 -0500] "GET /sureste/supervisor/addOs.php?folioP=36166042 HTTP/1.1" 200 751925 www.mosproyectos.com.mx "https://www.mosproyectos.com.mx/sureste/supervisor/addOs.php?folioP=36144291" "Mozilla/5.0 (Windows NT 10.0; Win64; x64) AppleWebKit/537.36 (KHTML, like Gecko) Chrome/69.0.3497.100 Safari/537.36" "-"
187.136.246.187 - - [20/Sep/2018:09:53:47 -0500] "POST /sureste/supervisor/reAddR.php HTTP/1.1" 200 304 www.mosproyectos.com.mx "https://www.mosproyectos.com.mx/sureste/supervisor/reAddF.php" "Mozilla/5.0 (Windows NT 10.0; WOW64) AppleWebKit/537.36 (KHTML, like Gecko) Chrome/68.0.3440.106 Safari/537.36" "-"
187.136.246.187 - - [20/Sep/2018:09:53:48 -0500] "GET /sureste/supervisor/reAdd.php HTTP/1.1" 200 1664736 www.mosproyectos.com.mx "https://www.mosproyectos.com.mx/sureste/supervisor/reAddR.php" "Mozilla/5.0 (Windows NT 10.0; WOW64) AppleWebKit/537.36 (KHTML, like Gecko) Chrome/68.0.3440.106 Safari/537.36" "-"
189.128.35.241 - - [20/Sep/2018:09:53:50 -0500] "GET /sureste/supervisor/search.php HTTP/1.1" 200 6342 www.mosproyectos.com.mx "https://www.mosproyectos.com.mx/sureste/supervisor/addOs.php?folioP=36166042" "Mozilla/5.0 (Windows NT 10.0; Win64; x64) AppleWebKit/537.36 (KHTML, like Gecko) Chrome/69.0.3497.100 Safari/537.36" "-"
189.128.35.241 - - [20/Sep/2018:09:53:53 -0500] "GET /sureste/supervisor/search.php?dato=36166042 HTTP/1.1" 200 6343 www.mosproyectos.com.mx "https://www.mosproyectos.com.mx/sureste/supervisor/search.php" "Mozilla/5.0 (Windows NT 10.0; Win64; x64) AppleWebKit/537.36 (KHTML, like Gecko) Chrome/69.0.3497.100 Safari/537.36" "-"
189.128.35.241 - - [20/Sep/2018:09:53:56 -0500] "GET /sureste/supervisor/search.php?dato=036166042 HTTP/1.1" 200 6344 www.mosproyectos.com.mx "https://www.mosproyectos.com.mx/sureste/supervisor/search.php?dato=36166042" "Mozilla/5.0 (Windows NT 10.0; Win64; x64) AppleWebKit/537.36 (KHTML, like Gecko) Chrome/69.0.3497.100 Safari/537.36" "-"
189.128.35.241 - - [20/Sep/2018:09:54:04 -0500] "GET /sureste/supervisor/filtrado.php HTTP/1.1" 200 9224 www.mosproyectos.com.mx "https://www.mosproyectos.com.mx/sureste/supervisor/search.php?dato=036166042" "Mozilla/5.0 (Windows NT 10.0; Win64; x64) AppleWebKit/537.36 (KHTML, like Gecko) Chrome/69.0.3497.100 Safari/537.36" "-"
2806:10ae:b:284:7da5:7414:4da4:2a5f - - [20/Sep/2018:09:54:11 -0500] "GET /sureste/css/slider.css HTTP/1.1" 404 1364 www.mosproyectos.com.mx "https://www.mosproyectos.com.mx/sureste/" "Mozilla/5.0 (Windows NT 10.0) AppleWebKit/537.36 (KHTML, like Gecko) Chrome/69.0.3497.100 Safari/537.36" "-"
2806:10ae:b:284:7da5:7414:4da4:2a5f - - [20/Sep/2018:09:54:14 -0500] "POST /sureste/login.php HTTP/1.1" 302 155 www.mosproyectos.com.mx "https://www.mosproyectos.com.mx/sureste/" "Mozilla/5.0 (Windows NT 10.0) AppleWebKit/537.36 (KHTML, like Gecko) Chrome/69.0.3497.100 Safari/537.36" "-"
2806:10ae:b:284:7da5:7414:4da4:2a5f - - [20/Sep/2018:09:54:14 -0500] "GET /sureste/supervisor/inde.php HTTP/1.1" 200 15949 www.mosproyectos.com.mx "https://www.mosproyectos.com.mx/sureste/" "Mozilla/5.0 (Windows NT 10.0) AppleWebKit/537.36 (KHTML, like Gecko) Chrome/69.0.3497.100 Safari/537.36" "-"
2806:10ae:b:284:7da5:7414:4da4:2a5f - - [20/Sep/2018:09:54:23 -0500] "GET /sureste/supervisor/addOs.php HTTP/1.1" 200 198810 www.mosproyectos.com.mx "https://www.mosproyectos.com.mx/sureste/supervisor/inde.php" "Mozilla/5.0 (Windows NT 10.0) AppleWebKit/537.36 (KHTML, like Gecko) Chrome/69.0.3497.100 Safari/537.36" "-"
187.136.246.187 - - [20/Sep/2018:09:54:26 -0500] "GET /sureste/supervisor/search.php HTTP/1.1" 200 6337 www.mosproyectos.com.mx "https://www.mosproyectos.com.mx/sureste/supervisor/reAdd.php" "Mozilla/5.0 (Windows NT 10.0; WOW64) AppleWebKit/537.36 (KHTML, like Gecko) Chrome/68.0.3440.106 Safari/537.36" "-"
189.128.35.241 - - [20/Sep/2018:09:54:27 -0500] "GET /sureste/supervisor/filtrado.php?iddcarga=19&immcarga=9&iyyyycarga=2018&fddcarga=19&fmmcarga=9&fyyyycarga=2018&tipo=1 HTTP/1.1" 200 10855 www.mosproyectos.com.mx "https://www.mosproyectos.com.mx/sureste/supervisor/filtrado.php" "Mozilla/5.0 (Windows NT 10.0; Win64; x64) AppleWebKit/537.36 (KHTML, like Gecko) Chrome/69.0.3497.100 Safari/537.36" "-"
2806:10ae:b:284:7da5:7414:4da4:2a5f - - [20/Sep/2018:09:54:29 -0500] "GET /sureste/supervisor/filtrado.php HTTP/1.1" 200 9212 www.mosproyectos.com.mx "https://www.mosproyectos.com.mx/sureste/supervisor/addOs.php" "Mozilla/5.0 (Windows NT 10.0) AppleWebKit/537.36 (KHTML, like Gecko) Chrome/69.0.3497.100 Safari/537.36" "-"
187.136.246.187 - - [20/Sep/2018:09:54:29 -0500] "GET /sureste/supervisor/search.php?dato=9999438492 HTTP/1.1" 200 14963 www.mosproyectos.com.mx "https://www.mosproyectos.com.mx/sureste/supervisor/search.php" "Mozilla/5.0 (Windows NT 10.0; WOW64) AppleWebKit/537.36 (KHTML, like Gecko) Chrome/68.0.3440.106 Safari/537.36" "-"
187.136.246.187 - - [20/Sep/2018:09:54:42 -0500] "GET /sureste/supervisor/search.php?dato=9994812256 HTTP/1.1" 200 14958 www.mosproyectos.com.mx "https://www.mosproyectos.com.mx/sureste/supervisor/search.php?dato=9999438492" "Mozilla/5.0 (Windows NT 10.0; WOW64) AppleWebKit/537.36 (KHTML, like Gecko) Chrome/68.0.3440.106 Safari/537.36" "-"
2806:10ae:b:284:7da5:7414:4da4:2a5f - - [20/Sep/2018:09:54:46 -0500] "GET /sureste/supervisor/filtrado.php?iddcarga=19&immcarga=9&iyyyycarga=2018&fddcarga=20&fmmcarga=9&fyyyycarga=2018&tipo=4 HTTP/1.1" 200 19139 www.mosproyectos.com.mx "https://www.mosproyectos.com.mx/sureste/supervisor/filtrado.php" "Mozilla/5.0 (Windows NT 10.0) AppleWebKit/537.36 (KHTML, like Gecko) Chrome/69.0.3497.100 Safari/537.36" "-"
187.190.163.73 - - [20/Sep/2018:09:54:54 -0500] "GET /cbajantes/search.php?dato=55007869 HTTP/1.1" 200 27954 www.mosproyectos.com.mx "https://www.mosproyectos.com.mx/cbajantes/buscar.php" "Mozilla/5.0 (Windows NT 6.1; WOW64) AppleWebKit/537.36 (KHTML, like Gecko) Chrome/58.0.2988.0 Safari/537.36" "-"
187.190.163.73 - - [20/Sep/2018:09:54:54 -0500] "GET /os/26699_2.png HTTP/1.1" 200 517848 www.mosproyectos.com.mx "https://www.mosproyectos.com.mx/cbajantes/search.php?dato=55007869" "Mozilla/5.0 (Windows NT 6.1; WOW64) AppleWebKit/537.36 (KHTML, like Gecko) Chrome/58.0.2988.0 Safari/537.36" "-"
187.190.163.73 - - [20/Sep/2018:09:54:54 -0500] "GET /os/26699_3.png HTTP/1.1" 200 1166899 www.mosproyectos.com.mx "https://www.mosproyectos.com.mx/cbajantes/search.php?dato=55007869" "Mozilla/5.0 (Windows NT 6.1; WOW64) AppleWebKit/537.36 (KHTML, like Gecko) Chrome/58.0.2988.0 Safari/537.36" "-"
187.190.163.73 - - [20/Sep/2018:09:54:54 -0500] "GET /os/26699_1.png HTTP/1.1" 200 1703888 www.mosproyectos.com.mx "https://www.mosproyectos.com.mx/cbajantes/search.php?dato=55007869" "Mozilla/5.0 (Windows NT 6.1; WOW64) AppleWebKit/537.36 (KHTML, like Gecko) Chrome/58.0.2988.0 Safari/537.36" "-"
187.190.163.73 - - [20/Sep/2018:09:54:54 -0500] "GET /os/26699_4.png HTTP/1.1" 200 1642974 www.mosproyectos.com.mx "https://www.mosproyectos.com.mx/cbajantes/search.php?dato=55007869" "Mozilla/5.0 (Windows NT 6.1; WOW64) AppleWebKit/537.36 (KHTML, like Gecko) Chrome/58.0.2988.0 Safari/537.36" "-"
187.190.163.73 - - [20/Sep/2018:09:54:54 -0500] "GET /os/26699_5.png HTTP/1.1" 200 1555577 www.mosproyectos.com.mx "https://www.mosproyectos.com.mx/cbajantes/search.php?dato=55007869" "Mozilla/5.0 (Windows NT 6.1; WOW64) AppleWebKit/537.36 (KHTML, like Gecko) Chrome/58.0.2988.0 Safari/537.36" "-"
187.190.163.73 - - [20/Sep/2018:09:54:54 -0500] "GET /os/26699_0.jpg HTTP/1.1" 200 4226195 www.mosproyectos.com.mx "https://www.mosproyectos.com.mx/cbajantes/search.php?dato=55007869" "Mozilla/5.0 (Windows NT 6.1; WOW64) AppleWebKit/537.36 (KHTML, like Gecko) Chrome/58.0.2988.0 Safari/537.36" "-"
187.190.163.73 - - [20/Sep/2018:09:54:57 -0500] "GET /os/26699_6.png HTTP/1.1" 200 1713139 www.mosproyectos.com.mx "https://www.mosproyectos.com.mx/cbajantes/search.php?dato=55007869" "Mozilla/5.0 (Windows NT 6.1; WOW64) AppleWebKit/537.36 (KHTML, like Gecko) Chrome/58.0.2988.0 Safari/537.36" "-"
187.136.246.187 - - [20/Sep/2018:09:54:59 -0500] "GET /sureste/supervisor/search.php?dato=9999867377 HTTP/1.1" 200 14956 www.mosproyectos.com.mx "https://www.mosproyectos.com.mx/sureste/supervisor/search.php?dato=9994812256" "Mozilla/5.0 (Windows NT 10.0; WOW64) AppleWebKit/537.36 (KHTML, like Gecko) Chrome/68.0.3440.106 Safari/537.36" "-"
2806:10ae:b:284:7da5:7414:4da4:2a5f - - [20/Sep/2018:09:55:01 -0500] "POST /sureste/supervisor/downloadExcel.php HTTP/1.1" 302 100091 www.mosproyectos.com.mx "https://www.mosproyectos.com.mx/sureste/supervisor/filtrado.php?iddcarga=19&immcarga=9&iyyyycarga=2018&fddcarga=20&fmmcarga=9&fyyyycarga=2018&tipo=4" "Mozilla/5.0 (Windows NT 10.0) AppleWebKit/537.36 (KHTML, like Gecko) Chrome/69.0.3497.100 Safari/537.36" "-"
187.136.246.187 - - [20/Sep/2018:09:55:07 -0500] "GET /sureste/supervisor/search.php?dato=9994061919 HTTP/1.1" 200 27400 www.mosproyectos.com.mx "https://www.mosproyectos.com.mx/sureste/supervisor/search.php?dato=9999867377" "Mozilla/5.0 (Windows NT 10.0; WOW64) AppleWebKit/537.36 (KHTML, like Gecko) Chrome/68.0.3440.106 Safari/537.36" "-"
2806:10ae:b:284:7da5:7414:4da4:2a5f - - [20/Sep/2018:09:55:30 -0500] "GET /sureste/filtro/20%209%202018.csv HTTP/1.1" 200 2228 www.mosproyectos.com.mx "https://www.mosproyectos.com.mx/sureste/supervisor/filtrado.php?iddcarga=19&immcarga=9&iyyyycarga=2018&fddcarga=20&fmmcarga=9&fyyyycarga=2018&tipo=4" "Mozilla/5.0 (Windows NT 10.0) AppleWebKit/537.36 (KHTML, like Gecko) Chrome/69.0.3497.100 Safari/537.36" "-"
187.190.163.73 - - [20/Sep/2018:09:55:43 -0500] "GET /logout.php HTTP/1.1" 302 - www.mosproyectos.com.mx "https://www.mosproyectos.com.mx/supervisor/search.php?dato=55251912" "Mozilla/5.0 (Windows NT 10.0; Win64; x64) AppleWebKit/537.36 (KHTML, like Gecko) Chrome/68.0.3440.106 Safari/537.36" "-"
187.190.163.73 - - [20/Sep/2018:09:55:50 -0500] "POST /login.php HTTP/1.1" 302 155 www.mosproyectos.com.mx "https://www.mosproyectos.com.mx/login.html" "Mozilla/5.0 (Windows NT 10.0; Win64; x64) AppleWebKit/537.36 (KHTML, like Gecko) Chrome/68.0.3440.106 Safari/537.36" "-"
187.190.163.73 - - [20/Sep/2018:09:55:51 -0500] "GET /supervisor/inde.php HTTP/1.1" 200 14991 www.mosproyectos.com.mx "https://www.mosproyectos.com.mx/login.html" "Mozilla/5.0 (Windows NT 10.0; Win64; x64) AppleWebKit/537.36 (KHTML, like Gecko) Chrome/68.0.3440.106 Safari/537.36" "-"
187.136.246.187 - - [20/Sep/2018:09:55:53 -0500] "GET /sureste/supervisor/search.php?dato=9994812256 HTTP/1.1" 200 14958 www.mosproyectos.com.mx "https://www.mosproyectos.com.mx/sureste/supervisor/search.php?dato=9994061919" "Mozilla/5.0 (Windows NT 10.0; WOW64) AppleWebKit/537.36 (KHTML, like Gecko) Chrome/68.0.3440.106 Safari/537.36" "-"
187.136.246.187 - - [20/Sep/2018:09:56:09 -0500] "GET /sureste/supervisor/reAdd.php HTTP/1.1" 200 1664736 www.mosproyectos.com.mx "https://www.mosproyectos.com.mx/sureste/supervisor/search.php?dato=9994812256" "Mozilla/5.0 (Windows NT 10.0; WOW64) AppleWebKit/537.36 (KHTML, like Gecko) Chrome/68.0.3440.106 Safari/537.36" "-"
187.136.246.187 - - [20/Sep/2018:09:56:21 -0500] "GET /sureste/supervisor/reAdd.php?folioP=35858437 HTTP/1.1" 200 1665726 www.mosproyectos.com.mx "https://www.mosproyectos.com.mx/sureste/supervisor/reAdd.php" "Mozilla/5.0 (Windows NT 10.0; WOW64) AppleWebKit/537.36 (KHTML, like Gecko) Chrome/68.0.3440.106 Safari/537.36" "-"
187.136.246.187 - - [20/Sep/2018:09:56:24 -0500] "GET /sureste/supervisor/reAdd.php?folioP=35858437 HTTP/1.1" 200 1665726 www.mosproyectos.com.mx "https://www.mosproyectos.com.mx/sureste/supervisor/reAdd.php" "Mozilla/5.0 (Windows NT 10.0; WOW64) AppleWebKit/537.36 (KHTML, like Gecko) Chrome/68.0.3440.106 Safari/537.36" "-"
187.190.163.73 - - [20/Sep/2018:09:56:28 -0500] "GET /supervisor/addOs.php HTTP/1.1" 200 45120 www.mosproyectos.com.mx "https://www.mosproyectos.com.mx/supervisor/inde.php" "Mozilla/5.0 (Windows NT 10.0; Win64; x64) AppleWebKit/537.36 (KHTML, like Gecko) Chrome/68.0.3440.106 Safari/537.36" "-"
187.136.246.187 - - [20/Sep/2018:09:56:38 -0500] "GET /sureste/supervisor/reAdd.php?folioP=35858437 HTTP/1.1" 200 1665726 www.mosproyectos.com.mx "https://www.mosproyectos.com.mx/sureste/supervisor/reAdd.php" "Mozilla/5.0 (Windows NT 10.0; WOW64) AppleWebKit/537.36 (KHTML, like Gecko) Chrome/68.0.3440.106 Safari/537.36" "-"
187.190.163.73 - - [20/Sep/2018:09:56:41 -0500] "GET /supervisor/addOs.php?folioP=55658186 HTTP/1.1" 200 45120 www.mosproyectos.com.mx "https://www.mosproyectos.com.mx/supervisor/addOs.php" "Mozilla/5.0 (Windows NT 10.0; Win64; x64) AppleWebKit/537.36 (KHTML, like Gecko) Chrome/68.0.3440.106 Safari/537.36" "-"
187.190.163.73 - - [20/Sep/2018:09:56:49 -0500] "GET /supervisor/regOsObj.php HTTP/1.1" 200 12751 www.mosproyectos.com.mx "https://www.mosproyectos.com.mx/supervisor/addOs.php?folioP=55658186" "Mozilla/5.0 (Windows NT 10.0; Win64; x64) AppleWebKit/537.36 (KHTML, like Gecko) Chrome/68.0.3440.106 Safari/537.36" "-"
187.190.163.73 - - [20/Sep/2018:09:56:57 -0500] "GET /supervisor/search.php HTTP/1.1" 200 6325 www.mosproyectos.com.mx "https://www.mosproyectos.com.mx/supervisor/regOsObj.php" "Mozilla/5.0 (Windows NT 10.0; Win64; x64) AppleWebKit/537.36 (KHTML, like Gecko) Chrome/68.0.3440.106 Safari/537.36" "-"
187.136.246.187 - - [20/Sep/2018:09:57:02 -0500] "POST /sureste/supervisor/reAddF.php HTTP/1.1" 200 10430 www.mosproyectos.com.mx "https://www.mosproyectos.com.mx/sureste/supervisor/reAdd.php?folioP=35858437" "Mozilla/5.0 (Windows NT 10.0; WOW64) AppleWebKit/537.36 (KHTML, like Gecko) Chrome/68.0.3440.106 Safari/537.36" "-"
187.136.246.187 - - [20/Sep/2018:09:57:15 -0500] "POST /sureste/supervisor/reAddR.php HTTP/1.1" 200 303 www.mosproyectos.com.mx "https://www.mosproyectos.com.mx/sureste/supervisor/reAddF.php" "Mozilla/5.0 (Windows NT 10.0; WOW64) AppleWebKit/537.36 (KHTML, like Gecko) Chrome/68.0.3440.106 Safari/537.36" "-"
187.136.246.187 - - [20/Sep/2018:09:57:17 -0500] "GET /sureste/supervisor/reAdd.php HTTP/1.1" 200 1664736 www.mosproyectos.com.mx "https://www.mosproyectos.com.mx/sureste/supervisor/reAddR.php" "Mozilla/5.0 (Windows NT 10.0; WOW64) AppleWebKit/537.36 (KHTML, like Gecko) Chrome/68.0.3440.106 Safari/537.36" "-"
187.136.246.187 - - [20/Sep/2018:09:57:33 -0500] "GET /sureste/supervisor/reAdd.php?folioP=35888537 HTTP/1.1" 200 1665724 www.mosproyectos.com.mx "https://www.mosproyectos.com.mx/sureste/supervisor/reAdd.php" "Mozilla/5.0 (Windows NT 10.0; WOW64) AppleWebKit/537.36 (KHTML, like Gecko) Chrome/68.0.3440.106 Safari/537.36" "-"
187.136.246.187 - - [20/Sep/2018:09:57:42 -0500] "GET /sureste/supervisor/reAdd.php?folioP=35888537 HTTP/1.1" 200 1665724 www.mosproyectos.com.mx "https://www.mosproyectos.com.mx/sureste/supervisor/reAdd.php" "Mozilla/5.0 (Windows NT 10.0; WOW64) AppleWebKit/537.36 (KHTML, like Gecko) Chrome/68.0.3440.106 Safari/537.36" "-"
187.136.246.187 - - [20/Sep/2018:09:57:49 -0500] "GET /sureste/supervisor/reAdd.php?folioP=35888537 HTTP/1.1" 200 1665724 www.mosproyectos.com.mx "https://www.mosproyectos.com.mx/sureste/supervisor/reAdd.php" "Mozilla/5.0 (Windows NT 10.0; WOW64) AppleWebKit/537.36 (KHTML, like Gecko) Chrome/68.0.3440.106 Safari/537.36" "-"
187.136.246.187 - - [20/Sep/2018:09:58:15 -0500] "POST /sureste/supervisor/reAddF.php HTTP/1.1" 200 10428 www.mosproyectos.com.mx "https://www.mosproyectos.com.mx/sureste/supervisor/reAdd.php?folioP=35888537" "Mozilla/5.0 (Windows NT 10.0; WOW64) AppleWebKit/537.36 (KHTML, like Gecko) Chrome/68.0.3440.106 Safari/537.36" "-"
189.128.35.241 - - [20/Sep/2018:09:58:21 -0500] "GET /sureste/css/alertify.css HTTP/1.1" 300 826 www.mosproyectos.com.mx "https://www.mosproyectos.com.mx/sureste/index.html" "Mozilla/5.0 (Android 7.1.1; Mobile; rv:62.0) Gecko/62.0 Firefox/62.0" "-"
189.128.35.241 - - [20/Sep/2018:09:58:21 -0500] "GET /sureste/fonts/glyphicons-halflings-regular.woff2 HTTP/1.1" 200 18028 www.mosproyectos.com.mx "https://www.mosproyectos.com.mx/sureste/css/bootstrap.css" "Mozilla/5.0 (Android 7.1.1; Mobile; rv:62.0) Gecko/62.0 Firefox/62.0" "-"
189.128.35.241 - - [20/Sep/2018:09:58:24 -0500] "POST /sureste/login.php HTTP/1.1" 302 155 www.mosproyectos.com.mx "https://www.mosproyectos.com.mx/sureste/index.html" "Mozilla/5.0 (Android 7.1.1; Mobile; rv:62.0) Gecko/62.0 Firefox/62.0" "-"
189.128.35.241 - - [20/Sep/2018:09:58:24 -0500] "GET /sureste/tecnico/inde.php HTTP/1.1" 302 1429 www.mosproyectos.com.mx "https://www.mosproyectos.com.mx/sureste/index.html" "Mozilla/5.0 (Android 7.1.1; Mobile; rv:62.0) Gecko/62.0 Firefox/62.0" "-"
189.128.35.241 - - [20/Sep/2018:09:58:25 -0500] "GET /sureste/tecnico/indeInicio.php HTTP/1.1" 200 15733 www.mosproyectos.com.mx "https://www.mosproyectos.com.mx/sureste/index.html" "Mozilla/5.0 (Android 7.1.1; Mobile; rv:62.0) Gecko/62.0 Firefox/62.0" "-"
189.128.35.241 - - [20/Sep/2018:09:58:25 -0500] "GET /sureste/css/slider.css HTTP/1.1" 404 1364 www.mosproyectos.com.mx "https://www.mosproyectos.com.mx/sureste/tecnico/indeInicio.php" "Mozilla/5.0 (Android 7.1.1; Mobile; rv:62.0) Gecko/62.0 Firefox/62.0" "-"
189.128.35.241 - - [20/Sep/2018:09:58:25 -0500] "GET /sureste/syspic/close.ico HTTP/1.1" 200 192323 www.mosproyectos.com.mx "https://www.mosproyectos.com.mx/sureste/tecnico/indeInicio.php" "Mozilla/5.0 (Android 7.1.1; Mobile; rv:62.0) Gecko/62.0 Firefox/62.0" "-"
187.136.246.187 - - [20/Sep/2018:09:58:26 -0500] "POST /sureste/supervisor/reAddR.php HTTP/1.1" 200 303 www.mosproyectos.com.mx "https://www.mosproyectos.com.mx/sureste/supervisor/reAddF.php" "Mozilla/5.0 (Windows NT 10.0; WOW64) AppleWebKit/537.36 (KHTML, like Gecko) Chrome/68.0.3440.106 Safari/537.36" "-"
189.128.35.241 - - [20/Sep/2018:09:58:27 -0500] "GET /sureste/tecnico/dataosuall.php HTTP/1.1" 200 5899 www.mosproyectos.com.mx "https://www.mosproyectos.com.mx/sureste/tecnico/indeInicio.php" "Mozilla/5.0 (Android 7.1.1; Mobile; rv:62.0) Gecko/62.0 Firefox/62.0" "-"
187.136.246.187 - - [20/Sep/2018:09:58:28 -0500] "GET /sureste/supervisor/reAdd.php HTTP/1.1" 200 1664736 www.mosproyectos.com.mx "https://www.mosproyectos.com.mx/sureste/supervisor/reAddR.php" "Mozilla/5.0 (Windows NT 10.0; WOW64) AppleWebKit/537.36 (KHTML, like Gecko) Chrome/68.0.3440.106 Safari/537.36" "-"
187.136.246.187 - - [20/Sep/2018:09:59:04 -0500] "GET /sureste/logout.php HTTP/1.1" 302 - www.mosproyectos.com.mx "https://www.mosproyectos.com.mx/sureste/supervisor/reAdd.php" "Mozilla/5.0 (Windows NT 10.0; WOW64) AppleWebKit/537.36 (KHTML, like Gecko) Chrome/68.0.3440.106 Safari/537.36" "-"
187.136.246.187 - - [20/Sep/2018:09:59:05 -0500] "GET /sureste/css/slider.css HTTP/1.1" 404 1364 www.mosproyectos.com.mx "https://www.mosproyectos.com.mx/sureste/index.html" "Mozilla/5.0 (Windows NT 10.0; WOW64) AppleWebKit/537.36 (KHTML, like Gecko) Chrome/68.0.3440.106 Safari/537.36" "-"
187.136.246.187 - - [20/Sep/2018:09:59:13 -0500] "POST /sureste/login.php HTTP/1.1" 302 155 www.mosproyectos.com.mx "https://www.mosproyectos.com.mx/sureste/index.html" "Mozilla/5.0 (Windows NT 10.0; WOW64) AppleWebKit/537.36 (KHTML, like Gecko) Chrome/68.0.3440.106 Safari/537.36" "-"
187.136.246.187 - - [20/Sep/2018:09:59:13 -0500] "GET /sureste/tecnico/inde.php HTTP/1.1" 302 1429 www.mosproyectos.com.mx "https://www.mosproyectos.com.mx/sureste/index.html" "Mozilla/5.0 (Windows NT 10.0; WOW64) AppleWebKit/537.36 (KHTML, like Gecko) Chrome/68.0.3440.106 Safari/537.36" "-"
187.136.246.187 - - [20/Sep/2018:09:59:14 -0500] "GET /sureste/tecnico/indeInicio.php HTTP/1.1" 200 10015 www.mosproyectos.com.mx "https://www.mosproyectos.com.mx/sureste/index.html" "Mozilla/5.0 (Windows NT 10.0; WOW64) AppleWebKit/537.36 (KHTML, like Gecko) Chrome/68.0.3440.106 Safari/537.36" "-"
187.136.246.187 - - [20/Sep/2018:09:59:14 -0500] "GET /sureste/css/slider.css HTTP/1.1" 404 1364 www.mosproyectos.com.mx "https://www.mosproyectos.com.mx/sureste/tecnico/indeInicio.php" "Mozilla/5.0 (Windows NT 10.0; WOW64) AppleWebKit/537.36 (KHTML, like Gecko) Chrome/68.0.3440.106 Safari/537.36" "-"
187.190.163.73 - - [20/Sep/2018:09:59:15 -0500] "GET / HTTP/1.1" 200 31269 www.mosproyectos.com.mx "https://www.google.com.mx/" "Mozilla/5.0 (Windows NT 6.1) AppleWebKit/537.36 (KHTML, like Gecko) Chrome/69.0.3497.100 Safari/537.36" "-"
187.190.163.73 - - [20/Sep/2018:09:59:16 -0500] "GET /MOS%20Proyectos_files/all.css HTTP/1.1" 200 578214 www.mosproyectos.com.mx "https://www.mosproyectos.com.mx/" "Mozilla/5.0 (Windows NT 6.1) AppleWebKit/537.36 (KHTML, like Gecko) Chrome/69.0.3497.100 Safari/537.36" "-"
187.136.246.187 - - [20/Sep/2018:09:59:16 -0500] "GET /sureste/tecnico/dataosuall.php HTTP/1.1" 200 56190 www.mosproyectos.com.mx "https://www.mosproyectos.com.mx/sureste/tecnico/indeInicio.php" "Mozilla/5.0 (Windows NT 10.0; WOW64) AppleWebKit/537.36 (KHTML, like Gecko) Chrome/68.0.3440.106 Safari/537.36" "-"
187.190.163.73 - - [20/Sep/2018:09:59:21 -0500] "GET /syspic/logo.png HTTP/1.1" 200 11238 www.mosproyectos.com.mx "https://www.google.com.mx/" "Mozilla/5.0 (Windows NT 6.1) AppleWebKit/537.36 (KHTML, like Gecko) Chrome/69.0.3497.100 Safari/537.36" "-"
187.136.246.187 - - [20/Sep/2018:09:59:25 -0500] "POST /sureste/tecnico/dataos.php HTTP/1.1" 200 24392 www.mosproyectos.com.mx "https://www.mosproyectos.com.mx/sureste/tecnico/dataosuall.php" "Mozilla/5.0 (Windows NT 10.0; WOW64) AppleWebKit/537.36 (KHTML, like Gecko) Chrome/68.0.3440.106 Safari/537.36" "-"
187.136.246.187 - - [20/Sep/2018:09:59:25 -0500] "GET /sureste/css/slider.css HTTP/1.1" 404 1364 www.mosproyectos.com.mx "https://www.mosproyectos.com.mx/sureste/tecnico/dataos.php" "Mozilla/5.0 (Windows NT 10.0; WOW64) AppleWebKit/537.36 (KHTML, like Gecko) Chrome/68.0.3440.106 Safari/537.36" "-"
2806:106e:5:411e:2517:cf0f:86ad:c98c - - [20/Sep/2018:09:59:31 -0500] "GET /tecnico/dataosuall.php HTTP/1.1" 200 4642 www.mosproyectos.com.mx "https://www.mosproyectos.com.mx/tecnico/dataosuall.php" "Mozilla/5.0 (Linux; Android 7.0; iris80 Build/NRD90M) AppleWebKit/537.36 (KHTML, like Gecko) Chrome/56.0.2924.87 Mobile Safari/537.36" "-"
2806:106e:5:411e:2517:cf0f:86ad:c98c - - [20/Sep/2018:09:59:32 -0500] "GET /logout.php HTTP/1.1" 302 - www.mosproyectos.com.mx "https://www.mosproyectos.com.mx/tecnico/dataosuall.php" "Mozilla/5.0 (Linux; Android 7.0; iris80 Build/NRD90M) AppleWebKit/537.36 (KHTML, like Gecko) Chrome/56.0.2924.87 Mobile Safari/537.36" "-"
2806:106e:5:411e:2517:cf0f:86ad:c98c - - [20/Sep/2018:09:59:34 -0500] "POST /login.php HTTP/1.1" 302 155 www.mosproyectos.com.mx "https://www.mosproyectos.com.mx/login.html" "Mozilla/5.0 (Linux; Android 7.0; iris80 Build/NRD90M) AppleWebKit/537.36 (KHTML, like Gecko) Chrome/56.0.2924.87 Mobile Safari/537.36" "-"
2806:106e:5:411e:2517:cf0f:86ad:c98c - - [20/Sep/2018:09:59:34 -0500] "GET /tecnico/inde.php HTTP/1.1" 302 1429 www.mosproyectos.com.mx "https://www.mosproyectos.com.mx/login.html" "Mozilla/5.0 (Linux; Android 7.0; iris80 Build/NRD90M) AppleWebKit/537.36 (KHTML, like Gecko) Chrome/56.0.2924.87 Mobile Safari/537.36" "-"
2806:106e:5:411e:2517:cf0f:86ad:c98c - - [20/Sep/2018:09:59:34 -0500] "GET /tecnico/indeInicio.php HTTP/1.1" 200 12529 www.mosproyectos.com.mx "https://www.mosproyectos.com.mx/login.html" "Mozilla/5.0 (Linux; Android 7.0; iris80 Build/NRD90M) AppleWebKit/537.36 (KHTML, like Gecko) Chrome/56.0.2924.87 Mobile Safari/537.36" "-"
2806:106e:5:411e:2517:cf0f:86ad:c98c - - [20/Sep/2018:09:59:36 -0500] "GET /css/slider.css HTTP/1.1" 404 1364 www.mosproyectos.com.mx "https://www.mosproyectos.com.mx/tecnico/indeInicio.php" "Mozilla/5.0 (Linux; Android 7.0; iris80 Build/NRD90M) AppleWebKit/537.36 (KHTML, like Gecko) Chrome/56.0.2924.87 Mobile Safari/537.36" "-"
187.190.163.73 - - [20/Sep/2018:09:59:38 -0500] "GET /cbajantes/search.php?dato=54970114 HTTP/1.1" 200 27951 www.mosproyectos.com.mx "https://www.mosproyectos.com.mx/cbajantes/search.php?dato=55007869" "Mozilla/5.0 (Windows NT 6.1; WOW64) AppleWebKit/537.36 (KHTML, like Gecko) Chrome/58.0.2988.0 Safari/537.36" "-"
2806:106e:5:411e:2517:cf0f:86ad:c98c - - [20/Sep/2018:09:59:38 -0500] "GET /tecnico/dataosuall.php HTTP/1.1" 200 6626 www.mosproyectos.com.mx "https://www.mosproyectos.com.mx/tecnico/indeInicio.php" "Mozilla/5.0 (Linux; Android 7.0; iris80 Build/NRD90M) AppleWebKit/537.36 (KHTML, like Gecko) Chrome/56.0.2924.87 Mobile Safari/537.36" "-"
187.190.163.73 - - [20/Sep/2018:09:59:38 -0500] "GET /os/26698_1.png HTTP/1.1" 200 1703888 www.mosproyectos.com.mx "https://www.mosproyectos.com.mx/cbajantes/search.php?dato=54970114" "Mozilla/5.0 (Windows NT 6.1; WOW64) AppleWebKit/537.36 (KHTML, like Gecko) Chrome/58.0.2988.0 Safari/537.36" "-"
187.190.163.73 - - [20/Sep/2018:09:59:38 -0500] "GET /os/26698_2.png HTTP/1.1" 200 517848 www.mosproyectos.com.mx "https://www.mosproyectos.com.mx/cbajantes/search.php?dato=54970114" "Mozilla/5.0 (Windows NT 6.1; WOW64) AppleWebKit/537.36 (KHTML, like Gecko) Chrome/58.0.2988.0 Safari/537.36" "-"
187.190.163.73 - - [20/Sep/2018:09:59:38 -0500] "GET /os/26698_3.png HTTP/1.1" 200 1572495 www.mosproyectos.com.mx "https://www.mosproyectos.com.mx/cbajantes/search.php?dato=54970114" "Mozilla/5.0 (Windows NT 6.1; WOW64) AppleWebKit/537.36 (KHTML, like Gecko) Chrome/58.0.2988.0 Safari/537.36" "-"
187.190.163.73 - - [20/Sep/2018:09:59:38 -0500] "GET /os/26698_5.png HTTP/1.1" 200 1555577 www.mosproyectos.com.mx "https://www.mosproyectos.com.mx/cbajantes/search.php?dato=54970114" "Mozilla/5.0 (Windows NT 6.1; WOW64) AppleWebKit/537.36 (KHTML, like Gecko) Chrome/58.0.2988.0 Safari/537.36" "-"
187.190.163.73 - - [20/Sep/2018:09:59:38 -0500] "GET /os/26698_4.png HTTP/1.1" 200 1642974 www.mosproyectos.com.mx "https://www.mosproyectos.com.mx/cbajantes/search.php?dato=54970114" "Mozilla/5.0 (Windows NT 6.1; WOW64) AppleWebKit/537.36 (KHTML, like Gecko) Chrome/58.0.2988.0 Safari/537.36" "-"
187.190.163.73 - - [20/Sep/2018:09:59:38 -0500] "GET /os/26698_0.jpg HTTP/1.1" 200 4589939 www.mosproyectos.com.mx "https://www.mosproyectos.com.mx/cbajantes/search.php?dato=54970114" "Mozilla/5.0 (Windows NT 6.1; WOW64) AppleWebKit/537.36 (KHTML, like Gecko) Chrome/58.0.2988.0 Safari/537.36" "-"
187.190.163.73 - - [20/Sep/2018:09:59:42 -0500] "GET /os/26698_6.png HTTP/1.1" 200 1942206 www.mosproyectos.com.mx "https://www.mosproyectos.com.mx/cbajantes/search.php?dato=54970114" "Mozilla/5.0 (Windows NT 6.1; WOW64) AppleWebKit/537.36 (KHTML, like Gecko) Chrome/58.0.2988.0 Safari/537.36" "-"
2806:106e:5:411e:2517:cf0f:86ad:c98c - - [20/Sep/2018:09:59:44 -0500] "POST /tecnico/dataos.php HTTP/1.1" 200 24282 www.mosproyectos.com.mx "https://www.mosproyectos.com.mx/tecnico/dataosuall.php" "Mozilla/5.0 (Linux; Android 7.0; iris80 Build/NRD90M) AppleWebKit/537.36 (KHTML, like Gecko) Chrome/56.0.2924.87 Mobile Safari/537.36" "-"
2806:106e:5:411e:2517:cf0f:86ad:c98c - - [20/Sep/2018:09:59:44 -0500] "GET /css/slider.css HTTP/1.1" 404 1364 www.mosproyectos.com.mx "https://www.mosproyectos.com.mx/tecnico/dataos.php" "Mozilla/5.0 (Linux; Android 7.0; iris80 Build/NRD90M) AppleWebKit/537.36 (KHTML, like Gecko) Chrome/56.0.2924.87 Mobile Safari/537.36" "-"
187.136.246.187 - - [20/Sep/2018:10:01:54 -0500] "POST /sureste/tecnico/upload.php HTTP/1.1" 200 972 www.mosproyectos.com.mx "https://www.mosproyectos.com.mx/sureste/tecnico/dataos.php" "Mozilla/5.0 (Windows NT 10.0; WOW64) AppleWebKit/537.36 (KHTML, like Gecko) Chrome/68.0.3440.106 Safari/537.36" "-"
187.136.246.187 - - [20/Sep/2018:10:01:57 -0500] "POST /sureste/tecnico/dataos.php HTTP/1.1" 200 42202 www.mosproyectos.com.mx "https://www.mosproyectos.com.mx/sureste/tecnico/upload.php" "Mozilla/5.0 (Windows NT 10.0; WOW64) AppleWebKit/537.36 (KHTML, like Gecko) Chrome/68.0.3440.106 Safari/537.36" "-"
187.136.246.187 - - [20/Sep/2018:10:01:58 -0500] "GET /sureste/css/slider.css HTTP/1.1" 404 1364 www.mosproyectos.com.mx "https://www.mosproyectos.com.mx/sureste/tecnico/dataos.php" "Mozilla/5.0 (Windows NT 10.0; WOW64) AppleWebKit/537.36 (KHTML, like Gecko) Chrome/68.0.3440.106 Safari/537.36" "-"
187.136.246.187 - - [20/Sep/2018:10:01:58 -0500] "GET /sureste/syspic/see.png HTTP/1.1" 200 10713 www.mosproyectos.com.mx "https://www.mosproyectos.com.mx/sureste/tecnico/dataos.php" "Mozilla/5.0 (Windows NT 10.0; WOW64) AppleWebKit/537.36 (KHTML, like Gecko) Chrome/68.0.3440.106 Safari/537.36" "-"
187.190.163.73 - - [20/Sep/2018:10:02:33 -0500] "GET /cbajantes/search.php?dato=54885584 HTTP/1.1" 200 28594 www.mosproyectos.com.mx "https://www.mosproyectos.com.mx/cbajantes/search.php?dato=54970114" "Mozilla/5.0 (Windows NT 6.1; WOW64) AppleWebKit/537.36 (KHTML, like Gecko) Chrome/58.0.2988.0 Safari/537.36" "-"
187.190.163.73 - - [20/Sep/2018:10:02:33 -0500] "GET /os/26399_0.jpg HTTP/1.1" 200 1575558 www.mosproyectos.com.mx "https://www.mosproyectos.com.mx/cbajantes/search.php?dato=54885584" "Mozilla/5.0 (Windows NT 6.1; WOW64) AppleWebKit/537.36 (KHTML, like Gecko) Chrome/58.0.2988.0 Safari/537.36" "-"
187.190.163.73 - - [20/Sep/2018:10:02:33 -0500] "GET /os/26399_1.jpg HTTP/1.1" 200 1227950 www.mosproyectos.com.mx "https://www.mosproyectos.com.mx/cbajantes/search.php?dato=54885584" "Mozilla/5.0 (Windows NT 6.1; WOW64) AppleWebKit/537.36 (KHTML, like Gecko) Chrome/58.0.2988.0 Safari/537.36" "-"
187.190.163.73 - - [20/Sep/2018:10:02:33 -0500] "GET /os/26399_2.jpg HTTP/1.1" 200 1129902 www.mosproyectos.com.mx "https://www.mosproyectos.com.mx/cbajantes/search.php?dato=54885584" "Mozilla/5.0 (Windows NT 6.1; WOW64) AppleWebKit/537.36 (KHTML, like Gecko) Chrome/58.0.2988.0 Safari/537.36" "-"
187.190.163.73 - - [20/Sep/2018:10:02:33 -0500] "GET /os/26399_3.jpg HTTP/1.1" 200 1341559 www.mosproyectos.com.mx "https://www.mosproyectos.com.mx/cbajantes/search.php?dato=54885584" "Mozilla/5.0 (Windows NT 6.1; WOW64) AppleWebKit/537.36 (KHTML, like Gecko) Chrome/58.0.2988.0 Safari/537.36" "-"
187.190.163.73 - - [20/Sep/2018:10:02:33 -0500] "GET /os/26399_4.jpg HTTP/1.1" 200 1238784 www.mosproyectos.com.mx "https://www.mosproyectos.com.mx/cbajantes/search.php?dato=54885584" "Mozilla/5.0 (Windows NT 6.1; WOW64) AppleWebKit/537.36 (KHTML, like Gecko) Chrome/58.0.2988.0 Safari/537.36" "-"
187.190.163.73 - - [20/Sep/2018:10:02:34 -0500] "GET /os/26399_5.jpg HTTP/1.1" 200 1065467 www.mosproyectos.com.mx "https://www.mosproyectos.com.mx/cbajantes/search.php?dato=54885584" "Mozilla/5.0 (Windows NT 6.1; WOW64) AppleWebKit/537.36 (KHTML, like Gecko) Chrome/58.0.2988.0 Safari/537.36" "-"
187.190.163.73 - - [20/Sep/2018:10:02:34 -0500] "GET /syspic/editar.png HTTP/1.1" 200 4371 www.mosproyectos.com.mx "https://www.mosproyectos.com.mx/cbajantes/search.php?dato=54885584" "Mozilla/5.0 (Windows NT 6.1; WOW64) AppleWebKit/537.36 (KHTML, like Gecko) Chrome/58.0.2988.0 Safari/537.36" "-"
189.128.35.241 - - [20/Sep/2018:10:02:36 -0500] "GET /sureste/supervisor/inde.php HTTP/1.1" 200 24013 www.mosproyectos.com.mx "https://www.mosproyectos.com.mx/sureste/supervisor/filtrado.php?iddcarga=19&immcarga=9&iyyyycarga=2018&fddcarga=19&fmmcarga=9&fyyyycarga=2018&tipo=1" "Mozilla/5.0 (Windows NT 10.0; Win64; x64) AppleWebKit/537.36 (KHTML, like Gecko) Chrome/69.0.3497.100 Safari/537.36" "-"
187.190.163.73 - - [20/Sep/2018:10:02:37 -0500] "GET /os/26399_6.jpg HTTP/1.1" 200 1065467 www.mosproyectos.com.mx "https://www.mosproyectos.com.mx/cbajantes/search.php?dato=54885584" "Mozilla/5.0 (Windows NT 6.1; WOW64) AppleWebKit/537.36 (KHTML, like Gecko) Chrome/58.0.2988.0 Safari/537.36" "-"
189.128.35.241 - - [20/Sep/2018:10:02:38 -0500] "GET /sureste/supervisor/search.php HTTP/1.1" 200 6343 www.mosproyectos.com.mx "https://www.mosproyectos.com.mx/sureste/supervisor/inde.php" "Mozilla/5.0 (Windows NT 10.0; Win64; x64) AppleWebKit/537.36 (KHTML, like Gecko) Chrome/69.0.3497.100 Safari/537.36" "-"
189.128.35.241 - - [20/Sep/2018:10:02:40 -0500] "GET /sureste/supervisor/search.php?dato=36166382 HTTP/1.1" 200 6344 www.mosproyectos.com.mx "https://www.mosproyectos.com.mx/sureste/supervisor/search.php" "Mozilla/5.0 (Windows NT 10.0; Win64; x64) AppleWebKit/537.36 (KHTML, like Gecko) Chrome/69.0.3497.100 Safari/537.36" "-"
189.128.35.241 - - [20/Sep/2018:10:02:43 -0500] "GET /sureste/supervisor/search.php?dato=036166382 HTTP/1.1" 200 6345 www.mosproyectos.com.mx "https://www.mosproyectos.com.mx/sureste/supervisor/search.php?dato=36166382" "Mozilla/5.0 (Windows NT 10.0; Win64; x64) AppleWebKit/537.36 (KHTML, like Gecko) Chrome/69.0.3497.100 Safari/537.36" "-"
189.128.35.241 - - [20/Sep/2018:10:02:48 -0500] "GET /sureste/supervisor/addOs.php HTTP/1.1" 200 751926 www.mosproyectos.com.mx "https://www.mosproyectos.com.mx/sureste/supervisor/search.php?dato=036166382" "Mozilla/5.0 (Windows NT 10.0; Win64; x64) AppleWebKit/537.36 (KHTML, like Gecko) Chrome/69.0.3497.100 Safari/537.36" "-"
189.128.35.241 - - [20/Sep/2018:10:02:56 -0500] "GET /sureste/supervisor/addOs.php?folioP=36166382 HTTP/1.1" 200 751926 www.mosproyectos.com.mx "https://www.mosproyectos.com.mx/sureste/supervisor/addOs.php" "Mozilla/5.0 (Windows NT 10.0; Win64; x64) AppleWebKit/537.36 (KHTML, like Gecko) Chrome/69.0.3497.100 Safari/537.36" "-"
189.128.35.241 - - [20/Sep/2018:10:03:04 -0500] "GET /sureste/supervisor/addOs.php?folioP=036166382 HTTP/1.1" 200 751926 www.mosproyectos.com.mx "https://www.mosproyectos.com.mx/sureste/supervisor/addOs.php?folioP=36166382" "Mozilla/5.0 (Windows NT 10.0; Win64; x64) AppleWebKit/537.36 (KHTML, like Gecko) Chrome/69.0.3497.100 Safari/537.36" "-"
189.128.35.241 - - [20/Sep/2018:10:03:12 -0500] "GET /sureste/supervisor/inde.php HTTP/1.1" 200 24013 www.mosproyectos.com.mx "https://www.mosproyectos.com.mx/sureste/supervisor/addOs.php?folioP=036166382" "Mozilla/5.0 (Windows NT 10.0; Win64; x64) AppleWebKit/537.36 (KHTML, like Gecko) Chrome/69.0.3497.100 Safari/537.36" "-"
189.128.35.241 - - [20/Sep/2018:10:03:34 -0500] "GET /sureste/index.html HTTP/1.1" 200 4391 www.mosproyectos.com.mx "-" "Mozilla/5.0 (Windows NT 10.0; Win64; x64) AppleWebKit/537.36 (KHTML, like Gecko) Chrome/69.0.3497.100 Safari/537.36" "-"
189.128.35.241 - - [20/Sep/2018:10:03:35 -0500] "GET /sureste/css/slider.css HTTP/1.1" 404 1364 www.mosproyectos.com.mx "https://www.mosproyectos.com.mx/sureste/index.html" "Mozilla/5.0 (Windows NT 10.0; Win64; x64) AppleWebKit/537.36 (KHTML, like Gecko) Chrome/69.0.3497.100 Safari/537.36" "-"
189.128.35.241 - - [20/Sep/2018:10:03:35 -0500] "GET /sureste/css/alertify.css HTTP/1.1" 300 826 www.mosproyectos.com.mx "https://www.mosproyectos.com.mx/sureste/index.html" "Mozilla/5.0 (Windows NT 10.0; Win64; x64) AppleWebKit/537.36 (KHTML, like Gecko) Chrome/69.0.3497.100 Safari/537.36" "-"
189.128.35.241 - - [20/Sep/2018:10:03:35 -0500] "GET /sureste/css/alertify.default.css HTTP/1.1" 200 2552 www.mosproyectos.com.mx "https://www.mosproyectos.com.mx/sureste/index.html" "Mozilla/5.0 (Windows NT 10.0; Win64; x64) AppleWebKit/537.36 (KHTML, like Gecko) Chrome/69.0.3497.100 Safari/537.36" "-"
189.128.35.241 - - [20/Sep/2018:10:03:35 -0500] "GET /sureste/syspic/favicon.png HTTP/1.1" 200 32846 www.mosproyectos.com.mx "https://www.mosproyectos.com.mx/sureste/index.html" "Mozilla/5.0 (Windows NT 10.0; Win64; x64) AppleWebKit/537.36 (KHTML, like Gecko) Chrome/69.0.3497.100 Safari/537.36" "-"
189.128.35.241 - - [20/Sep/2018:10:03:38 -0500] "GET /sureste/supervisor/filtrado.php HTTP/1.1" 200 9225 www.mosproyectos.com.mx "https://www.mosproyectos.com.mx/sureste/supervisor/inde.php" "Mozilla/5.0 (Windows NT 10.0; Win64; x64) AppleWebKit/537.36 (KHTML, like Gecko) Chrome/69.0.3497.100 Safari/537.36" "-"
189.128.35.241 - - [20/Sep/2018:10:03:40 -0500] "POST /sureste/login.php HTTP/1.1" 302 155 www.mosproyectos.com.mx "https://www.mosproyectos.com.mx/sureste/index.html" "Mozilla/5.0 (Windows NT 10.0; Win64; x64) AppleWebKit/537.36 (KHTML, like Gecko) Chrome/69.0.3497.100 Safari/537.36" "-"
189.128.35.241 - - [20/Sep/2018:10:03:40 -0500] "GET /sureste/supervisor/inde.php HTTP/1.1" 200 24013 www.mosproyectos.com.mx "https://www.mosproyectos.com.mx/sureste/index.html" "Mozilla/5.0 (Windows NT 10.0; Win64; x64) AppleWebKit/537.36 (KHTML, like Gecko) Chrome/69.0.3497.100 Safari/537.36" "-"
189.128.35.241 - - [20/Sep/2018:10:03:40 -0500] "GET /sureste/js/browser2.js HTTP/1.1" 301 261 www.mosproyectos.com.mx "https://www.mosproyectos.com.mx/sureste/supervisor/inde.php" "Mozilla/5.0 (Windows NT 10.0; Win64; x64) AppleWebKit/537.36 (KHTML, like Gecko) Chrome/69.0.3497.100 Safari/537.36" "-"
189.128.35.241 - - [20/Sep/2018:10:03:44 -0500] "GET /sureste/supervisor/search.php HTTP/1.1" 200 6343 www.mosproyectos.com.mx "https://www.mosproyectos.com.mx/sureste/supervisor/inde.php" "Mozilla/5.0 (Windows NT 10.0; Win64; x64) AppleWebKit/537.36 (KHTML, like Gecko) Chrome/69.0.3497.100 Safari/537.36" "-"
189.128.35.241 - - [20/Sep/2018:10:03:47 -0500] "GET /sureste/supervisor/search.php?dato=36168032 HTTP/1.1" 200 6344 www.mosproyectos.com.mx "https://www.mosproyectos.com.mx/sureste/supervisor/search.php" "Mozilla/5.0 (Windows NT 10.0; Win64; x64) AppleWebKit/537.36 (KHTML, like Gecko) Chrome/69.0.3497.100 Safari/537.36" "-"
189.128.35.241 - - [20/Sep/2018:10:04:08 -0500] "GET /sureste/supervisor/filtrado.php?iddcarga=19&immcarga=9&iyyyycarga=2018&fddcarga=19&fmmcarga=9&fyyyycarga=2018&tipo=1 HTTP/1.1" 200 10856 www.mosproyectos.com.mx "https://www.mosproyectos.com.mx/sureste/supervisor/filtrado.php" "Mozilla/5.0 (Windows NT 10.0; Win64; x64) AppleWebKit/537.36 (KHTML, like Gecko) Chrome/69.0.3497.100 Safari/537.36" "-"
187.136.246.187 - - [20/Sep/2018:10:04:41 -0500] "POST /sureste/tecnico/regDetalles.php HTTP/1.1" 200 184 www.mosproyectos.com.mx "https://www.mosproyectos.com.mx/sureste/tecnico/dataos.php" "Mozilla/5.0 (Windows NT 10.0; WOW64) AppleWebKit/537.36 (KHTML, like Gecko) Chrome/68.0.3440.106 Safari/537.36" "-"
187.136.246.187 - - [20/Sep/2018:10:04:43 -0500] "GET /sureste/tecnico/dataosuall.php HTTP/1.1" 200 55482 www.mosproyectos.com.mx "https://www.mosproyectos.com.mx/sureste/tecnico/regDetalles.php" "Mozilla/5.0 (Windows NT 10.0; WOW64) AppleWebKit/537.36 (KHTML, like Gecko) Chrome/68.0.3440.106 Safari/537.36" "-"
187.136.246.187 - - [20/Sep/2018:10:04:47 -0500] "GET /sureste/logout.php HTTP/1.1" 302 - www.mosproyectos.com.mx "https://www.mosproyectos.com.mx/sureste/tecnico/dataosuall.php" "Mozilla/5.0 (Windows NT 10.0; WOW64) AppleWebKit/537.36 (KHTML, like Gecko) Chrome/68.0.3440.106 Safari/537.36" "-"
187.136.246.187 - - [20/Sep/2018:10:04:48 -0500] "GET /sureste/css/slider.css HTTP/1.1" 404 1364 www.mosproyectos.com.mx "https://www.mosproyectos.com.mx/sureste/index.html" "Mozilla/5.0 (Windows NT 10.0; WOW64) AppleWebKit/537.36 (KHTML, like Gecko) Chrome/68.0.3440.106 Safari/537.36" "-"
187.136.246.187 - - [20/Sep/2018:10:04:50 -0500] "POST /sureste/login.php HTTP/1.1" 302 155 www.mosproyectos.com.mx "https://www.mosproyectos.com.mx/sureste/index.html" "Mozilla/5.0 (Windows NT 10.0; WOW64) AppleWebKit/537.36 (KHTML, like Gecko) Chrome/68.0.3440.106 Safari/537.36" "-"
187.136.246.187 - - [20/Sep/2018:10:04:51 -0500] "GET /sureste/supervisor/inde.php HTTP/1.1" 200 15063 www.mosproyectos.com.mx "https://www.mosproyectos.com.mx/sureste/index.html" "Mozilla/5.0 (Windows NT 10.0; WOW64) AppleWebKit/537.36 (KHTML, like Gecko) Chrome/68.0.3440.106 Safari/537.36" "-"
187.136.246.187 - - [20/Sep/2018:10:04:53 -0500] "GET /sureste/supervisor/search.php HTTP/1.1" 200 6338 www.mosproyectos.com.mx "https://www.mosproyectos.com.mx/sureste/supervisor/inde.php" "Mozilla/5.0 (Windows NT 10.0; WOW64) AppleWebKit/537.36 (KHTML, like Gecko) Chrome/68.0.3440.106 Safari/537.36" "-"
187.136.246.187 - - [20/Sep/2018:10:05:02 -0500] "GET /sureste/supervisor/search.php?dato=9994292689 HTTP/1.1" 200 27091 www.mosproyectos.com.mx "https://www.mosproyectos.com.mx/sureste/supervisor/search.php" "Mozilla/5.0 (Windows NT 10.0; WOW64) AppleWebKit/537.36 (KHTML, like Gecko) Chrome/68.0.3440.106 Safari/537.36" "-"
187.136.246.187 - - [20/Sep/2018:10:05:02 -0500] "GET /sureste/os/9145_0.jpg HTTP/1.1" 200 98600 www.mosproyectos.com.mx "https://www.mosproyectos.com.mx/sureste/supervisor/search.php?dato=9994292689" "Mozilla/5.0 (Windows NT 10.0; WOW64) AppleWebKit/537.36 (KHTML, like Gecko) Chrome/68.0.3440.106 Safari/537.36" "-"
187.136.246.187 - - [20/Sep/2018:10:05:02 -0500] "GET /sureste/os/9145_1.jpg HTTP/1.1" 200 66578 www.mosproyectos.com.mx "https://www.mosproyectos.com.mx/sureste/supervisor/search.php?dato=9994292689" "Mozilla/5.0 (Windows NT 10.0; WOW64) AppleWebKit/537.36 (KHTML, like Gecko) Chrome/68.0.3440.106 Safari/537.36" "-"
187.136.246.187 - - [20/Sep/2018:10:05:02 -0500] "GET /sureste/os/9145_2.jpg HTTP/1.1" 200 51066 www.mosproyectos.com.mx "https://www.mosproyectos.com.mx/sureste/supervisor/search.php?dato=9994292689" "Mozilla/5.0 (Windows NT 10.0; WOW64) AppleWebKit/537.36 (KHTML, like Gecko) Chrome/68.0.3440.106 Safari/537.36" "-"
187.136.246.187 - - [20/Sep/2018:10:05:02 -0500] "GET /sureste/os/9145_3.jpg HTTP/1.1" 200 31588 www.mosproyectos.com.mx "https://www.mosproyectos.com.mx/sureste/supervisor/search.php?dato=9994292689" "Mozilla/5.0 (Windows NT 10.0; WOW64) AppleWebKit/537.36 (KHTML, like Gecko) Chrome/68.0.3440.106 Safari/537.36" "-"
187.136.246.187 - - [20/Sep/2018:10:05:02 -0500] "GET /sureste/os/9145_4.jpg HTTP/1.1" 200 51066 www.mosproyectos.com.mx "https://www.mosproyectos.com.mx/sureste/supervisor/search.php?dato=9994292689" "Mozilla/5.0 (Windows NT 10.0; WOW64) AppleWebKit/537.36 (KHTML, like Gecko) Chrome/68.0.3440.106 Safari/537.36" "-"
187.136.246.187 - - [20/Sep/2018:10:05:02 -0500] "GET /sureste/os/9145_5.jpg HTTP/1.1" 200 54372 www.mosproyectos.com.mx "https://www.mosproyectos.com.mx/sureste/supervisor/search.php?dato=9994292689" "Mozilla/5.0 (Windows NT 10.0; WOW64) AppleWebKit/537.36 (KHTML, like Gecko) Chrome/68.0.3440.106 Safari/537.36" "-"
187.136.246.187 - - [20/Sep/2018:10:05:02 -0500] "GET /sureste/os/9145_6.jpg HTTP/1.1" 200 31614 www.mosproyectos.com.mx "https://www.mosproyectos.com.mx/sureste/supervisor/search.php?dato=9994292689" "Mozilla/5.0 (Windows NT 10.0; WOW64) AppleWebKit/537.36 (KHTML, like Gecko) Chrome/68.0.3440.106 Safari/537.36" "-"
187.136.246.187 - - [20/Sep/2018:10:05:02 -0500] "GET /sureste/os/9145_7.jpg HTTP/1.1" 200 52240 www.mosproyectos.com.mx "https://www.mosproyectos.com.mx/sureste/supervisor/search.php?dato=9994292689" "Mozilla/5.0 (Windows NT 10.0; WOW64) AppleWebKit/537.36 (KHTML, like Gecko) Chrome/68.0.3440.106 Safari/537.36" "-"
187.136.246.187 - - [20/Sep/2018:10:05:05 -0500] "GET /sureste/os/9145_8.jpg HTTP/1.1" 200 31614 www.mosproyectos.com.mx "https://www.mosproyectos.com.mx/sureste/supervisor/search.php?dato=9994292689" "Mozilla/5.0 (Windows NT 10.0; WOW64) AppleWebKit/537.36 (KHTML, like Gecko) Chrome/68.0.3440.106 Safari/537.36" "-"
2806:10ae:b:284:7da5:7414:4da4:2a5f - - [20/Sep/2018:10:05:18 -0500] "GET /sureste/supervisor/inde.php HTTP/1.1" 200 15950 www.mosproyectos.com.mx "https://www.mosproyectos.com.mx/sureste/supervisor/filtrado.php?iddcarga=19&immcarga=9&iyyyycarga=2018&fddcarga=20&fmmcarga=9&fyyyycarga=2018&tipo=4" "Mozilla/5.0 (Windows NT 10.0) AppleWebKit/537.36 (KHTML, like Gecko) Chrome/69.0.3497.100 Safari/537.36" "-"
187.190.163.73 - - [20/Sep/2018:10:06:03 -0500] "GET /cbajantes/search.php?dato=54837572 HTTP/1.1" 200 27934 www.mosproyectos.com.mx "https://www.mosproyectos.com.mx/cbajantes/search.php?dato=54885584" "Mozilla/5.0 (Windows NT 6.1; WOW64) AppleWebKit/537.36 (KHTML, like Gecko) Chrome/58.0.2988.0 Safari/537.36" "-"
187.190.163.73 - - [20/Sep/2018:10:06:04 -0500] "GET /os/26927_0.jpg HTTP/1.1" 200 347947 www.mosproyectos.com.mx "https://www.mosproyectos.com.mx/cbajantes/search.php?dato=54837572" "Mozilla/5.0 (Windows NT 6.1; WOW64) AppleWebKit/537.36 (KHTML, like Gecko) Chrome/58.0.2988.0 Safari/537.36" "-"
187.190.163.73 - - [20/Sep/2018:10:06:04 -0500] "GET /os/26927_1.jpg HTTP/1.1" 200 63893 www.mosproyectos.com.mx "https://www.mosproyectos.com.mx/cbajantes/search.php?dato=54837572" "Mozilla/5.0 (Windows NT 6.1; WOW64) AppleWebKit/537.36 (KHTML, like Gecko) Chrome/58.0.2988.0 Safari/537.36" "-"
187.190.163.73 - - [20/Sep/2018:10:06:04 -0500] "GET /os/26927_2.jpg HTTP/1.1" 200 57382 www.mosproyectos.com.mx "https://www.mosproyectos.com.mx/cbajantes/search.php?dato=54837572" "Mozilla/5.0 (Windows NT 6.1; WOW64) AppleWebKit/537.36 (KHTML, like Gecko) Chrome/58.0.2988.0 Safari/537.36" "-"
187.190.163.73 - - [20/Sep/2018:10:06:04 -0500] "GET /os/26927_3.jpg HTTP/1.1" 200 125528 www.mosproyectos.com.mx "https://www.mosproyectos.com.mx/cbajantes/search.php?dato=54837572" "Mozilla/5.0 (Windows NT 6.1; WOW64) AppleWebKit/537.36 (KHTML, like Gecko) Chrome/58.0.2988.0 Safari/537.36" "-"
187.190.163.73 - - [20/Sep/2018:10:06:04 -0500] "GET /os/26927_4.jpg HTTP/1.1" 200 55008 www.mosproyectos.com.mx "https://www.mosproyectos.com.mx/cbajantes/search.php?dato=54837572" "Mozilla/5.0 (Windows NT 6.1; WOW64) AppleWebKit/537.36 (KHTML, like Gecko) Chrome/58.0.2988.0 Safari/537.36" "-"
187.190.163.73 - - [20/Sep/2018:10:06:04 -0500] "GET /os/26927_5.jpg HTTP/1.1" 200 55008 www.mosproyectos.com.mx "https://www.mosproyectos.com.mx/cbajantes/search.php?dato=54837572" "Mozilla/5.0 (Windows NT 6.1; WOW64) AppleWebKit/537.36 (KHTML, like Gecko) Chrome/58.0.2988.0 Safari/537.36" "-"
187.190.163.73 - - [20/Sep/2018:10:06:04 -0500] "GET /os/26927_6.jpg HTTP/1.1" 200 63893 www.mosproyectos.com.mx "https://www.mosproyectos.com.mx/cbajantes/search.php?dato=54837572" "Mozilla/5.0 (Windows NT 6.1; WOW64) AppleWebKit/537.36 (KHTML, like Gecko) Chrome/58.0.2988.0 Safari/537.36" "-"
187.136.246.187 - - [20/Sep/2018:10:06:51 -0500] "GET /sureste/supervisor/inde.php HTTP/1.1" 200 15063 www.mosproyectos.com.mx "https://www.mosproyectos.com.mx/sureste/supervisor/search.php?dato=9994292689" "Mozilla/5.0 (Windows NT 10.0; WOW64) AppleWebKit/537.36 (KHTML, like Gecko) Chrome/68.0.3440.106 Safari/537.36" "-"
187.136.246.187 - - [20/Sep/2018:10:07:19 -0500] "GET /sureste/supervisor/search.php HTTP/1.1" 200 6338 www.mosproyectos.com.mx "https://www.mosproyectos.com.mx/sureste/supervisor/inde.php" "Mozilla/5.0 (Windows NT 10.0; WOW64) AppleWebKit/537.36 (KHTML, like Gecko) Chrome/68.0.3440.106 Safari/537.36" "-"
187.136.246.187 - - [20/Sep/2018:10:07:23 -0500] "GET /sureste/supervisor/search.php?dato=36160756 HTTP/1.1" 200 6339 www.mosproyectos.com.mx "https://www.mosproyectos.com.mx/sureste/supervisor/search.php" "Mozilla/5.0 (Windows NT 10.0; WOW64) AppleWebKit/537.36 (KHTML, like Gecko) Chrome/68.0.3440.106 Safari/537.36" "-"
