189.251.113.185 - - [30/Aug/2018:08:38:45 -0500] "GET /MOS%20Proyectos_files/serv5.jpg HTTP/1.1" 200 56833 www.mosproyectos.com.mx "https://www.mosproyectos.com.mx/" "Mozilla/5.0 (Linux; Android 6.0; MotoG3 Build/MPIS24.65-33.1-2-16) AppleWebKit/537.36 (KHTML, like Gecko) Chrome/68.0.3440.91 Mobile Safari/537.36" "-"
189.251.113.185 - - [30/Aug/2018:08:38:46 -0500] "GET /MOS%20Proyectos_files/serv6.jpg HTTP/1.1" 200 61238 www.mosproyectos.com.mx "https://www.mosproyectos.com.mx/" "Mozilla/5.0 (Linux; Android 6.0; MotoG3 Build/MPIS24.65-33.1-2-16) AppleWebKit/537.36 (KHTML, like Gecko) Chrome/68.0.3440.91 Mobile Safari/537.36" "-"
189.217.0.110 - - [30/Aug/2018:08:38:48 -0500] "POST /login.php HTTP/1.1" 302 155 www.mosproyectos.com.mx "https://www.mosproyectos.com.mx/login.html" "Mozilla/5.0 (Linux; Android 7.1.1; ZTE BLADE A321 Build/NMF26F) AppleWebKit/537.36 (KHTML, like Gecko) Chrome/68.0.3440.91 Mobile Safari/537.36" "-"
189.217.0.110 - - [30/Aug/2018:08:38:48 -0500] "GET /tecnico/inde.php HTTP/1.1" 302 1429 www.mosproyectos.com.mx "https://www.mosproyectos.com.mx/login.html" "Mozilla/5.0 (Linux; Android 7.1.1; ZTE BLADE A321 Build/NMF26F) AppleWebKit/537.36 (KHTML, like Gecko) Chrome/68.0.3440.91 Mobile Safari/537.36" "-"
189.217.0.110 - - [30/Aug/2018:08:38:48 -0500] "GET /tecnico/indeInicio.php HTTP/1.1" 200 9469 www.mosproyectos.com.mx "https://www.mosproyectos.com.mx/login.html" "Mozilla/5.0 (Linux; Android 7.1.1; ZTE BLADE A321 Build/NMF26F) AppleWebKit/537.36 (KHTML, like Gecko) Chrome/68.0.3440.91 Mobile Safari/537.36" "-"
189.217.0.110 - - [30/Aug/2018:08:38:49 -0500] "GET /css/slider.css HTTP/1.1" 404 1364 www.mosproyectos.com.mx "https://www.mosproyectos.com.mx/tecnico/indeInicio.php" "Mozilla/5.0 (Linux; Android 7.1.1; ZTE BLADE A321 Build/NMF26F) AppleWebKit/537.36 (KHTML, like Gecko) Chrome/68.0.3440.91 Mobile Safari/537.36" "-"
189.217.0.110 - - [30/Aug/2018:08:38:49 -0500] "GET /js/browser5.js HTTP/1.1" 301 253 www.mosproyectos.com.mx "https://www.mosproyectos.com.mx/tecnico/indeInicio.php" "Mozilla/5.0 (Linux; Android 7.1.1; ZTE BLADE A321 Build/NMF26F) AppleWebKit/537.36 (KHTML, like Gecko) Chrome/68.0.3440.91 Mobile Safari/537.36" "-"
189.251.113.185 - - [30/Aug/2018:08:38:49 -0500] "GET /MOS%20Proyectos_files/mant1.jpeg HTTP/1.1" 200 60746 www.mosproyectos.com.mx "https://www.mosproyectos.com.mx/" "Mozilla/5.0 (Linux; Android 6.0; MotoG3 Build/MPIS24.65-33.1-2-16) AppleWebKit/537.36 (KHTML, like Gecko) Chrome/68.0.3440.91 Mobile Safari/537.36" "-"
189.217.0.110 - - [30/Aug/2018:08:38:49 -0500] "GET /js/jquery-3.2.0.min.js HTTP/1.1" 200 86600 www.mosproyectos.com.mx "https://www.mosproyectos.com.mx/tecnico/indeInicio.php" "Mozilla/5.0 (Linux; Android 7.1.1; ZTE BLADE A321 Build/NMF26F) AppleWebKit/537.36 (KHTML, like Gecko) Chrome/68.0.3440.91 Mobile Safari/537.36" "-"
189.217.0.110 - - [30/Aug/2018:08:38:49 -0500] "GET /js/bootstrap.min.js HTTP/1.1" 200 37051 www.mosproyectos.com.mx "https://www.mosproyectos.com.mx/tecnico/indeInicio.php" "Mozilla/5.0 (Linux; Android 7.1.1; ZTE BLADE A321 Build/NMF26F) AppleWebKit/537.36 (KHTML, like Gecko) Chrome/68.0.3440.91 Mobile Safari/537.36" "-"
189.217.0.110 - - [30/Aug/2018:08:38:49 -0500] "GET /js/menu.js HTTP/1.1" 200 3003 www.mosproyectos.com.mx "https://www.mosproyectos.com.mx/tecnico/indeInicio.php" "Mozilla/5.0 (Linux; Android 7.1.1; ZTE BLADE A321 Build/NMF26F) AppleWebKit/537.36 (KHTML, like Gecko) Chrome/68.0.3440.91 Mobile Safari/537.36" "-"
189.217.0.110 - - [30/Aug/2018:08:38:49 -0500] "GET /syspic/close.ico HTTP/1.1" 200 192323 www.mosproyectos.com.mx "https://www.mosproyectos.com.mx/tecnico/indeInicio.php" "Mozilla/5.0 (Linux; Android 7.1.1; ZTE BLADE A321 Build/NMF26F) AppleWebKit/537.36 (KHTML, like Gecko) Chrome/68.0.3440.91 Mobile Safari/537.36" "-"
189.217.0.110 - - [30/Aug/2018:08:38:49 -0500] "GET /js/browser.js HTTP/1.1" 200 1419 www.mosproyectos.com.mx "https://www.mosproyectos.com.mx/tecnico/indeInicio.php" "Mozilla/5.0 (Linux; Android 7.1.1; ZTE BLADE A321 Build/NMF26F) AppleWebKit/537.36 (KHTML, like Gecko) Chrome/68.0.3440.91 Mobile Safari/537.36" "-"
189.217.0.110 - - [30/Aug/2018:08:38:55 -0500] "GET /tecnico/dataosuall.php HTTP/1.1" 200 13103 www.mosproyectos.com.mx "https://www.mosproyectos.com.mx/tecnico/indeInicio.php" "Mozilla/5.0 (Linux; Android 7.1.1; ZTE BLADE A321 Build/NMF26F) AppleWebKit/537.36 (KHTML, like Gecko) Chrome/68.0.3440.91 Mobile Safari/537.36" "-"
189.251.44.163 - - [30/Aug/2018:08:38:59 -0500] "GET /supervisor/search.php?dato=55030669 HTTP/1.1" 200 15257 www.mosproyectos.com.mx "https://www.mosproyectos.com.mx/supervisor/search.php?dato=54608261" "Mozilla/5.0 (Windows NT 10.0; Win64; x64) AppleWebKit/537.36 (KHTML, like Gecko) Chrome/64.0.3282.140 Safari/537.36 Edge/17.17134" "-"
189.251.44.163 - - [30/Aug/2018:08:38:59 -0500] "GET /supervisor/search.php?dato=55030669 HTTP/1.1" 200 15846 www.mosproyectos.com.mx "https://www.mosproyectos.com.mx/supervisor/search.php?dato=55030669" "Mozilla/5.0 (Windows NT 10.0; Win64; x64) AppleWebKit/537.36 (KHTML, like Gecko) Chrome/64.0.3282.140 Safari/537.36 Edge/17.17134" "-"
189.251.113.185 - - [30/Aug/2018:08:39:04 -0500] "GET / HTTP/1.1" 200 30914 www.mosproyectos.com.mx "-" "WhatsApp/2.18.248 A" "-"
189.251.113.185 - - [30/Aug/2018:08:39:05 -0500] "GET /images/fav.png HTTP/1.1" 302 230 mosproyectos.com.mx "-" "WhatsApp/2.18.248 A" "-"
189.251.44.163 - - [30/Aug/2018:08:39:26 -0500] "GET /supervisor/inde.php HTTP/1.1" 200 11451 www.mosproyectos.com.mx "https://www.mosproyectos.com.mx/supervisor/search.php?dato=55030669" "Mozilla/5.0 (Windows NT 10.0; Win64; x64) AppleWebKit/537.36 (KHTML, like Gecko) Chrome/64.0.3282.140 Safari/537.36 Edge/17.17134" "-"
189.251.44.163 - - [30/Aug/2018:08:39:26 -0500] "GET /js/browser2.js HTTP/1.1" 301 253 www.mosproyectos.com.mx "https://www.mosproyectos.com.mx/supervisor/inde.php" "Mozilla/5.0 (Windows NT 10.0; Win64; x64) AppleWebKit/537.36 (KHTML, like Gecko) Chrome/64.0.3282.140 Safari/537.36 Edge/17.17134" "-"
189.217.0.110 - - [30/Aug/2018:08:47:46 -0500] "POST /tecnico/dataos.php HTTP/1.1" 200 24091 www.mosproyectos.com.mx "https://www.mosproyectos.com.mx/tecnico/dataosuall.php" "Mozilla/5.0 (Linux; Android 7.1.1; ZTE BLADE A321 Build/NMF26F) AppleWebKit/537.36 (KHTML, like Gecko) Chrome/68.0.3440.91 Mobile Safari/537.36" "-"
189.217.0.110 - - [30/Aug/2018:08:47:46 -0500] "GET /css/slider.css HTTP/1.1" 404 1364 www.mosproyectos.com.mx "https://www.mosproyectos.com.mx/tecnico/dataos.php" "Mozilla/5.0 (Linux; Android 7.1.1; ZTE BLADE A321 Build/NMF26F) AppleWebKit/537.36 (KHTML, like Gecko) Chrome/68.0.3440.91 Mobile Safari/537.36" "-"
189.217.0.110 - - [30/Aug/2018:08:47:46 -0500] "GET /js/jquery.min.js HTTP/1.1" 200 95933 www.mosproyectos.com.mx "https://www.mosproyectos.com.mx/tecnico/dataos.php" "Mozilla/5.0 (Linux; Android 7.1.1; ZTE BLADE A321 Build/NMF26F) AppleWebKit/537.36 (KHTML, like Gecko) Chrome/68.0.3440.91 Mobile Safari/537.36" "-"
187.190.158.84 - - [30/Aug/2018:08:50:25 -0500] "POST /tecnico/dataos.php HTTP/1.1" 200 24074 www.mosproyectos.com.mx "https://www.mosproyectos.com.mx/tecnico/dataosuall.php" "Mozilla/5.0 (Linux; Android 6.0.1; XT1609 Build/MPIS24.241-2.35-1-17) AppleWebKit/537.36 (KHTML, like Gecko) Chrome/68.0.3440.91 Mobile Safari/537.36" "-"
187.190.158.84 - - [30/Aug/2018:08:50:26 -0500] "GET /css/slider.css HTTP/1.1" 404 1364 www.mosproyectos.com.mx "https://www.mosproyectos.com.mx/tecnico/dataos.php" "Mozilla/5.0 (Linux; Android 6.0.1; XT1609 Build/MPIS24.241-2.35-1-17) AppleWebKit/537.36 (KHTML, like Gecko) Chrome/68.0.3440.91 Mobile Safari/537.36" "-"
187.190.158.84 - - [30/Aug/2018:08:56:04 -0500] "POST /tecnico/upload.php HTTP/1.1" 200 816 www.mosproyectos.com.mx "https://www.mosproyectos.com.mx/tecnico/dataos.php" "Mozilla/5.0 (Linux; Android 6.0.1; XT1609 Build/MPIS24.241-2.35-1-17) AppleWebKit/537.36 (KHTML, like Gecko) Chrome/68.0.3440.91 Mobile Safari/537.36" "-"
187.190.158.84 - - [30/Aug/2018:08:56:08 -0500] "POST /tecnico/dataos.php HTTP/1.1" 200 40384 www.mosproyectos.com.mx "https://www.mosproyectos.com.mx/tecnico/upload.php" "Mozilla/5.0 (Linux; Android 6.0.1; XT1609 Build/MPIS24.241-2.35-1-17) AppleWebKit/537.36 (KHTML, like Gecko) Chrome/68.0.3440.91 Mobile Safari/537.36" "-"
187.190.158.84 - - [30/Aug/2018:08:56:09 -0500] "GET /css/slider.css HTTP/1.1" 404 1364 www.mosproyectos.com.mx "https://www.mosproyectos.com.mx/tecnico/dataos.php" "Mozilla/5.0 (Linux; Android 6.0.1; XT1609 Build/MPIS24.241-2.35-1-17) AppleWebKit/537.36 (KHTML, like Gecko) Chrome/68.0.3440.91 Mobile Safari/537.36" "-"
2806:10ae:b:339:b95c:ae16:bfec:8a7f - - [30/Aug/2018:08:56:18 -0500] "GET /sureste/ HTTP/1.1" 200 4391 www.mosproyectos.com.mx "-" "Mozilla/5.0 (Linux; Android 6.0.1; SAMSUNG SM-G532M Build/MMB29T) AppleWebKit/537.36 (KHTML, like Gecko) SamsungBrowser/7.2 Chrome/59.0.3071.125 Mobile Safari/537.36" "-"
2806:10ae:b:339:b95c:ae16:bfec:8a7f - - [30/Aug/2018:08:56:19 -0500] "GET /sureste/css/bootstrap.css HTTP/1.1" 200 152923 www.mosproyectos.com.mx "https://www.mosproyectos.com.mx/sureste/" "Mozilla/5.0 (Linux; Android 6.0.1; SAMSUNG SM-G532M Build/MMB29T) AppleWebKit/537.36 (KHTML, like Gecko) SamsungBrowser/7.2 Chrome/59.0.3071.125 Mobile Safari/537.36" "-"
2806:10ae:b:339:b95c:ae16:bfec:8a7f - - [30/Aug/2018:08:56:19 -0500] "GET /sureste/css/slider.css HTTP/1.1" 404 1364 www.mosproyectos.com.mx "https://www.mosproyectos.com.mx/sureste/" "Mozilla/5.0 (Linux; Android 6.0.1; SAMSUNG SM-G532M Build/MMB29T) AppleWebKit/537.36 (KHTML, like Gecko) SamsungBrowser/7.2 Chrome/59.0.3071.125 Mobile Safari/537.36" "-"
2806:10ae:b:339:b95c:ae16:bfec:8a7f - - [30/Aug/2018:08:56:19 -0500] "GET /sureste/css/alertify.css HTTP/1.1" 300 816 www.mosproyectos.com.mx "https://www.mosproyectos.com.mx/sureste/" "Mozilla/5.0 (Linux; Android 6.0.1; SAMSUNG SM-G532M Build/MMB29T) AppleWebKit/537.36 (KHTML, like Gecko) SamsungBrowser/7.2 Chrome/59.0.3071.125 Mobile Safari/537.36" "-"
2806:10ae:b:339:b95c:ae16:bfec:8a7f - - [30/Aug/2018:08:56:19 -0500] "GET /sureste/css/alertify.default.css HTTP/1.1" 200 2552 www.mosproyectos.com.mx "https://www.mosproyectos.com.mx/sureste/" "Mozilla/5.0 (Linux; Android 6.0.1; SAMSUNG SM-G532M Build/MMB29T) AppleWebKit/537.36 (KHTML, like Gecko) SamsungBrowser/7.2 Chrome/59.0.3071.125 Mobile Safari/537.36" "-"
2806:10ae:b:339:b95c:ae16:bfec:8a7f - - [30/Aug/2018:08:56:19 -0500] "GET /sureste/js/alertify.min.js HTTP/1.1" 200 7541 www.mosproyectos.com.mx "https://www.mosproyectos.com.mx/sureste/" "Mozilla/5.0 (Linux; Android 6.0.1; SAMSUNG SM-G532M Build/MMB29T) AppleWebKit/537.36 (KHTML, like Gecko) SamsungBrowser/7.2 Chrome/59.0.3071.125 Mobile Safari/537.36" "-"
2806:10ae:b:339:b95c:ae16:bfec:8a7f - - [30/Aug/2018:08:56:20 -0500] "GET /sureste/syspic/logo.png HTTP/1.1" 200 11238 www.mosproyectos.com.mx "https://www.mosproyectos.com.mx/sureste/" "Mozilla/5.0 (Linux; Android 6.0.1; SAMSUNG SM-G532M Build/MMB29T) AppleWebKit/537.36 (KHTML, like Gecko) SamsungBrowser/7.2 Chrome/59.0.3071.125 Mobile Safari/537.36" "-"
2806:10ae:b:339:b95c:ae16:bfec:8a7f - - [30/Aug/2018:08:56:20 -0500] "GET /sureste/fonts/glyphicons-halflings-regular.woff2 HTTP/1.1" 200 18028 www.mosproyectos.com.mx "https://www.mosproyectos.com.mx/sureste/css/bootstrap.css" "Mozilla/5.0 (Linux; Android 6.0.1; SAMSUNG SM-G532M Build/MMB29T) AppleWebKit/537.36 (KHTML, like Gecko) SamsungBrowser/7.2 Chrome/59.0.3071.125 Mobile Safari/537.36" "-"
2806:10ae:b:339:b95c:ae16:bfec:8a7f - - [30/Aug/2018:08:56:22 -0500] "POST /sureste/login.php HTTP/1.1" 302 155 www.mosproyectos.com.mx "https://www.mosproyectos.com.mx/sureste/" "Mozilla/5.0 (Linux; Android 6.0.1; SAMSUNG SM-G532M Build/MMB29T) AppleWebKit/537.36 (KHTML, like Gecko) SamsungBrowser/7.2 Chrome/59.0.3071.125 Mobile Safari/537.36" "-"
2806:10ae:b:339:b95c:ae16:bfec:8a7f - - [30/Aug/2018:08:56:23 -0500] "GET /sureste/tecnico/inde.php HTTP/1.1" 302 1429 www.mosproyectos.com.mx "https://www.mosproyectos.com.mx/sureste/" "Mozilla/5.0 (Linux; Android 6.0.1; SAMSUNG SM-G532M Build/MMB29T) AppleWebKit/537.36 (KHTML, like Gecko) SamsungBrowser/7.2 Chrome/59.0.3071.125 Mobile Safari/537.36" "-"
2806:10ae:b:339:b95c:ae16:bfec:8a7f - - [30/Aug/2018:08:56:23 -0500] "GET /sureste/tecnico/indeInicio.php HTTP/1.1" 200 10564 www.mosproyectos.com.mx "https://www.mosproyectos.com.mx/sureste/" "Mozilla/5.0 (Linux; Android 6.0.1; SAMSUNG SM-G532M Build/MMB29T) AppleWebKit/537.36 (KHTML, like Gecko) SamsungBrowser/7.2 Chrome/59.0.3071.125 Mobile Safari/537.36" "-"
2806:10ae:b:339:b95c:ae16:bfec:8a7f - - [30/Aug/2018:08:56:23 -0500] "GET /sureste/css/slider.css HTTP/1.1" 404 1364 www.mosproyectos.com.mx "https://www.mosproyectos.com.mx/sureste/tecnico/indeInicio.php" "Mozilla/5.0 (Linux; Android 6.0.1; SAMSUNG SM-G532M Build/MMB29T) AppleWebKit/537.36 (KHTML, like Gecko) SamsungBrowser/7.2 Chrome/59.0.3071.125 Mobile Safari/537.36" "-"
2806:10ae:b:339:b95c:ae16:bfec:8a7f - - [30/Aug/2018:08:56:23 -0500] "GET /sureste/js/jquery-3.2.0.min.js HTTP/1.1" 200 86600 www.mosproyectos.com.mx "https://www.mosproyectos.com.mx/sureste/tecnico/indeInicio.php" "Mozilla/5.0 (Linux; Android 6.0.1; SAMSUNG SM-G532M Build/MMB29T) AppleWebKit/537.36 (KHTML, like Gecko) SamsungBrowser/7.2 Chrome/59.0.3071.125 Mobile Safari/537.36" "-"
2806:10ae:b:339:b95c:ae16:bfec:8a7f - - [30/Aug/2018:08:56:23 -0500] "GET /sureste/js/browser5.js HTTP/1.1" 301 261 www.mosproyectos.com.mx "https://www.mosproyectos.com.mx/sureste/tecnico/indeInicio.php" "Mozilla/5.0 (Linux; Android 6.0.1; SAMSUNG SM-G532M Build/MMB29T) AppleWebKit/537.36 (KHTML, like Gecko) SamsungBrowser/7.2 Chrome/59.0.3071.125 Mobile Safari/537.36" "-"
2806:10ae:b:339:b95c:ae16:bfec:8a7f - - [30/Aug/2018:08:56:23 -0500] "GET /sureste/js/bootstrap.min.js HTTP/1.1" 200 37051 www.mosproyectos.com.mx "https://www.mosproyectos.com.mx/sureste/tecnico/indeInicio.php" "Mozilla/5.0 (Linux; Android 6.0.1; SAMSUNG SM-G532M Build/MMB29T) AppleWebKit/537.36 (KHTML, like Gecko) SamsungBrowser/7.2 Chrome/59.0.3071.125 Mobile Safari/537.36" "-"
2806:10ae:b:339:b95c:ae16:bfec:8a7f - - [30/Aug/2018:08:56:24 -0500] "GET /sureste/js/browser.js HTTP/1.1" 200 1419 www.mosproyectos.com.mx "https://www.mosproyectos.com.mx/sureste/tecnico/indeInicio.php" "Mozilla/5.0 (Linux; Android 6.0.1; SAMSUNG SM-G532M Build/MMB29T) AppleWebKit/537.36 (KHTML, like Gecko) SamsungBrowser/7.2 Chrome/59.0.3071.125 Mobile Safari/537.36" "-"
2806:10ae:b:339:b95c:ae16:bfec:8a7f - - [30/Aug/2018:08:56:24 -0500] "GET /sureste/js/menu.js HTTP/1.1" 200 3003 www.mosproyectos.com.mx "https://www.mosproyectos.com.mx/sureste/tecnico/indeInicio.php" "Mozilla/5.0 (Linux; Android 6.0.1; SAMSUNG SM-G532M Build/MMB29T) AppleWebKit/537.36 (KHTML, like Gecko) SamsungBrowser/7.2 Chrome/59.0.3071.125 Mobile Safari/537.36" "-"
2806:10ae:b:339:b95c:ae16:bfec:8a7f - - [30/Aug/2018:08:56:24 -0500] "GET /sureste/syspic/close.ico HTTP/1.1" 200 192323 www.mosproyectos.com.mx "https://www.mosproyectos.com.mx/sureste/tecnico/indeInicio.php" "Mozilla/5.0 (Linux; Android 6.0.1; SAMSUNG SM-G532M Build/MMB29T) AppleWebKit/537.36 (KHTML, like Gecko) SamsungBrowser/7.2 Chrome/59.0.3071.125 Mobile Safari/537.36" "-"
2806:10ae:b:339:b95c:ae16:bfec:8a7f - - [30/Aug/2018:08:56:30 -0500] "GET /sureste/tecnico/dataosuall.php HTTP/1.1" 200 22232 www.mosproyectos.com.mx "https://www.mosproyectos.com.mx/sureste/tecnico/indeInicio.php" "Mozilla/5.0 (Linux; Android 6.0.1; SAMSUNG SM-G532M Build/MMB29T) AppleWebKit/537.36 (KHTML, like Gecko) SamsungBrowser/7.2 Chrome/59.0.3071.125 Mobile Safari/537.36" "-"
187.190.158.84 - - [30/Aug/2018:08:57:33 -0500] "POST /tecnico/regDetalles.php HTTP/1.1" 200 184 www.mosproyectos.com.mx "https://www.mosproyectos.com.mx/tecnico/dataos.php" "Mozilla/5.0 (Linux; Android 6.0.1; XT1609 Build/MPIS24.241-2.35-1-17) AppleWebKit/537.36 (KHTML, like Gecko) Chrome/68.0.3440.91 Mobile Safari/537.36" "-"
187.190.158.84 - - [30/Aug/2018:08:57:52 -0500] "GET /tecnico/dataosuall.php HTTP/1.1" 200 13050 www.mosproyectos.com.mx "https://www.mosproyectos.com.mx/tecnico/regDetalles.php" "Mozilla/5.0 (Linux; Android 6.0.1; XT1609 Build/MPIS24.241-2.35-1-17) AppleWebKit/537.36 (KHTML, like Gecko) Chrome/68.0.3440.91 Mobile Safari/537.36" "-"
201.175.132.57 - - [30/Aug/2018:08:58:16 -0500] "GET /MOS%20Proyectos_files/all.css HTTP/1.1" 200 578214 www.mosproyectos.com.mx "https://www.mosproyectos.com.mx/" "Mozilla/5.0 (Linux; Android 7.0; SM-N920G Build/NRD90M) AppleWebKit/537.36 (KHTML, like Gecko) Chrome/68.0.3440.91 Mobile Safari/537.36" "-"
201.175.132.57 - - [30/Aug/2018:08:58:16 -0500] "GET /MOS%20Proyectos_files/mos.jpg HTTP/1.1" 200 510233 www.mosproyectos.com.mx "https://www.mosproyectos.com.mx/" "Mozilla/5.0 (Linux; Android 7.0; SM-N920G Build/NRD90M) AppleWebKit/537.36 (KHTML, like Gecko) Chrome/68.0.3440.91 Mobile Safari/537.36" "-"
201.175.132.57 - - [30/Aug/2018:08:58:16 -0500] "GET /MOS%20Proyectos_files/mos3.jpg HTTP/1.1" 200 447249 www.mosproyectos.com.mx "https://www.mosproyectos.com.mx/" "Mozilla/5.0 (Linux; Android 7.0; SM-N920G Build/NRD90M) AppleWebKit/537.36 (KHTML, like Gecko) Chrome/68.0.3440.91 Mobile Safari/537.36" "-"
201.175.132.57 - - [30/Aug/2018:08:58:16 -0500] "GET /MOS%20Proyectos_files/portadachoco.jpg HTTP/1.1" 200 501754 www.mosproyectos.com.mx "https://www.mosproyectos.com.mx/" "Mozilla/5.0 (Linux; Android 7.0; SM-N920G Build/NRD90M) AppleWebKit/537.36 (KHTML, like Gecko) Chrome/68.0.3440.91 Mobile Safari/537.36" "-"
201.175.132.57 - - [30/Aug/2018:08:58:16 -0500] "GET /MOS%20Proyectos_files/app.js.descarga HTTP/1.1" 200 3019656 www.mosproyectos.com.mx "https://www.mosproyectos.com.mx/" "Mozilla/5.0 (Linux; Android 7.0; SM-N920G Build/NRD90M) AppleWebKit/537.36 (KHTML, like Gecko) Chrome/68.0.3440.91 Mobile Safari/537.36" "-"
2806:10ae:b:339:b95c:ae16:bfec:8a7f - - [30/Aug/2018:08:58:17 -0500] "POST /sureste/tecnico/dataos.php HTTP/1.1" 200 24460 www.mosproyectos.com.mx "https://www.mosproyectos.com.mx/sureste/tecnico/dataosuall.php" "Mozilla/5.0 (Linux; Android 6.0.1; SAMSUNG SM-G532M Build/MMB29T) AppleWebKit/537.36 (KHTML, like Gecko) SamsungBrowser/7.2 Chrome/59.0.3071.125 Mobile Safari/537.36" "-"
2806:10ae:b:339:b95c:ae16:bfec:8a7f - - [30/Aug/2018:08:58:18 -0500] "GET /sureste/css/slider.css HTTP/1.1" 404 1364 www.mosproyectos.com.mx "https://www.mosproyectos.com.mx/sureste/tecnico/dataos.php" "Mozilla/5.0 (Linux; Android 6.0.1; SAMSUNG SM-G532M Build/MMB29T) AppleWebKit/537.36 (KHTML, like Gecko) SamsungBrowser/7.2 Chrome/59.0.3071.125 Mobile Safari/537.36" "-"
2806:10ae:b:339:b95c:ae16:bfec:8a7f - - [30/Aug/2018:08:58:18 -0500] "GET /sureste/js/jquery.min.js HTTP/1.1" 200 95933 www.mosproyectos.com.mx "https://www.mosproyectos.com.mx/sureste/tecnico/dataos.php" "Mozilla/5.0 (Linux; Android 6.0.1; SAMSUNG SM-G532M Build/MMB29T) AppleWebKit/537.36 (KHTML, like Gecko) SamsungBrowser/7.2 Chrome/59.0.3071.125 Mobile Safari/537.36" "-"
187.190.158.84 - - [30/Aug/2018:08:58:32 -0500] "POST /tecnico/dataos.php HTTP/1.1" 200 24079 www.mosproyectos.com.mx "https://www.mosproyectos.com.mx/tecnico/dataosuall.php" "Mozilla/5.0 (Linux; Android 6.0.1; XT1609 Build/MPIS24.241-2.35-1-17) AppleWebKit/537.36 (KHTML, like Gecko) Chrome/68.0.3440.91 Mobile Safari/537.36" "-"
187.190.158.84 - - [30/Aug/2018:08:58:32 -0500] "GET /css/slider.css HTTP/1.1" 404 1364 www.mosproyectos.com.mx "https://www.mosproyectos.com.mx/tecnico/dataos.php" "Mozilla/5.0 (Linux; Android 6.0.1; XT1609 Build/MPIS24.241-2.35-1-17) AppleWebKit/537.36 (KHTML, like Gecko) Chrome/68.0.3440.91 Mobile Safari/537.36" "-"
189.217.0.110 - - [30/Aug/2018:08:58:52 -0500] "POST /tecnico/upload.php HTTP/1.1" 200 816 www.mosproyectos.com.mx "https://www.mosproyectos.com.mx/tecnico/dataos.php" "Mozilla/5.0 (Linux; Android 7.1.1; ZTE BLADE A321 Build/NMF26F) AppleWebKit/537.36 (KHTML, like Gecko) Chrome/68.0.3440.91 Mobile Safari/537.36" "-"
189.217.0.110 - - [30/Aug/2018:08:58:58 -0500] "POST /tecnico/dataos.php HTTP/1.1" 200 39091 www.mosproyectos.com.mx "https://www.mosproyectos.com.mx/tecnico/upload.php" "Mozilla/5.0 (Linux; Android 7.1.1; ZTE BLADE A321 Build/NMF26F) AppleWebKit/537.36 (KHTML, like Gecko) Chrome/68.0.3440.91 Mobile Safari/537.36" "-"
189.217.0.110 - - [30/Aug/2018:08:58:59 -0500] "GET /css/slider.css HTTP/1.1" 404 1364 www.mosproyectos.com.mx "https://www.mosproyectos.com.mx/tecnico/dataos.php" "Mozilla/5.0 (Linux; Android 7.1.1; ZTE BLADE A321 Build/NMF26F) AppleWebKit/537.36 (KHTML, like Gecko) Chrome/68.0.3440.91 Mobile Safari/537.36" "-"
189.217.0.110 - - [30/Aug/2018:08:58:59 -0500] "GET /syspic/see.png HTTP/1.1" 200 10713 www.mosproyectos.com.mx "https://www.mosproyectos.com.mx/tecnico/dataos.php" "Mozilla/5.0 (Linux; Android 7.1.1; ZTE BLADE A321 Build/NMF26F) AppleWebKit/537.36 (KHTML, like Gecko) Chrome/68.0.3440.91 Mobile Safari/537.36" "-"
189.217.0.110 - - [30/Aug/2018:08:58:59 -0500] "GET /logout.php HTTP/1.1" 302 - www.mosproyectos.com.mx "https://www.mosproyectos.com.mx/tecnico/dataos.php" "Mozilla/5.0 (Linux; Android 7.1.1; ZTE BLADE A321 Build/NMF26F) AppleWebKit/537.36 (KHTML, like Gecko) Chrome/68.0.3440.91 Mobile Safari/537.36" "-"
189.217.0.110 - - [30/Aug/2018:08:59:21 -0500] "POST /login.php HTTP/1.1" 302 155 www.mosproyectos.com.mx "https://www.mosproyectos.com.mx/login.html" "Mozilla/5.0 (Linux; Android 7.1.1; ZTE BLADE A321 Build/NMF26F) AppleWebKit/537.36 (KHTML, like Gecko) Chrome/68.0.3440.91 Mobile Safari/537.36" "-"
189.217.0.110 - - [30/Aug/2018:08:59:21 -0500] "GET /tecnico/inde.php HTTP/1.1" 302 1429 www.mosproyectos.com.mx "https://www.mosproyectos.com.mx/login.html" "Mozilla/5.0 (Linux; Android 7.1.1; ZTE BLADE A321 Build/NMF26F) AppleWebKit/537.36 (KHTML, like Gecko) Chrome/68.0.3440.91 Mobile Safari/537.36" "-"
189.217.0.110 - - [30/Aug/2018:08:59:22 -0500] "GET /tecnico/indeInicio.php HTTP/1.1" 200 9469 www.mosproyectos.com.mx "https://www.mosproyectos.com.mx/login.html" "Mozilla/5.0 (Linux; Android 7.1.1; ZTE BLADE A321 Build/NMF26F) AppleWebKit/537.36 (KHTML, like Gecko) Chrome/68.0.3440.91 Mobile Safari/537.36" "-"
189.217.0.110 - - [30/Aug/2018:08:59:22 -0500] "GET /css/slider.css HTTP/1.1" 404 1364 www.mosproyectos.com.mx "https://www.mosproyectos.com.mx/tecnico/indeInicio.php" "Mozilla/5.0 (Linux; Android 7.1.1; ZTE BLADE A321 Build/NMF26F) AppleWebKit/537.36 (KHTML, like Gecko) Chrome/68.0.3440.91 Mobile Safari/537.36" "-"
189.217.0.110 - - [30/Aug/2018:08:59:27 -0500] "GET /tecnico/dataosuall.php HTTP/1.1" 200 13103 www.mosproyectos.com.mx "https://www.mosproyectos.com.mx/tecnico/indeInicio.php" "Mozilla/5.0 (Linux; Android 7.1.1; ZTE BLADE A321 Build/NMF26F) AppleWebKit/537.36 (KHTML, like Gecko) Chrome/68.0.3440.91 Mobile Safari/537.36" "-"
66.249.88.32 - - [30/Aug/2018:08:59:55 -0500] "GET /login.html HTTP/1.1" 302 226 mosproyectos.com.mx "-" "Mozilla/5.0 (Linux; Android 7.0; SM-N920G Build/NRD90M) AppleWebKit/537.36 (KHTML, like Gecko) Chrome/68.0.3440.91 Mobile Safari/537.36" "-"
201.175.132.57 - - [30/Aug/2018:08:59:56 -0500] "GET /login.html HTTP/1.1" 200 2216 www.mosproyectos.com.mx "-" "Mozilla/5.0 (Linux; Android 7.0; SM-N920G Build/NRD90M) AppleWebKit/537.36 (KHTML, like Gecko) Chrome/68.0.3440.91 Mobile Safari/537.36" "-"
201.175.132.57 - - [30/Aug/2018:08:59:56 -0500] "GET /css/bootstrap.css HTTP/1.1" 200 152923 www.mosproyectos.com.mx "https://www.mosproyectos.com.mx/login.html" "Mozilla/5.0 (Linux; Android 7.0; SM-N920G Build/NRD90M) AppleWebKit/537.36 (KHTML, like Gecko) Chrome/68.0.3440.91 Mobile Safari/537.36" "-"
201.175.132.57 - - [30/Aug/2018:08:59:56 -0500] "GET /syspic/logo.png HTTP/1.1" 200 11238 www.mosproyectos.com.mx "https://www.mosproyectos.com.mx/login.html" "Mozilla/5.0 (Linux; Android 7.0; SM-N920G Build/NRD90M) AppleWebKit/537.36 (KHTML, like Gecko) Chrome/68.0.3440.91 Mobile Safari/537.36" "-"
201.175.132.57 - - [30/Aug/2018:08:59:56 -0500] "GET /fonts/glyphicons-halflings-regular.woff2 HTTP/1.1" 200 18028 www.mosproyectos.com.mx "https://www.mosproyectos.com.mx/css/bootstrap.css" "Mozilla/5.0 (Linux; Android 7.0; SM-N920G Build/NRD90M) AppleWebKit/537.36 (KHTML, like Gecko) Chrome/68.0.3440.91 Mobile Safari/537.36" "-"
201.175.132.57 - - [30/Aug/2018:08:59:56 -0500] "GET /syspic/favicon.png HTTP/1.1" 200 32846 www.mosproyectos.com.mx "https://www.mosproyectos.com.mx/login.html" "Mozilla/5.0 (Linux; Android 7.0; SM-N920G Build/NRD90M) AppleWebKit/537.36 (KHTML, like Gecko) Chrome/68.0.3440.91 Mobile Safari/537.36" "-"
189.217.0.110 - - [30/Aug/2018:09:00:00 -0500] "POST /tecnico/dataos.php HTTP/1.1" 200 40401 www.mosproyectos.com.mx "https://www.mosproyectos.com.mx/tecnico/dataosuall.php" "Mozilla/5.0 (Linux; Android 7.1.1; ZTE BLADE A321 Build/NMF26F) AppleWebKit/537.36 (KHTML, like Gecko) Chrome/68.0.3440.91 Mobile Safari/537.36" "-"
189.217.0.110 - - [30/Aug/2018:09:00:01 -0500] "GET /css/slider.css HTTP/1.1" 404 1364 www.mosproyectos.com.mx "https://www.mosproyectos.com.mx/tecnico/dataos.php" "Mozilla/5.0 (Linux; Android 7.1.1; ZTE BLADE A321 Build/NMF26F) AppleWebKit/537.36 (KHTML, like Gecko) Chrome/68.0.3440.91 Mobile Safari/537.36" "-"
66.249.88.63 - - [30/Aug/2018:09:00:59 -0500] "GET /login.html HTTP/1.1" 302 226 mosproyectos.com.mx "-" "Mozilla/5.0 (Linux; Android 7.0; SM-N920G Build/NRD90M) AppleWebKit/537.36 (KHTML, like Gecko) Chrome/68.0.3440.91 Mobile Safari/537.36" "-"
200.68.137.175 - - [30/Aug/2018:09:02:59 -0500] "POST /sureste/tecnico/dataos.php HTTP/1.1" 200 24436 www.mosproyectos.com.mx "https://www.mosproyectos.com.mx/sureste/tecnico/dataosuall.php" "Mozilla/5.0 (Linux; Android 7.0; Moto G (5) Plus Build/NPNS25.137-92-14) AppleWebKit/537.36 (KHTML, like Gecko) Chrome/55.0.2883.91 Mobile Safari/537.36" "-"
200.68.137.175 - - [30/Aug/2018:09:03:00 -0500] "GET /sureste/css/slider.css HTTP/1.1" 404 1364 www.mosproyectos.com.mx "https://www.mosproyectos.com.mx/sureste/tecnico/dataos.php" "Mozilla/5.0 (Linux; Android 7.0; Moto G (5) Plus Build/NPNS25.137-92-14) AppleWebKit/537.36 (KHTML, like Gecko) Chrome/55.0.2883.91 Mobile Safari/537.36" "-"
2806:10ae:b:339:b95c:ae16:bfec:8a7f - - [30/Aug/2018:09:03:10 -0500] "POST /sureste/tecnico/upload.php HTTP/1.1" 200 644 www.mosproyectos.com.mx "https://www.mosproyectos.com.mx/sureste/tecnico/dataos.php" "Mozilla/5.0 (Linux; Android 6.0.1; SAMSUNG SM-G532M Build/MMB29T) AppleWebKit/537.36 (KHTML, like Gecko) SamsungBrowser/7.2 Chrome/59.0.3071.125 Mobile Safari/537.36" "-"
2806:10ae:b:339:b95c:ae16:bfec:8a7f - - [30/Aug/2018:09:03:13 -0500] "GET /favicon.ico HTTP/1.1" 404 1364 www.mosproyectos.com.mx "https://www.mosproyectos.com.mx/sureste/tecnico/upload.php" "Mozilla/5.0 (Linux; Android 6.0.1; SAMSUNG SM-G532M Build/MMB29T) AppleWebKit/537.36 (KHTML, like Gecko) SamsungBrowser/7.2 Chrome/59.0.3071.125 Mobile Safari/537.36" "-"
2806:10ae:b:339:b95c:ae16:bfec:8a7f - - [30/Aug/2018:09:03:13 -0500] "POST /sureste/tecnico/dataos.php HTTP/1.1" 200 28769 www.mosproyectos.com.mx "https://www.mosproyectos.com.mx/sureste/tecnico/upload.php" "Mozilla/5.0 (Linux; Android 6.0.1; SAMSUNG SM-G532M Build/MMB29T) AppleWebKit/537.36 (KHTML, like Gecko) SamsungBrowser/7.2 Chrome/59.0.3071.125 Mobile Safari/537.36" "-"
2806:10ae:b:339:b95c:ae16:bfec:8a7f - - [30/Aug/2018:09:03:13 -0500] "GET /sureste/css/slider.css HTTP/1.1" 404 1364 www.mosproyectos.com.mx "https://www.mosproyectos.com.mx/sureste/tecnico/dataos.php" "Mozilla/5.0 (Linux; Android 6.0.1; SAMSUNG SM-G532M Build/MMB29T) AppleWebKit/537.36 (KHTML, like Gecko) SamsungBrowser/7.2 Chrome/59.0.3071.125 Mobile Safari/537.36" "-"
200.68.137.175 - - [30/Aug/2018:09:03:13 -0500] "POST /sureste/tecnico/upload.php HTTP/1.1" 200 316 www.mosproyectos.com.mx "https://www.mosproyectos.com.mx/sureste/tecnico/dataos.php" "Mozilla/5.0 (Linux; Android 7.0; Moto G (5) Plus Build/NPNS25.137-92-14) AppleWebKit/537.36 (KHTML, like Gecko) Chrome/55.0.2883.91 Mobile Safari/537.36" "-"
200.68.137.175 - - [30/Aug/2018:09:03:15 -0500] "POST /sureste/tecnico/dataos.php HTTP/1.1" 200 24405 www.mosproyectos.com.mx "https://www.mosproyectos.com.mx/sureste/tecnico/upload.php" "Mozilla/5.0 (Linux; Android 7.0; Moto G (5) Plus Build/NPNS25.137-92-14) AppleWebKit/537.36 (KHTML, like Gecko) Chrome/55.0.2883.91 Mobile Safari/537.36" "-"
200.68.137.175 - - [30/Aug/2018:09:03:15 -0500] "GET /sureste/css/slider.css HTTP/1.1" 404 1364 www.mosproyectos.com.mx "https://www.mosproyectos.com.mx/sureste/tecnico/dataos.php" "Mozilla/5.0 (Linux; Android 7.0; Moto G (5) Plus Build/NPNS25.137-92-14) AppleWebKit/537.36 (KHTML, like Gecko) Chrome/55.0.2883.91 Mobile Safari/537.36" "-"
189.217.0.110 - - [30/Aug/2018:09:03:19 -0500] "POST /tecnico/regDetalles.php HTTP/1.1" 200 184 www.mosproyectos.com.mx "https://www.mosproyectos.com.mx/tecnico/dataos.php" "Mozilla/5.0 (Linux; Android 7.1.1; ZTE BLADE A321 Build/NMF26F) AppleWebKit/537.36 (KHTML, like Gecko) Chrome/68.0.3440.91 Mobile Safari/537.36" "-"
189.217.0.110 - - [30/Aug/2018:09:03:22 -0500] "GET /tecnico/dataosuall.php HTTP/1.1" 200 12382 www.mosproyectos.com.mx "https://www.mosproyectos.com.mx/tecnico/regDetalles.php" "Mozilla/5.0 (Linux; Android 7.1.1; ZTE BLADE A321 Build/NMF26F) AppleWebKit/537.36 (KHTML, like Gecko) Chrome/68.0.3440.91 Mobile Safari/537.36" "-"
200.68.137.175 - - [30/Aug/2018:09:03:23 -0500] "POST /sureste/tecnico/upload.php HTTP/1.1" 200 316 www.mosproyectos.com.mx "https://www.mosproyectos.com.mx/sureste/tecnico/dataos.php" "Mozilla/5.0 (Linux; Android 7.0; Moto G (5) Plus Build/NPNS25.137-92-14) AppleWebKit/537.36 (KHTML, like Gecko) Chrome/55.0.2883.91 Mobile Safari/537.36" "-"
200.68.137.175 - - [30/Aug/2018:09:03:24 -0500] "POST /sureste/tecnico/dataos.php HTTP/1.1" 200 27809 www.mosproyectos.com.mx "https://www.mosproyectos.com.mx/sureste/tecnico/upload.php" "Mozilla/5.0 (Linux; Android 7.0; Moto G (5) Plus Build/NPNS25.137-92-14) AppleWebKit/537.36 (KHTML, like Gecko) Chrome/55.0.2883.91 Mobile Safari/537.36" "-"
200.68.137.175 - - [30/Aug/2018:09:03:24 -0500] "GET /sureste/css/slider.css HTTP/1.1" 404 1364 www.mosproyectos.com.mx "https://www.mosproyectos.com.mx/sureste/tecnico/dataos.php" "Mozilla/5.0 (Linux; Android 7.0; Moto G (5) Plus Build/NPNS25.137-92-14) AppleWebKit/537.36 (KHTML, like Gecko) Chrome/55.0.2883.91 Mobile Safari/537.36" "-"
200.68.137.175 - - [30/Aug/2018:09:03:43 -0500] "POST /sureste/tecnico/upload.php HTTP/1.1" 200 316 www.mosproyectos.com.mx "https://www.mosproyectos.com.mx/sureste/tecnico/dataos.php" "Mozilla/5.0 (Linux; Android 7.0; Moto G (5) Plus Build/NPNS25.137-92-14) AppleWebKit/537.36 (KHTML, like Gecko) Chrome/55.0.2883.91 Mobile Safari/537.36" "-"
200.68.137.175 - - [30/Aug/2018:09:03:44 -0500] "POST /sureste/tecnico/dataos.php HTTP/1.1" 200 28121 www.mosproyectos.com.mx "https://www.mosproyectos.com.mx/sureste/tecnico/upload.php" "Mozilla/5.0 (Linux; Android 7.0; Moto G (5) Plus Build/NPNS25.137-92-14) AppleWebKit/537.36 (KHTML, like Gecko) Chrome/55.0.2883.91 Mobile Safari/537.36" "-"
200.68.137.175 - - [30/Aug/2018:09:03:45 -0500] "GET /sureste/css/slider.css HTTP/1.1" 404 1364 www.mosproyectos.com.mx "https://www.mosproyectos.com.mx/sureste/tecnico/dataos.php" "Mozilla/5.0 (Linux; Android 7.0; Moto G (5) Plus Build/NPNS25.137-92-14) AppleWebKit/537.36 (KHTML, like Gecko) Chrome/55.0.2883.91 Mobile Safari/537.36" "-"
200.68.137.175 - - [30/Aug/2018:09:03:55 -0500] "POST /sureste/tecnico/upload.php HTTP/1.1" 200 316 www.mosproyectos.com.mx "https://www.mosproyectos.com.mx/sureste/tecnico/dataos.php" "Mozilla/5.0 (Linux; Android 7.0; Moto G (5) Plus Build/NPNS25.137-92-14) AppleWebKit/537.36 (KHTML, like Gecko) Chrome/55.0.2883.91 Mobile Safari/537.36" "-"
200.68.137.175 - - [30/Aug/2018:09:03:56 -0500] "POST /sureste/tecnico/dataos.php HTTP/1.1" 200 28433 www.mosproyectos.com.mx "https://www.mosproyectos.com.mx/sureste/tecnico/upload.php" "Mozilla/5.0 (Linux; Android 7.0; Moto G (5) Plus Build/NPNS25.137-92-14) AppleWebKit/537.36 (KHTML, like Gecko) Chrome/55.0.2883.91 Mobile Safari/537.36" "-"
200.68.137.175 - - [30/Aug/2018:09:03:56 -0500] "GET /sureste/css/slider.css HTTP/1.1" 404 1364 www.mosproyectos.com.mx "https://www.mosproyectos.com.mx/sureste/tecnico/dataos.php" "Mozilla/5.0 (Linux; Android 7.0; Moto G (5) Plus Build/NPNS25.137-92-14) AppleWebKit/537.36 (KHTML, like Gecko) Chrome/55.0.2883.91 Mobile Safari/537.36" "-"
200.68.137.175 - - [30/Aug/2018:09:04:11 -0500] "POST /sureste/tecnico/upload.php HTTP/1.1" 200 316 www.mosproyectos.com.mx "https://www.mosproyectos.com.mx/sureste/tecnico/dataos.php" "Mozilla/5.0 (Linux; Android 7.0; Moto G (5) Plus Build/NPNS25.137-92-14) AppleWebKit/537.36 (KHTML, like Gecko) Chrome/55.0.2883.91 Mobile Safari/537.36" "-"
200.68.137.175 - - [30/Aug/2018:09:04:12 -0500] "POST /sureste/tecnico/dataos.php HTTP/1.1" 200 28745 www.mosproyectos.com.mx "https://www.mosproyectos.com.mx/sureste/tecnico/upload.php" "Mozilla/5.0 (Linux; Android 7.0; Moto G (5) Plus Build/NPNS25.137-92-14) AppleWebKit/537.36 (KHTML, like Gecko) Chrome/55.0.2883.91 Mobile Safari/537.36" "-"
200.68.137.175 - - [30/Aug/2018:09:04:13 -0500] "GET /sureste/css/slider.css HTTP/1.1" 404 1364 www.mosproyectos.com.mx "https://www.mosproyectos.com.mx/sureste/tecnico/dataos.php" "Mozilla/5.0 (Linux; Android 7.0; Moto G (5) Plus Build/NPNS25.137-92-14) AppleWebKit/537.36 (KHTML, like Gecko) Chrome/55.0.2883.91 Mobile Safari/537.36" "-"
200.68.137.175 - - [30/Aug/2018:09:04:24 -0500] "POST /sureste/tecnico/upload.php HTTP/1.1" 200 316 www.mosproyectos.com.mx "https://www.mosproyectos.com.mx/sureste/tecnico/dataos.php" "Mozilla/5.0 (Linux; Android 7.0; Moto G (5) Plus Build/NPNS25.137-92-14) AppleWebKit/537.36 (KHTML, like Gecko) Chrome/55.0.2883.91 Mobile Safari/537.36" "-"
200.68.137.175 - - [30/Aug/2018:09:04:25 -0500] "POST /sureste/tecnico/dataos.php HTTP/1.1" 200 29057 www.mosproyectos.com.mx "https://www.mosproyectos.com.mx/sureste/tecnico/upload.php" "Mozilla/5.0 (Linux; Android 7.0; Moto G (5) Plus Build/NPNS25.137-92-14) AppleWebKit/537.36 (KHTML, like Gecko) Chrome/55.0.2883.91 Mobile Safari/537.36" "-"
200.68.137.175 - - [30/Aug/2018:09:04:25 -0500] "GET /sureste/css/slider.css HTTP/1.1" 404 1364 www.mosproyectos.com.mx "https://www.mosproyectos.com.mx/sureste/tecnico/dataos.php" "Mozilla/5.0 (Linux; Android 7.0; Moto G (5) Plus Build/NPNS25.137-92-14) AppleWebKit/537.36 (KHTML, like Gecko) Chrome/55.0.2883.91 Mobile Safari/537.36" "-"
200.68.137.175 - - [30/Aug/2018:09:04:43 -0500] "POST /sureste/tecnico/upload.php HTTP/1.1" 200 316 www.mosproyectos.com.mx "https://www.mosproyectos.com.mx/sureste/tecnico/dataos.php" "Mozilla/5.0 (Linux; Android 7.0; Moto G (5) Plus Build/NPNS25.137-92-14) AppleWebKit/537.36 (KHTML, like Gecko) Chrome/55.0.2883.91 Mobile Safari/537.36" "-"
200.68.137.175 - - [30/Aug/2018:09:04:51 -0500] "POST /sureste/tecnico/dataos.php HTTP/1.1" 200 29369 www.mosproyectos.com.mx "https://www.mosproyectos.com.mx/sureste/tecnico/upload.php" "Mozilla/5.0 (Linux; Android 7.0; Moto G (5) Plus Build/NPNS25.137-92-14) AppleWebKit/537.36 (KHTML, like Gecko) Chrome/55.0.2883.91 Mobile Safari/537.36" "-"
200.68.137.175 - - [30/Aug/2018:09:04:52 -0500] "GET /sureste/css/slider.css HTTP/1.1" 404 1364 www.mosproyectos.com.mx "https://www.mosproyectos.com.mx/sureste/tecnico/dataos.php" "Mozilla/5.0 (Linux; Android 7.0; Moto G (5) Plus Build/NPNS25.137-92-14) AppleWebKit/537.36 (KHTML, like Gecko) Chrome/55.0.2883.91 Mobile Safari/537.36" "-"
200.68.137.175 - - [30/Aug/2018:09:04:59 -0500] "POST /sureste/tecnico/upload.php HTTP/1.1" 200 316 www.mosproyectos.com.mx "https://www.mosproyectos.com.mx/sureste/tecnico/dataos.php" "Mozilla/5.0 (Linux; Android 7.0; Moto G (5) Plus Build/NPNS25.137-92-14) AppleWebKit/537.36 (KHTML, like Gecko) Chrome/55.0.2883.91 Mobile Safari/537.36" "-"
200.68.137.175 - - [30/Aug/2018:09:05:01 -0500] "POST /sureste/tecnico/dataos.php HTTP/1.1" 200 40956 www.mosproyectos.com.mx "https://www.mosproyectos.com.mx/sureste/tecnico/upload.php" "Mozilla/5.0 (Linux; Android 7.0; Moto G (5) Plus Build/NPNS25.137-92-14) AppleWebKit/537.36 (KHTML, like Gecko) Chrome/55.0.2883.91 Mobile Safari/537.36" "-"
200.68.137.175 - - [30/Aug/2018:09:05:01 -0500] "GET /sureste/css/slider.css HTTP/1.1" 404 1364 www.mosproyectos.com.mx "https://www.mosproyectos.com.mx/sureste/tecnico/dataos.php" "Mozilla/5.0 (Linux; Android 7.0; Moto G (5) Plus Build/NPNS25.137-92-14) AppleWebKit/537.36 (KHTML, like Gecko) Chrome/55.0.2883.91 Mobile Safari/537.36" "-"
2806:10ae:b:339:b95c:ae16:bfec:8a7f - - [30/Aug/2018:09:06:01 -0500] "POST /sureste/tecnico/upload.php HTTP/1.1" 200 562 www.mosproyectos.com.mx "https://www.mosproyectos.com.mx/sureste/tecnico/dataos.php" "Mozilla/5.0 (Linux; Android 6.0.1; SAMSUNG SM-G532M Build/MMB29T) AppleWebKit/537.36 (KHTML, like Gecko) SamsungBrowser/7.2 Chrome/59.0.3071.125 Mobile Safari/537.36" "-"
189.217.0.110 - - [30/Aug/2018:09:06:01 -0500] "POST /tecnico/dataos.php HTTP/1.1" 200 24085 www.mosproyectos.com.mx "https://www.mosproyectos.com.mx/tecnico/dataosuall.php" "Mozilla/5.0 (Linux; Android 7.1.1; ZTE BLADE A321 Build/NMF26F) AppleWebKit/537.36 (KHTML, like Gecko) Chrome/68.0.3440.91 Mobile Safari/537.36" "-"
189.217.0.110 - - [30/Aug/2018:09:06:02 -0500] "GET /css/slider.css HTTP/1.1" 404 1364 www.mosproyectos.com.mx "https://www.mosproyectos.com.mx/tecnico/dataos.php" "Mozilla/5.0 (Linux; Android 7.1.1; ZTE BLADE A321 Build/NMF26F) AppleWebKit/537.36 (KHTML, like Gecko) Chrome/68.0.3440.91 Mobile Safari/537.36" "-"
200.68.137.175 - - [30/Aug/2018:09:07:01 -0500] "POST /sureste/tecnico/regDetalles.php HTTP/1.1" 200 184 www.mosproyectos.com.mx "https://www.mosproyectos.com.mx/sureste/tecnico/dataos.php" "Mozilla/5.0 (Linux; Android 7.0; Moto G (5) Plus Build/NPNS25.137-92-14) AppleWebKit/537.36 (KHTML, like Gecko) Chrome/55.0.2883.91 Mobile Safari/537.36" "-"
200.68.137.175 - - [30/Aug/2018:09:07:02 -0500] "GET /sureste/tecnico/dataosuall.php HTTP/1.1" 200 24320 www.mosproyectos.com.mx "https://www.mosproyectos.com.mx/sureste/tecnico/regDetalles.php" "Mozilla/5.0 (Linux; Android 7.0; Moto G (5) Plus Build/NPNS25.137-92-14) AppleWebKit/537.36 (KHTML, like Gecko) Chrome/55.0.2883.91 Mobile Safari/537.36" "-"
200.68.137.175 - - [30/Aug/2018:09:07:10 -0500] "GET /sureste/logout.php HTTP/1.1" 302 - www.mosproyectos.com.mx "https://www.mosproyectos.com.mx/sureste/tecnico/dataosuall.php" "Mozilla/5.0 (Linux; Android 7.0; Moto G (5) Plus Build/NPNS25.137-92-14) AppleWebKit/537.36 (KHTML, like Gecko) Chrome/55.0.2883.91 Mobile Safari/537.36" "-"
200.68.137.175 - - [30/Aug/2018:09:07:11 -0500] "GET /sureste/css/slider.css HTTP/1.1" 404 1364 www.mosproyectos.com.mx "https://www.mosproyectos.com.mx/sureste/index.html" "Mozilla/5.0 (Linux; Android 7.0; Moto G (5) Plus Build/NPNS25.137-92-14) AppleWebKit/537.36 (KHTML, like Gecko) Chrome/55.0.2883.91 Mobile Safari/537.36" "-"
2806:10ae:b:339:b95c:ae16:bfec:8a7f - - [30/Aug/2018:09:07:15 -0500] "POST /sureste/tecnico/dataos.php HTTP/1.1" 200 41623 www.mosproyectos.com.mx "https://www.mosproyectos.com.mx/sureste/tecnico/upload.php" "Mozilla/5.0 (Linux; Android 6.0.1; SAMSUNG SM-G532M Build/MMB29T) AppleWebKit/537.36 (KHTML, like Gecko) SamsungBrowser/7.2 Chrome/59.0.3071.125 Mobile Safari/537.36" "-"
2806:10ae:b:339:b95c:ae16:bfec:8a7f - - [30/Aug/2018:09:07:15 -0500] "GET /sureste/css/slider.css HTTP/1.1" 404 1364 www.mosproyectos.com.mx "https://www.mosproyectos.com.mx/sureste/tecnico/dataos.php" "Mozilla/5.0 (Linux; Android 6.0.1; SAMSUNG SM-G532M Build/MMB29T) AppleWebKit/537.36 (KHTML, like Gecko) SamsungBrowser/7.2 Chrome/59.0.3071.125 Mobile Safari/537.36" "-"
2806:10ae:b:339:b95c:ae16:bfec:8a7f - - [30/Aug/2018:09:07:15 -0500] "GET /sureste/syspic/see.png HTTP/1.1" 200 10713 www.mosproyectos.com.mx "https://www.mosproyectos.com.mx/sureste/tecnico/dataos.php" "Mozilla/5.0 (Linux; Android 6.0.1; SAMSUNG SM-G532M Build/MMB29T) AppleWebKit/537.36 (KHTML, like Gecko) SamsungBrowser/7.2 Chrome/59.0.3071.125 Mobile Safari/537.36" "-"
187.190.158.84 - - [30/Aug/2018:09:08:29 -0500] "POST /tecnico/upload.php HTTP/1.1" 200 816 www.mosproyectos.com.mx "https://www.mosproyectos.com.mx/tecnico/dataos.php" "Mozilla/5.0 (Linux; Android 6.0.1; XT1609 Build/MPIS24.241-2.35-1-17) AppleWebKit/537.36 (KHTML, like Gecko) Chrome/68.0.3440.91 Mobile Safari/537.36" "-"
187.190.158.84 - - [30/Aug/2018:09:08:59 -0500] "POST /tecnico/dataos.php HTTP/1.1" 200 40389 www.mosproyectos.com.mx "https://www.mosproyectos.com.mx/tecnico/upload.php" "Mozilla/5.0 (Linux; Android 6.0.1; XT1609 Build/MPIS24.241-2.35-1-17) AppleWebKit/537.36 (KHTML, like Gecko) Chrome/68.0.3440.91 Mobile Safari/537.36" "-"
187.190.158.84 - - [30/Aug/2018:09:09:00 -0500] "GET /css/slider.css HTTP/1.1" 404 1364 www.mosproyectos.com.mx "https://www.mosproyectos.com.mx/tecnico/dataos.php" "Mozilla/5.0 (Linux; Android 6.0.1; XT1609 Build/MPIS24.241-2.35-1-17) AppleWebKit/537.36 (KHTML, like Gecko) Chrome/68.0.3440.91 Mobile Safari/537.36" "-"
189.217.0.110 - - [30/Aug/2018:09:09:29 -0500] "POST /tecnico/upload.php HTTP/1.1" 200 816 www.mosproyectos.com.mx "https://www.mosproyectos.com.mx/tecnico/dataos.php" "Mozilla/5.0 (Linux; Android 7.1.1; ZTE BLADE A321 Build/NMF26F) AppleWebKit/537.36 (KHTML, like Gecko) Chrome/68.0.3440.91 Mobile Safari/537.36" "-"
189.217.0.110 - - [30/Aug/2018:09:09:34 -0500] "POST /tecnico/dataos.php HTTP/1.1" 200 39085 www.mosproyectos.com.mx "https://www.mosproyectos.com.mx/tecnico/upload.php" "Mozilla/5.0 (Linux; Android 7.1.1; ZTE BLADE A321 Build/NMF26F) AppleWebKit/537.36 (KHTML, like Gecko) Chrome/68.0.3440.91 Mobile Safari/537.36" "-"
189.217.0.110 - - [30/Aug/2018:09:09:34 -0500] "GET /css/slider.css HTTP/1.1" 404 1364 www.mosproyectos.com.mx "https://www.mosproyectos.com.mx/tecnico/dataos.php" "Mozilla/5.0 (Linux; Android 7.1.1; ZTE BLADE A321 Build/NMF26F) AppleWebKit/537.36 (KHTML, like Gecko) Chrome/68.0.3440.91 Mobile Safari/537.36" "-"
189.217.0.110 - - [30/Aug/2018:09:09:35 -0500] "GET /logout.php HTTP/1.1" 302 - www.mosproyectos.com.mx "https://www.mosproyectos.com.mx/tecnico/dataos.php" "Mozilla/5.0 (Linux; Android 7.1.1; ZTE BLADE A321 Build/NMF26F) AppleWebKit/537.36 (KHTML, like Gecko) Chrome/68.0.3440.91 Mobile Safari/537.36" "-"
2806:10ae:b:339:b95c:ae16:bfec:8a7f - - [30/Aug/2018:09:09:35 -0500] "POST /sureste/tecnico/regDetalles.php HTTP/1.1" 200 184 www.mosproyectos.com.mx "https://www.mosproyectos.com.mx/sureste/tecnico/dataos.php" "Mozilla/5.0 (Linux; Android 6.0.1; SAMSUNG SM-G532M Build/MMB29T) AppleWebKit/537.36 (KHTML, like Gecko) SamsungBrowser/7.2 Chrome/59.0.3071.125 Mobile Safari/537.36" "-"
2806:10ae:b:339:b95c:ae16:bfec:8a7f - - [30/Aug/2018:09:09:43 -0500] "GET /sureste/tecnico/dataosuall.php HTTP/1.1" 200 21522 www.mosproyectos.com.mx "https://www.mosproyectos.com.mx/sureste/tecnico/regDetalles.php" "Mozilla/5.0 (Linux; Android 6.0.1; SAMSUNG SM-G532M Build/MMB29T) AppleWebKit/537.36 (KHTML, like Gecko) SamsungBrowser/7.2 Chrome/59.0.3071.125 Mobile Safari/537.36" "-"
189.217.0.110 - - [30/Aug/2018:09:09:47 -0500] "POST /login.php HTTP/1.1" 302 155 www.mosproyectos.com.mx "https://www.mosproyectos.com.mx/login.html" "Mozilla/5.0 (Linux; Android 7.1.1; ZTE BLADE A321 Build/NMF26F) AppleWebKit/537.36 (KHTML, like Gecko) Chrome/68.0.3440.91 Mobile Safari/537.36" "-"
189.217.0.110 - - [30/Aug/2018:09:09:47 -0500] "GET /tecnico/inde.php HTTP/1.1" 302 1429 www.mosproyectos.com.mx "https://www.mosproyectos.com.mx/login.html" "Mozilla/5.0 (Linux; Android 7.1.1; ZTE BLADE A321 Build/NMF26F) AppleWebKit/537.36 (KHTML, like Gecko) Chrome/68.0.3440.91 Mobile Safari/537.36" "-"
189.217.0.110 - - [30/Aug/2018:09:09:47 -0500] "GET /tecnico/indeInicio.php HTTP/1.1" 200 9468 www.mosproyectos.com.mx "https://www.mosproyectos.com.mx/login.html" "Mozilla/5.0 (Linux; Android 7.1.1; ZTE BLADE A321 Build/NMF26F) AppleWebKit/537.36 (KHTML, like Gecko) Chrome/68.0.3440.91 Mobile Safari/537.36" "-"
189.217.0.110 - - [30/Aug/2018:09:09:48 -0500] "GET /css/slider.css HTTP/1.1" 404 1364 www.mosproyectos.com.mx "https://www.mosproyectos.com.mx/tecnico/indeInicio.php" "Mozilla/5.0 (Linux; Android 7.1.1; ZTE BLADE A321 Build/NMF26F) AppleWebKit/537.36 (KHTML, like Gecko) Chrome/68.0.3440.91 Mobile Safari/537.36" "-"
189.217.0.110 - - [30/Aug/2018:09:09:52 -0500] "GET /tecnico/dataosuall.php HTTP/1.1" 200 12382 www.mosproyectos.com.mx "https://www.mosproyectos.com.mx/tecnico/indeInicio.php" "Mozilla/5.0 (Linux; Android 7.1.1; ZTE BLADE A321 Build/NMF26F) AppleWebKit/537.36 (KHTML, like Gecko) Chrome/68.0.3440.91 Mobile Safari/537.36" "-"
189.217.0.110 - - [30/Aug/2018:09:10:07 -0500] "POST /tecnico/dataos.php HTTP/1.1" 200 40395 www.mosproyectos.com.mx "https://www.mosproyectos.com.mx/tecnico/dataosuall.php" "Mozilla/5.0 (Linux; Android 7.1.1; ZTE BLADE A321 Build/NMF26F) AppleWebKit/537.36 (KHTML, like Gecko) Chrome/68.0.3440.91 Mobile Safari/537.36" "-"
189.217.0.110 - - [30/Aug/2018:09:10:08 -0500] "GET /css/slider.css HTTP/1.1" 404 1364 www.mosproyectos.com.mx "https://www.mosproyectos.com.mx/tecnico/dataos.php" "Mozilla/5.0 (Linux; Android 7.1.1; ZTE BLADE A321 Build/NMF26F) AppleWebKit/537.36 (KHTML, like Gecko) Chrome/68.0.3440.91 Mobile Safari/537.36" "-"
187.151.220.124 - - [30/Aug/2018:09:10:10 -0500] "GET / HTTP/1.1" 200 30914 www.mosproyectos.com.mx "https://www.google.com.mx/" "Mozilla/5.0 (X11; Linux x86_64) AppleWebKit/537.36 (KHTML, like Gecko) Chrome/67.0.3396.99 Safari/537.36" "-"
187.151.220.124 - - [30/Aug/2018:09:10:10 -0500] "GET /MOS%20Proyectos_files/all.css HTTP/1.1" 200 578214 www.mosproyectos.com.mx "https://www.mosproyectos.com.mx/" "Mozilla/5.0 (X11; Linux x86_64) AppleWebKit/537.36 (KHTML, like Gecko) Chrome/67.0.3396.99 Safari/537.36" "-"
187.151.220.124 - - [30/Aug/2018:09:10:10 -0500] "GET /MOS%20Proyectos_files/main.css HTTP/1.1" 200 4163 www.mosproyectos.com.mx "https://www.mosproyectos.com.mx/" "Mozilla/5.0 (X11; Linux x86_64) AppleWebKit/537.36 (KHTML, like Gecko) Chrome/67.0.3396.99 Safari/537.36" "-"
187.151.220.124 - - [30/Aug/2018:09:10:10 -0500] "GET /MOS%20Proyectos_files/bar.css HTTP/1.1" 200 1867 www.mosproyectos.com.mx "https://www.mosproyectos.com.mx/" "Mozilla/5.0 (X11; Linux x86_64) AppleWebKit/537.36 (KHTML, like Gecko) Chrome/67.0.3396.99 Safari/537.36" "-"
187.151.220.124 - - [30/Aug/2018:09:10:10 -0500] "GET /MOS%20Proyectos_files/uno.css HTTP/1.1" 200 3592 www.mosproyectos.com.mx "https://www.mosproyectos.com.mx/" "Mozilla/5.0 (X11; Linux x86_64) AppleWebKit/537.36 (KHTML, like Gecko) Chrome/67.0.3396.99 Safari/537.36" "-"
187.151.220.124 - - [30/Aug/2018:09:10:10 -0500] "GET /MOS%20Proyectos_files/dos.css HTTP/1.1" 200 2236 www.mosproyectos.com.mx "https://www.mosproyectos.com.mx/" "Mozilla/5.0 (X11; Linux x86_64) AppleWebKit/537.36 (KHTML, like Gecko) Chrome/67.0.3396.99 Safari/537.36" "-"
187.151.220.124 - - [30/Aug/2018:09:10:10 -0500] "GET /css/font-awesome.min.css HTTP/1.1" 200 31000 www.mosproyectos.com.mx "https://www.mosproyectos.com.mx/" "Mozilla/5.0 (X11; Linux x86_64) AppleWebKit/537.36 (KHTML, like Gecko) Chrome/67.0.3396.99 Safari/537.36" "-"
187.151.220.124 - - [30/Aug/2018:09:10:12 -0500] "GET /MOS%20Proyectos_files/mos.jpg HTTP/1.1" 200 510233 www.mosproyectos.com.mx "https://www.mosproyectos.com.mx/" "Mozilla/5.0 (X11; Linux x86_64) AppleWebKit/537.36 (KHTML, like Gecko) Chrome/67.0.3396.99 Safari/537.36" "-"
187.151.220.124 - - [30/Aug/2018:09:10:12 -0500] "GET /MOS%20Proyectos_files/mos3.jpg HTTP/1.1" 200 447249 www.mosproyectos.com.mx "https://www.mosproyectos.com.mx/" "Mozilla/5.0 (X11; Linux x86_64) AppleWebKit/537.36 (KHTML, like Gecko) Chrome/67.0.3396.99 Safari/537.36" "-"
187.151.220.124 - - [30/Aug/2018:09:10:12 -0500] "GET /MOS%20Proyectos_files/smoothscroll.js.descarga HTTP/1.1" 200 4474 www.mosproyectos.com.mx "https://www.mosproyectos.com.mx/" "Mozilla/5.0 (X11; Linux x86_64) AppleWebKit/537.36 (KHTML, like Gecko) Chrome/67.0.3396.99 Safari/537.36" "-"
187.151.220.124 - - [30/Aug/2018:09:10:12 -0500] "GET /MOS%20Proyectos_files/portadachoco.jpg HTTP/1.1" 200 501754 www.mosproyectos.com.mx "https://www.mosproyectos.com.mx/" "Mozilla/5.0 (X11; Linux x86_64) AppleWebKit/537.36 (KHTML, like Gecko) Chrome/67.0.3396.99 Safari/537.36" "-"
187.151.220.124 - - [30/Aug/2018:09:10:12 -0500] "GET /MOS%20Proyectos_files/microsoft.png HTTP/1.1" 200 13376 www.mosproyectos.com.mx "https://www.mosproyectos.com.mx/" "Mozilla/5.0 (X11; Linux x86_64) AppleWebKit/537.36 (KHTML, like Gecko) Chrome/67.0.3396.99 Safari/537.36" "-"
187.151.220.124 - - [30/Aug/2018:09:10:12 -0500] "GET /MOS%20Proyectos_files/panduit.png HTTP/1.1" 200 73194 www.mosproyectos.com.mx "https://www.mosproyectos.com.mx/" "Mozilla/5.0 (X11; Linux x86_64) AppleWebKit/537.36 (KHTML, like Gecko) Chrome/67.0.3396.99 Safari/537.36" "-"
187.151.220.124 - - [30/Aug/2018:09:10:12 -0500] "GET /MOS%20Proyectos_files/hp.jpg HTTP/1.1" 200 45277 www.mosproyectos.com.mx "https://www.mosproyectos.com.mx/" "Mozilla/5.0 (X11; Linux x86_64) AppleWebKit/537.36 (KHTML, like Gecko) Chrome/67.0.3396.99 Safari/537.36" "-"
187.151.220.124 - - [30/Aug/2018:09:10:12 -0500] "GET /MOS%20Proyectos_files/app.js.descarga HTTP/1.1" 200 3019656 www.mosproyectos.com.mx "https://www.mosproyectos.com.mx/" "Mozilla/5.0 (X11; Linux x86_64) AppleWebKit/537.36 (KHTML, like Gecko) Chrome/67.0.3396.99 Safari/537.36" "-"
187.151.220.124 - - [30/Aug/2018:09:10:12 -0500] "GET /fonts/fontawesome-webfont.woff2?v=4.7.0 HTTP/1.1" 200 77160 www.mosproyectos.com.mx "https://www.mosproyectos.com.mx/css/font-awesome.min.css" "Mozilla/5.0 (X11; Linux x86_64) AppleWebKit/537.36 (KHTML, like Gecko) Chrome/67.0.3396.99 Safari/537.36" "-"
187.151.220.124 - - [30/Aug/2018:09:10:13 -0500] "GET /MOS%20Proyectos_files/cisco.jpg HTTP/1.1" 200 25649 www.mosproyectos.com.mx "https://www.mosproyectos.com.mx/" "Mozilla/5.0 (X11; Linux x86_64) AppleWebKit/537.36 (KHTML, like Gecko) Chrome/67.0.3396.99 Safari/537.36" "-"
